14:00:21 **** Incremental Build of configuration Debug for project pacman ****
make pre-build main-build 
a9-linaro-pre-build-step
 
Building file: ../src/sources/led_matrix.c
Invoking: ARM v7 gcc compiler
arm-none-eabi-gcc -Wall -O0 -g3 -c -fmessage-length=0 -MT"src/sources/led_matrix.o" -mcpu=cortex-a9 -mfpu=vfpv3 -mfloat-abi=hard -I../../pacman_bsp/ps7_cortexa9_0/include -MMD -MP -MF"src/sources/led_matrix.d" -MT"src/sources/led_matrix.o" -o "src/sources/led_matrix.o" "../src/sources/led_matrix.c"
In file included from ../src/sources/../headers/led_matrix.h:14:0,
                 from ../src/sources/led_matrix.c:8:
../src/sources/../headers/types.h:25:0: warning: "FALSE" redefined
 #define FALSE 0
 
In file included from ../../pacman_bsp/ps7_cortexa9_0/include/xbram.h:136:0,
                 from ../src/sources/../headers/led_matrix.h:12,
                 from ../src/sources/led_matrix.c:8:
../../pacman_bsp/ps7_cortexa9_0/include/xil_types.h:69:0: note: this is the location of the previous definition
 #  define FALSE  0U
 
In file included from ../src/sources/../headers/led_matrix.h:14:0,
                 from ../src/sources/led_matrix.c:8:
../src/sources/../headers/types.h:26:0: warning: "TRUE" redefined
 #define TRUE 1
 
In file included from ../../pacman_bsp/ps7_cortexa9_0/include/xbram.h:136:0,
                 from ../src/sources/../headers/led_matrix.h:12,
                 from ../src/sources/led_matrix.c:8:
../../pacman_bsp/ps7_cortexa9_0/include/xil_types.h:65:0: note: this is the location of the previous definition
 #  define TRUE  1U
 
../src/sources/led_matrix.c: In function 'writeAllPixelToDevice':
../src/sources/led_matrix.c:93:10: error: expected expression before '{' token
    pos = {.x = x, .y = y};
          ^
In file included from ../src/sources/../headers/entity.h:14:0,
                 from ../src/sources/../headers/led_matrix.h:15,
                 from ../src/sources/led_matrix.c:8:
At top level:
../src/sources/../headers/score.h:17:13: warning: 'highscore' defined but not used [-Wunused-variable]
 static ui16 highscore = 0;
             ^~~~~~~~~
../src/sources/../headers/score.h:16:13: warning: 'score' defined but not used [-Wunused-variable]
 static ui16 score = 0;
             ^~~~~
In file included from ../src/sources/../headers/entity.h:13:0,
                 from ../src/sources/../headers/led_matrix.h:15,
                 from ../src/sources/led_matrix.c:8:
../src/sources/../headers/world.h:85:12: warning: 'gameOver' defined but not used [-Wunused-variable]
 static ui8 gameOver[WIDTH][HEIGHT] = {
            ^~~~~~~~
src/sources/subdir.mk:30: recipe for target 'src/sources/led_matrix.o' failed
make: *** [src/sources/led_matrix.o] Error 1
14:00:36 **** Auto Build of configuration Debug for project pacman ****
make pre-build main-build 
a9-linaro-pre-build-step
 
Building file: ../src/sources/led_matrix.c
Invoking: ARM v7 gcc compiler
arm-none-eabi-gcc -Wall -O0 -g3 -c -fmessage-length=0 -MT"src/sources/led_matrix.o" -mcpu=cortex-a9 -mfpu=vfpv3 -mfloat-abi=hard -I../../pacman_bsp/ps7_cortexa9_0/include -MMD -MP -MF"src/sources/led_matrix.d" -MT"src/sources/led_matrix.o" -o "src/sources/led_matrix.o" "../src/sources/led_matrix.c"
In file included from ../src/sources/../headers/led_matrix.h:14:0,
                 from ../src/sources/led_matrix.c:8:
../src/sources/../headers/types.h:25:0: warning: "FALSE" redefined
 #define FALSE 0
 
In file included from ../../pacman_bsp/ps7_cortexa9_0/include/xbram.h:136:0,
                 from ../src/sources/../headers/led_matrix.h:12,
                 from ../src/sources/led_matrix.c:8:
../../pacman_bsp/ps7_cortexa9_0/include/xil_types.h:69:0: note: this is the location of the previous definition
 #  define FALSE  0U
 
In file included from ../src/sources/../headers/led_matrix.h:14:0,
                 from ../src/sources/led_matrix.c:8:
../src/sources/../headers/types.h:26:0: warning: "TRUE" redefined
 #define TRUE 1
 
In file included from ../../pacman_bsp/ps7_cortexa9_0/include/xbram.h:136:0,
                 from ../src/sources/../headers/led_matrix.h:12,
                 from ../src/sources/led_matrix.c:8:
../../pacman_bsp/ps7_cortexa9_0/include/xil_types.h:65:0: note: this is the location of the previous definition
 #  define TRUE  1U
 
In file included from ../src/sources/../headers/entity.h:14:0,
                 from ../src/sources/../headers/led_matrix.h:15,
                 from ../src/sources/led_matrix.c:8:
../src/sources/../headers/score.h:17:13: warning: 'highscore' defined but not used [-Wunused-variable]
 static ui16 highscore = 0;
             ^~~~~~~~~
../src/sources/../headers/score.h:16:13: warning: 'score' defined but not used [-Wunused-variable]
 static ui16 score = 0;
             ^~~~~
In file included from ../src/sources/../headers/entity.h:13:0,
                 from ../src/sources/../headers/led_matrix.h:15,
                 from ../src/sources/led_matrix.c:8:
../src/sources/../headers/world.h:85:12: warning: 'gameOver' defined but not used [-Wunused-variable]
 static ui8 gameOver[WIDTH][HEIGHT] = {
            ^~~~~~~~
Finished building: ../src/sources/led_matrix.c
 
Building target: pacman.elf
Invoking: ARM v7 gcc linker
arm-none-eabi-gcc -mcpu=cortex-a9 -mfpu=vfpv3 -mfloat-abi=hard -Wl,-build-id=none -specs=Xilinx.spec -Wl,-T -Wl,../src/lscript.ld -L../../pacman_bsp/ps7_cortexa9_0/lib -o "pacman.elf"  ./src/sources/entity.o ./src/sources/food.o ./src/sources/led_matrix.o ./src/sources/score.o ./src/sources/world.o  ./src/main.o ./src/platform.o   -Wl,--start-group,-lxil,-lgcc,-lc,--end-group
Finished building target: pacman.elf
 
Invoking: ARM v7 Print Size
arm-none-eabi-size pacman.elf  |tee "pacman.elf.size"
   text	   data	    bss	    dec	    hex	filename
  80896	   2964	  23536	 107396	  1a384	pacman.elf
Finished building: pacman.elf.size
 
14:01:32 **** Auto Build of configuration Debug for project pacman ****
make pre-build main-build 
a9-linaro-pre-build-step
 
Building file: ../src/sources/led_matrix.c
Invoking: ARM v7 gcc compiler
arm-none-eabi-gcc -Wall -O0 -g3 -c -fmessage-length=0 -MT"src/sources/led_matrix.o" -mcpu=cortex-a9 -mfpu=vfpv3 -mfloat-abi=hard -I../../pacman_bsp/ps7_cortexa9_0/include -MMD -MP -MF"src/sources/led_matrix.d" -MT"src/sources/led_matrix.o" -o "src/sources/led_matrix.o" "../src/sources/led_matrix.c"
In file included from ../src/sources/../headers/led_matrix.h:14:0,
                 from ../src/sources/led_matrix.c:8:
../src/sources/../headers/types.h:25:0: warning: "FALSE" redefined
 #define FALSE 0
 
In file included from ../../pacman_bsp/ps7_cortexa9_0/include/xbram.h:136:0,
                 from ../src/sources/../headers/led_matrix.h:12,
                 from ../src/sources/led_matrix.c:8:
../../pacman_bsp/ps7_cortexa9_0/include/xil_types.h:69:0: note: this is the location of the previous definition
 #  define FALSE  0U
 
In file included from ../src/sources/../headers/led_matrix.h:14:0,
                 from ../src/sources/led_matrix.c:8:
../src/sources/../headers/types.h:26:0: warning: "TRUE" redefined
 #define TRUE 1
 
In file included from ../../pacman_bsp/ps7_cortexa9_0/include/xbram.h:136:0,
                 from ../src/sources/../headers/led_matrix.h:12,
                 from ../src/sources/led_matrix.c:8:
../../pacman_bsp/ps7_cortexa9_0/include/xil_types.h:65:0: note: this is the location of the previous definition
 #  define TRUE  1U
 
In file included from ../src/sources/../headers/entity.h:14:0,
                 from ../src/sources/../headers/led_matrix.h:15,
                 from ../src/sources/led_matrix.c:8:
../src/sources/../headers/score.h:17:13: warning: 'highscore' defined but not used [-Wunused-variable]
 static ui16 highscore = 0;
             ^~~~~~~~~
../src/sources/../headers/score.h:16:13: warning: 'score' defined but not used [-Wunused-variable]
 static ui16 score = 0;
             ^~~~~
In file included from ../src/sources/../headers/entity.h:13:0,
                 from ../src/sources/../headers/led_matrix.h:15,
                 from ../src/sources/led_matrix.c:8:
../src/sources/../headers/world.h:85:12: warning: 'gameOver' defined but not used [-Wunused-variable]
 static ui8 gameOver[WIDTH][HEIGHT] = {
            ^~~~~~~~
Finished building: ../src/sources/led_matrix.c
 
Building target: pacman.elf
Invoking: ARM v7 gcc linker
arm-none-eabi-gcc -mcpu=cortex-a9 -mfpu=vfpv3 -mfloat-abi=hard -Wl,-build-id=none -specs=Xilinx.spec -Wl,-T -Wl,../src/lscript.ld -L../../pacman_bsp/ps7_cortexa9_0/lib -o "pacman.elf"  ./src/sources/entity.o ./src/sources/food.o ./src/sources/led_matrix.o ./src/sources/score.o ./src/sources/world.o  ./src/main.o ./src/platform.o   -Wl,--start-group,-lxil,-lgcc,-lc,--end-group
Finished building target: pacman.elf
 
Invoking: ARM v7 Print Size
arm-none-eabi-size pacman.elf  |tee "pacman.elf.size"
   text	   data	    bss	    dec	    hex	filename
  80896	   2964	  23536	 107396	  1a384	pacman.elf
Finished building: pacman.elf.size
 
14:01:35 **** Incremental Build of configuration Debug for project pacman ****
make pre-build main-build 
a9-linaro-pre-build-step
 
make: Nothing to be done for 'main-build'.
14:02:23 **** Auto Build of configuration Debug for project pacman ****
make pre-build main-build 
a9-linaro-pre-build-step
 
Building file: ../src/sources/led_matrix.c
Invoking: ARM v7 gcc compiler
arm-none-eabi-gcc -Wall -O0 -g3 -c -fmessage-length=0 -MT"src/sources/led_matrix.o" -mcpu=cortex-a9 -mfpu=vfpv3 -mfloat-abi=hard -I../../pacman_bsp/ps7_cortexa9_0/include -MMD -MP -MF"src/sources/led_matrix.d" -MT"src/sources/led_matrix.o" -o "src/sources/led_matrix.o" "../src/sources/led_matrix.c"
In file included from ../src/sources/../headers/led_matrix.h:14:0,
                 from ../src/sources/led_matrix.c:8:
../src/sources/../headers/types.h:25:0: warning: "FALSE" redefined
 #define FALSE 0
 
In file included from ../../pacman_bsp/ps7_cortexa9_0/include/xbram.h:136:0,
                 from ../src/sources/../headers/led_matrix.h:12,
                 from ../src/sources/led_matrix.c:8:
../../pacman_bsp/ps7_cortexa9_0/include/xil_types.h:69:0: note: this is the location of the previous definition
 #  define FALSE  0U
 
In file included from ../src/sources/../headers/led_matrix.h:14:0,
                 from ../src/sources/led_matrix.c:8:
../src/sources/../headers/types.h:26:0: warning: "TRUE" redefined
 #define TRUE 1
 
In file included from ../../pacman_bsp/ps7_cortexa9_0/include/xbram.h:136:0,
                 from ../src/sources/../headers/led_matrix.h:12,
                 from ../src/sources/led_matrix.c:8:
../../pacman_bsp/ps7_cortexa9_0/include/xil_types.h:65:0: note: this is the location of the previous definition
 #  define TRUE  1U
 
In file included from ../src/sources/../headers/entity.h:14:0,
                 from ../src/sources/../headers/led_matrix.h:15,
                 from ../src/sources/led_matrix.c:8:
../src/sources/../headers/score.h:17:13: warning: 'highscore' defined but not used [-Wunused-variable]
 static ui16 highscore = 0;
             ^~~~~~~~~
../src/sources/../headers/score.h:16:13: warning: 'score' defined but not used [-Wunused-variable]
 static ui16 score = 0;
             ^~~~~
In file included from ../src/sources/../headers/entity.h:13:0,
                 from ../src/sources/../headers/led_matrix.h:15,
                 from ../src/sources/led_matrix.c:8:
../src/sources/../headers/world.h:85:12: warning: 'gameOver' defined but not used [-Wunused-variable]
 static ui8 gameOver[WIDTH][HEIGHT] = {
            ^~~~~~~~
Finished building: ../src/sources/led_matrix.c
 
Building target: pacman.elf
Invoking: ARM v7 gcc linker
arm-none-eabi-gcc -mcpu=cortex-a9 -mfpu=vfpv3 -mfloat-abi=hard -Wl,-build-id=none -specs=Xilinx.spec -Wl,-T -Wl,../src/lscript.ld -L../../pacman_bsp/ps7_cortexa9_0/lib -o "pacman.elf"  ./src/sources/entity.o ./src/sources/food.o ./src/sources/led_matrix.o ./src/sources/score.o ./src/sources/world.o  ./src/main.o ./src/platform.o   -Wl,--start-group,-lxil,-lgcc,-lc,--end-group
Finished building target: pacman.elf
 
Invoking: ARM v7 Print Size
arm-none-eabi-size pacman.elf  |tee "pacman.elf.size"
   text	   data	    bss	    dec	    hex	filename
  80896	   2964	  23536	 107396	  1a384	pacman.elf
Finished building: pacman.elf.size
 
14:02:24 **** Incremental Build of configuration Debug for project pacman ****
make pre-build main-build 
a9-linaro-pre-build-step
 
make: Nothing to be done for 'main-build'.
14:02:40 **** Auto Build of configuration Debug for project pacman ****
make pre-build main-build 
a9-linaro-pre-build-step
 
Building file: ../src/sources/led_matrix.c
Invoking: ARM v7 gcc compiler
arm-none-eabi-gcc -Wall -O0 -g3 -c -fmessage-length=0 -MT"src/sources/led_matrix.o" -mcpu=cortex-a9 -mfpu=vfpv3 -mfloat-abi=hard -I../../pacman_bsp/ps7_cortexa9_0/include -MMD -MP -MF"src/sources/led_matrix.d" -MT"src/sources/led_matrix.o" -o "src/sources/led_matrix.o" "../src/sources/led_matrix.c"
In file included from ../src/sources/../headers/led_matrix.h:14:0,
                 from ../src/sources/led_matrix.c:8:
../src/sources/../headers/types.h:25:0: warning: "FALSE" redefined
 #define FALSE 0
 
In file included from ../../pacman_bsp/ps7_cortexa9_0/include/xbram.h:136:0,
                 from ../src/sources/../headers/led_matrix.h:12,
                 from ../src/sources/led_matrix.c:8:
../../pacman_bsp/ps7_cortexa9_0/include/xil_types.h:69:0: note: this is the location of the previous definition
 #  define FALSE  0U
 
In file included from ../src/sources/../headers/led_matrix.h:14:0,
                 from ../src/sources/led_matrix.c:8:
../src/sources/../headers/types.h:26:0: warning: "TRUE" redefined
 #define TRUE 1
 
In file included from ../../pacman_bsp/ps7_cortexa9_0/include/xbram.h:136:0,
                 from ../src/sources/../headers/led_matrix.h:12,
                 from ../src/sources/led_matrix.c:8:
../../pacman_bsp/ps7_cortexa9_0/include/xil_types.h:65:0: note: this is the location of the previous definition
 #  define TRUE  1U
 
In file included from ../src/sources/../headers/entity.h:14:0,
                 from ../src/sources/../headers/led_matrix.h:15,
                 from ../src/sources/led_matrix.c:8:
../src/sources/../headers/score.h:17:13: warning: 'highscore' defined but not used [-Wunused-variable]
 static ui16 highscore = 0;
             ^~~~~~~~~
../src/sources/../headers/score.h:16:13: warning: 'score' defined but not used [-Wunused-variable]
 static ui16 score = 0;
             ^~~~~
In file included from ../src/sources/../headers/entity.h:13:0,
                 from ../src/sources/../headers/led_matrix.h:15,
                 from ../src/sources/led_matrix.c:8:
../src/sources/../headers/world.h:85:12: warning: 'gameOver' defined but not used [-Wunused-variable]
 static ui8 gameOver[WIDTH][HEIGHT] = {
            ^~~~~~~~
Finished building: ../src/sources/led_matrix.c
 
Building target: pacman.elf
Invoking: ARM v7 gcc linker
arm-none-eabi-gcc -mcpu=cortex-a9 -mfpu=vfpv3 -mfloat-abi=hard -Wl,-build-id=none -specs=Xilinx.spec -Wl,-T -Wl,../src/lscript.ld -L../../pacman_bsp/ps7_cortexa9_0/lib -o "pacman.elf"  ./src/sources/entity.o ./src/sources/food.o ./src/sources/led_matrix.o ./src/sources/score.o ./src/sources/world.o  ./src/main.o ./src/platform.o   -Wl,--start-group,-lxil,-lgcc,-lc,--end-group
Finished building target: pacman.elf
 
Invoking: ARM v7 Print Size
arm-none-eabi-size pacman.elf  |tee "pacman.elf.size"
   text	   data	    bss	    dec	    hex	filename
  80896	   2964	  23536	 107396	  1a384	pacman.elf
Finished building: pacman.elf.size
 
14:03:25 **** Auto Build of configuration Debug for project pacman ****
make pre-build main-build 
a9-linaro-pre-build-step
 
Building file: ../src/sources/led_matrix.c
Invoking: ARM v7 gcc compiler
arm-none-eabi-gcc -Wall -O0 -g3 -c -fmessage-length=0 -MT"src/sources/led_matrix.o" -mcpu=cortex-a9 -mfpu=vfpv3 -mfloat-abi=hard -I../../pacman_bsp/ps7_cortexa9_0/include -MMD -MP -MF"src/sources/led_matrix.d" -MT"src/sources/led_matrix.o" -o "src/sources/led_matrix.o" "../src/sources/led_matrix.c"
In file included from ../src/sources/../headers/led_matrix.h:15:0,
                 from ../src/sources/led_matrix.c:8:
../src/sources/../headers/types.h:25:0: warning: "FALSE" redefined
 #define FALSE 0
 
In file included from ../../pacman_bsp/ps7_cortexa9_0/include/xbram.h:136:0,
                 from ../src/sources/../headers/led_matrix.h:13,
                 from ../src/sources/led_matrix.c:8:
../../pacman_bsp/ps7_cortexa9_0/include/xil_types.h:69:0: note: this is the location of the previous definition
 #  define FALSE  0U
 
In file included from ../src/sources/../headers/led_matrix.h:15:0,
                 from ../src/sources/led_matrix.c:8:
../src/sources/../headers/types.h:26:0: warning: "TRUE" redefined
 #define TRUE 1
 
In file included from ../../pacman_bsp/ps7_cortexa9_0/include/xbram.h:136:0,
                 from ../src/sources/../headers/led_matrix.h:13,
                 from ../src/sources/led_matrix.c:8:
../../pacman_bsp/ps7_cortexa9_0/include/xil_types.h:65:0: note: this is the location of the previous definition
 #  define TRUE  1U
 
In file included from ../src/sources/../headers/entity.h:14:0,
                 from ../src/sources/../headers/led_matrix.h:16,
                 from ../src/sources/led_matrix.c:8:
../src/sources/../headers/score.h:17:13: warning: 'highscore' defined but not used [-Wunused-variable]
 static ui16 highscore = 0;
             ^~~~~~~~~
../src/sources/../headers/score.h:16:13: warning: 'score' defined but not used [-Wunused-variable]
 static ui16 score = 0;
             ^~~~~
In file included from ../src/sources/../headers/entity.h:13:0,
                 from ../src/sources/../headers/led_matrix.h:16,
                 from ../src/sources/led_matrix.c:8:
../src/sources/../headers/world.h:85:12: warning: 'gameOver' defined but not used [-Wunused-variable]
 static ui8 gameOver[WIDTH][HEIGHT] = {
            ^~~~~~~~
Finished building: ../src/sources/led_matrix.c
 
Building target: pacman.elf
Invoking: ARM v7 gcc linker
arm-none-eabi-gcc -mcpu=cortex-a9 -mfpu=vfpv3 -mfloat-abi=hard -Wl,-build-id=none -specs=Xilinx.spec -Wl,-T -Wl,../src/lscript.ld -L../../pacman_bsp/ps7_cortexa9_0/lib -o "pacman.elf"  ./src/sources/entity.o ./src/sources/food.o ./src/sources/led_matrix.o ./src/sources/score.o ./src/sources/world.o  ./src/main.o ./src/platform.o   -Wl,--start-group,-lxil,-lgcc,-lc,--end-group
Finished building target: pacman.elf
 
Invoking: ARM v7 Print Size
arm-none-eabi-size pacman.elf  |tee "pacman.elf.size"
   text	   data	    bss	    dec	    hex	filename
  80896	   2964	  23536	 107396	  1a384	pacman.elf
Finished building: pacman.elf.size
 
14:03:32 **** Auto Build of configuration Debug for project pacman ****
make pre-build main-build 
a9-linaro-pre-build-step
 
Building file: ../src/sources/led_matrix.c
Invoking: ARM v7 gcc compiler
arm-none-eabi-gcc -Wall -O0 -g3 -c -fmessage-length=0 -MT"src/sources/led_matrix.o" -mcpu=cortex-a9 -mfpu=vfpv3 -mfloat-abi=hard -I../../pacman_bsp/ps7_cortexa9_0/include -MMD -MP -MF"src/sources/led_matrix.d" -MT"src/sources/led_matrix.o" -o "src/sources/led_matrix.o" "../src/sources/led_matrix.c"
In file included from ../src/sources/../headers/led_matrix.h:15:0,
                 from ../src/sources/led_matrix.c:8:
../src/sources/../headers/types.h:25:0: warning: "FALSE" redefined
 #define FALSE 0
 
In file included from ../../pacman_bsp/ps7_cortexa9_0/include/xbram.h:136:0,
                 from ../src/sources/../headers/led_matrix.h:13,
                 from ../src/sources/led_matrix.c:8:
../../pacman_bsp/ps7_cortexa9_0/include/xil_types.h:69:0: note: this is the location of the previous definition
 #  define FALSE  0U
 
In file included from ../src/sources/../headers/led_matrix.h:15:0,
                 from ../src/sources/led_matrix.c:8:
../src/sources/../headers/types.h:26:0: warning: "TRUE" redefined
 #define TRUE 1
 
In file included from ../../pacman_bsp/ps7_cortexa9_0/include/xbram.h:136:0,
                 from ../src/sources/../headers/led_matrix.h:13,
                 from ../src/sources/led_matrix.c:8:
../../pacman_bsp/ps7_cortexa9_0/include/xil_types.h:65:0: note: this is the location of the previous definition
 #  define TRUE  1U
 
In file included from ../src/sources/../headers/entity.h:14:0,
                 from ../src/sources/../headers/led_matrix.h:16,
                 from ../src/sources/led_matrix.c:8:
../src/sources/../headers/score.h:17:13: warning: 'highscore' defined but not used [-Wunused-variable]
 static ui16 highscore = 0;
             ^~~~~~~~~
../src/sources/../headers/score.h:16:13: warning: 'score' defined but not used [-Wunused-variable]
 static ui16 score = 0;
             ^~~~~
In file included from ../src/sources/../headers/entity.h:13:0,
                 from ../src/sources/../headers/led_matrix.h:16,
                 from ../src/sources/led_matrix.c:8:
../src/sources/../headers/world.h:85:12: warning: 'gameOver' defined but not used [-Wunused-variable]
 static ui8 gameOver[WIDTH][HEIGHT] = {
            ^~~~~~~~
Finished building: ../src/sources/led_matrix.c
 
Building target: pacman.elf
Invoking: ARM v7 gcc linker
arm-none-eabi-gcc -mcpu=cortex-a9 -mfpu=vfpv3 -mfloat-abi=hard -Wl,-build-id=none -specs=Xilinx.spec -Wl,-T -Wl,../src/lscript.ld -L../../pacman_bsp/ps7_cortexa9_0/lib -o "pacman.elf"  ./src/sources/entity.o ./src/sources/food.o ./src/sources/led_matrix.o ./src/sources/score.o ./src/sources/world.o  ./src/main.o ./src/platform.o   -Wl,--start-group,-lxil,-lgcc,-lc,--end-group
Finished building target: pacman.elf
 
Invoking: ARM v7 Print Size
arm-none-eabi-size pacman.elf  |tee "pacman.elf.size"
   text	   data	    bss	    dec	    hex	filename
  80896	   2964	  23536	 107396	  1a384	pacman.elf
Finished building: pacman.elf.size
 
14:03:45 **** Auto Build of configuration Debug for project pacman ****
make pre-build main-build 
a9-linaro-pre-build-step
 
Building file: ../src/sources/led_matrix.c
Invoking: ARM v7 gcc compiler
arm-none-eabi-gcc -Wall -O0 -g3 -c -fmessage-length=0 -MT"src/sources/led_matrix.o" -mcpu=cortex-a9 -mfpu=vfpv3 -mfloat-abi=hard -I../../pacman_bsp/ps7_cortexa9_0/include -MMD -MP -MF"src/sources/led_matrix.d" -MT"src/sources/led_matrix.o" -o "src/sources/led_matrix.o" "../src/sources/led_matrix.c"
In file included from ../src/sources/../headers/led_matrix.h:15:0,
                 from ../src/sources/led_matrix.c:9:
../src/sources/../headers/types.h:25:0: warning: "FALSE" redefined
 #define FALSE 0
 
In file included from ../../pacman_bsp/ps7_cortexa9_0/include/xbram.h:136:0,
                 from ../src/sources/../headers/led_matrix.h:13,
                 from ../src/sources/led_matrix.c:9:
../../pacman_bsp/ps7_cortexa9_0/include/xil_types.h:69:0: note: this is the location of the previous definition
 #  define FALSE  0U
 
In file included from ../src/sources/../headers/led_matrix.h:15:0,
                 from ../src/sources/led_matrix.c:9:
../src/sources/../headers/types.h:26:0: warning: "TRUE" redefined
 #define TRUE 1
 
In file included from ../../pacman_bsp/ps7_cortexa9_0/include/xbram.h:136:0,
                 from ../src/sources/../headers/led_matrix.h:13,
                 from ../src/sources/led_matrix.c:9:
../../pacman_bsp/ps7_cortexa9_0/include/xil_types.h:65:0: note: this is the location of the previous definition
 #  define TRUE  1U
 
In file included from ../src/sources/../headers/entity.h:14:0,
                 from ../src/sources/../headers/led_matrix.h:16,
                 from ../src/sources/led_matrix.c:9:
../src/sources/../headers/score.h:17:13: warning: 'highscore' defined but not used [-Wunused-variable]
 static ui16 highscore = 0;
             ^~~~~~~~~
../src/sources/../headers/score.h:16:13: warning: 'score' defined but not used [-Wunused-variable]
 static ui16 score = 0;
             ^~~~~
In file included from ../src/sources/../headers/entity.h:13:0,
                 from ../src/sources/../headers/led_matrix.h:16,
                 from ../src/sources/led_matrix.c:9:
../src/sources/../headers/world.h:85:12: warning: 'gameOver' defined but not used [-Wunused-variable]
 static ui8 gameOver[WIDTH][HEIGHT] = {
            ^~~~~~~~
Finished building: ../src/sources/led_matrix.c
 
Building target: pacman.elf
Invoking: ARM v7 gcc linker
arm-none-eabi-gcc -mcpu=cortex-a9 -mfpu=vfpv3 -mfloat-abi=hard -Wl,-build-id=none -specs=Xilinx.spec -Wl,-T -Wl,../src/lscript.ld -L../../pacman_bsp/ps7_cortexa9_0/lib -o "pacman.elf"  ./src/sources/entity.o ./src/sources/food.o ./src/sources/led_matrix.o ./src/sources/score.o ./src/sources/world.o  ./src/main.o ./src/platform.o   -Wl,--start-group,-lxil,-lgcc,-lc,--end-group
Finished building target: pacman.elf
 
Invoking: ARM v7 Print Size
arm-none-eabi-size pacman.elf  |tee "pacman.elf.size"
   text	   data	    bss	    dec	    hex	filename
  80896	   2964	  23536	 107396	  1a384	pacman.elf
Finished building: pacman.elf.size
 
14:03:55 **** Auto Build of configuration Debug for project pacman ****
make pre-build main-build 
a9-linaro-pre-build-step
 
Building file: ../src/sources/led_matrix.c
Invoking: ARM v7 gcc compiler
arm-none-eabi-gcc -Wall -O0 -g3 -c -fmessage-length=0 -MT"src/sources/led_matrix.o" -mcpu=cortex-a9 -mfpu=vfpv3 -mfloat-abi=hard -I../../pacman_bsp/ps7_cortexa9_0/include -MMD -MP -MF"src/sources/led_matrix.d" -MT"src/sources/led_matrix.o" -o "src/sources/led_matrix.o" "../src/sources/led_matrix.c"
In file included from ../src/sources/../headers/led_matrix.h:15:0,
                 from ../src/sources/led_matrix.c:9:
../src/sources/../headers/types.h:25:0: warning: "FALSE" redefined
 #define FALSE 0
 
In file included from ../../pacman_bsp/ps7_cortexa9_0/include/xbram.h:136:0,
                 from ../src/sources/../headers/led_matrix.h:13,
                 from ../src/sources/led_matrix.c:9:
../../pacman_bsp/ps7_cortexa9_0/include/xil_types.h:69:0: note: this is the location of the previous definition
 #  define FALSE  0U
 
In file included from ../src/sources/../headers/led_matrix.h:15:0,
                 from ../src/sources/led_matrix.c:9:
../src/sources/../headers/types.h:26:0: warning: "TRUE" redefined
 #define TRUE 1
 
In file included from ../../pacman_bsp/ps7_cortexa9_0/include/xbram.h:136:0,
                 from ../src/sources/../headers/led_matrix.h:13,
                 from ../src/sources/led_matrix.c:9:
../../pacman_bsp/ps7_cortexa9_0/include/xil_types.h:65:0: note: this is the location of the previous definition
 #  define TRUE  1U
 
In file included from ../src/sources/../headers/entity.h:14:0,
                 from ../src/sources/../headers/led_matrix.h:16,
                 from ../src/sources/led_matrix.c:9:
../src/sources/../headers/score.h:17:13: warning: 'highscore' defined but not used [-Wunused-variable]
 static ui16 highscore = 0;
             ^~~~~~~~~
../src/sources/../headers/score.h:16:13: warning: 'score' defined but not used [-Wunused-variable]
 static ui16 score = 0;
             ^~~~~
In file included from ../src/sources/../headers/entity.h:13:0,
                 from ../src/sources/../headers/led_matrix.h:16,
                 from ../src/sources/led_matrix.c:9:
../src/sources/../headers/world.h:85:12: warning: 'gameOver' defined but not used [-Wunused-variable]
 static ui8 gameOver[WIDTH][HEIGHT] = {
            ^~~~~~~~
Finished building: ../src/sources/led_matrix.c
 
Building target: pacman.elf
Invoking: ARM v7 gcc linker
arm-none-eabi-gcc -mcpu=cortex-a9 -mfpu=vfpv3 -mfloat-abi=hard -Wl,-build-id=none -specs=Xilinx.spec -Wl,-T -Wl,../src/lscript.ld -L../../pacman_bsp/ps7_cortexa9_0/lib -o "pacman.elf"  ./src/sources/entity.o ./src/sources/food.o ./src/sources/led_matrix.o ./src/sources/score.o ./src/sources/world.o  ./src/main.o ./src/platform.o   -Wl,--start-group,-lxil,-lgcc,-lc,--end-group
Finished building target: pacman.elf
 
Invoking: ARM v7 Print Size
arm-none-eabi-size pacman.elf  |tee "pacman.elf.size"
   text	   data	    bss	    dec	    hex	filename
  80896	   2964	  23536	 107396	  1a384	pacman.elf
Finished building: pacman.elf.size
 
14:04:57 **** Auto Build of configuration Debug for project pacman ****
make pre-build main-build 
a9-linaro-pre-build-step
 
Building file: ../src/sources/led_matrix.c
Invoking: ARM v7 gcc compiler
arm-none-eabi-gcc -Wall -O0 -g3 -c -fmessage-length=0 -MT"src/sources/led_matrix.o" -mcpu=cortex-a9 -mfpu=vfpv3 -mfloat-abi=hard -I../../pacman_bsp/ps7_cortexa9_0/include -MMD -MP -MF"src/sources/led_matrix.d" -MT"src/sources/led_matrix.o" -o "src/sources/led_matrix.o" "../src/sources/led_matrix.c"
In file included from ../src/sources/../headers/led_matrix.h:15:0,
                 from ../src/sources/led_matrix.c:9:
../src/sources/../headers/types.h:25:0: warning: "FALSE" redefined
 #define FALSE 0
 
In file included from ../../pacman_bsp/ps7_cortexa9_0/include/xbram.h:136:0,
                 from ../src/sources/../headers/led_matrix.h:13,
                 from ../src/sources/led_matrix.c:9:
../../pacman_bsp/ps7_cortexa9_0/include/xil_types.h:69:0: note: this is the location of the previous definition
 #  define FALSE  0U
 
In file included from ../src/sources/../headers/led_matrix.h:15:0,
                 from ../src/sources/led_matrix.c:9:
../src/sources/../headers/types.h:26:0: warning: "TRUE" redefined
 #define TRUE 1
 
In file included from ../../pacman_bsp/ps7_cortexa9_0/include/xbram.h:136:0,
                 from ../src/sources/../headers/led_matrix.h:13,
                 from ../src/sources/led_matrix.c:9:
../../pacman_bsp/ps7_cortexa9_0/include/xil_types.h:65:0: note: this is the location of the previous definition
 #  define TRUE  1U
 
In file included from ../src/sources/../headers/entity.h:14:0,
                 from ../src/sources/../headers/led_matrix.h:16,
                 from ../src/sources/led_matrix.c:9:
../src/sources/../headers/score.h:17:13: warning: 'highscore' defined but not used [-Wunused-variable]
 static ui16 highscore = 0;
             ^~~~~~~~~
../src/sources/../headers/score.h:16:13: warning: 'score' defined but not used [-Wunused-variable]
 static ui16 score = 0;
             ^~~~~
In file included from ../src/sources/../headers/entity.h:13:0,
                 from ../src/sources/../headers/led_matrix.h:16,
                 from ../src/sources/led_matrix.c:9:
../src/sources/../headers/world.h:85:12: warning: 'gameOver' defined but not used [-Wunused-variable]
 static ui8 gameOver[WIDTH][HEIGHT] = {
            ^~~~~~~~
Finished building: ../src/sources/led_matrix.c
 
Building target: pacman.elf
Invoking: ARM v7 gcc linker
arm-none-eabi-gcc -mcpu=cortex-a9 -mfpu=vfpv3 -mfloat-abi=hard -Wl,-build-id=none -specs=Xilinx.spec -Wl,-T -Wl,../src/lscript.ld -L../../pacman_bsp/ps7_cortexa9_0/lib -o "pacman.elf"  ./src/sources/entity.o ./src/sources/food.o ./src/sources/led_matrix.o ./src/sources/score.o ./src/sources/world.o  ./src/main.o ./src/platform.o   -Wl,--start-group,-lxil,-lgcc,-lc,--end-group
Finished building target: pacman.elf
 
Invoking: ARM v7 Print Size
arm-none-eabi-size pacman.elf  |tee "pacman.elf.size"
   text	   data	    bss	    dec	    hex	filename
  80896	   2964	  23536	 107396	  1a384	pacman.elf
Finished building: pacman.elf.size
 
14:04:59 **** Incremental Build of configuration Debug for project pacman ****
make pre-build main-build 
a9-linaro-pre-build-step
 
make: Nothing to be done for 'main-build'.
14:05:46 **** Auto Build of configuration Debug for project pacman ****
make pre-build main-build 
a9-linaro-pre-build-step
 
Building file: ../src/sources/led_matrix.c
Invoking: ARM v7 gcc compiler
arm-none-eabi-gcc -Wall -O0 -g3 -c -fmessage-length=0 -MT"src/sources/led_matrix.o" -mcpu=cortex-a9 -mfpu=vfpv3 -mfloat-abi=hard -I../../pacman_bsp/ps7_cortexa9_0/include -MMD -MP -MF"src/sources/led_matrix.d" -MT"src/sources/led_matrix.o" -o "src/sources/led_matrix.o" "../src/sources/led_matrix.c"
In file included from ../src/sources/../headers/led_matrix.h:15:0,
                 from ../src/sources/led_matrix.c:9:
../src/sources/../headers/types.h:25:0: warning: "FALSE" redefined
 #define FALSE 0
 
In file included from ../../pacman_bsp/ps7_cortexa9_0/include/xbram.h:136:0,
                 from ../src/sources/../headers/led_matrix.h:13,
                 from ../src/sources/led_matrix.c:9:
../../pacman_bsp/ps7_cortexa9_0/include/xil_types.h:69:0: note: this is the location of the previous definition
 #  define FALSE  0U
 
In file included from ../src/sources/../headers/led_matrix.h:15:0,
                 from ../src/sources/led_matrix.c:9:
../src/sources/../headers/types.h:26:0: warning: "TRUE" redefined
 #define TRUE 1
 
In file included from ../../pacman_bsp/ps7_cortexa9_0/include/xbram.h:136:0,
                 from ../src/sources/../headers/led_matrix.h:13,
                 from ../src/sources/led_matrix.c:9:
../../pacman_bsp/ps7_cortexa9_0/include/xil_types.h:65:0: note: this is the location of the previous definition
 #  define TRUE  1U
 
In file included from ../src/sources/../headers/entity.h:14:0,
                 from ../src/sources/../headers/led_matrix.h:16,
                 from ../src/sources/led_matrix.c:9:
../src/sources/../headers/score.h:17:13: warning: 'highscore' defined but not used [-Wunused-variable]
 static ui16 highscore = 0;
             ^~~~~~~~~
../src/sources/../headers/score.h:16:13: warning: 'score' defined but not used [-Wunused-variable]
 static ui16 score = 0;
             ^~~~~
In file included from ../src/sources/../headers/entity.h:13:0,
                 from ../src/sources/../headers/led_matrix.h:16,
                 from ../src/sources/led_matrix.c:9:
../src/sources/../headers/world.h:85:12: warning: 'gameOver' defined but not used [-Wunused-variable]
 static ui8 gameOver[WIDTH][HEIGHT] = {
            ^~~~~~~~
Finished building: ../src/sources/led_matrix.c
 
Building target: pacman.elf
Invoking: ARM v7 gcc linker
arm-none-eabi-gcc -mcpu=cortex-a9 -mfpu=vfpv3 -mfloat-abi=hard -Wl,-build-id=none -specs=Xilinx.spec -Wl,-T -Wl,../src/lscript.ld -L../../pacman_bsp/ps7_cortexa9_0/lib -o "pacman.elf"  ./src/sources/entity.o ./src/sources/food.o ./src/sources/led_matrix.o ./src/sources/score.o ./src/sources/world.o  ./src/main.o ./src/platform.o   -Wl,--start-group,-lxil,-lgcc,-lc,--end-group
Finished building target: pacman.elf
 
Invoking: ARM v7 Print Size
arm-none-eabi-size pacman.elf  |tee "pacman.elf.size"
   text	   data	    bss	    dec	    hex	filename
  80896	   2964	  23536	 107396	  1a384	pacman.elf
Finished building: pacman.elf.size
 
14:06:13 **** Auto Build of configuration Debug for project pacman ****
make pre-build main-build 
a9-linaro-pre-build-step
 
Building file: ../src/sources/world.c
Invoking: ARM v7 gcc compiler
arm-none-eabi-gcc -Wall -O0 -g3 -c -fmessage-length=0 -MT"src/sources/world.o" -mcpu=cortex-a9 -mfpu=vfpv3 -mfloat-abi=hard -I../../pacman_bsp/ps7_cortexa9_0/include -MMD -MP -MF"src/sources/world.d" -MT"src/sources/world.o" -o "src/sources/world.o" "../src/sources/world.c"
Finished building: ../src/sources/world.c
 
Building target: pacman.elf
Invoking: ARM v7 gcc linker
arm-none-eabi-gcc -mcpu=cortex-a9 -mfpu=vfpv3 -mfloat-abi=hard -Wl,-build-id=none -specs=Xilinx.spec -Wl,-T -Wl,../src/lscript.ld -L../../pacman_bsp/ps7_cortexa9_0/lib -o "pacman.elf"  ./src/sources/entity.o ./src/sources/food.o ./src/sources/led_matrix.o ./src/sources/score.o ./src/sources/world.o  ./src/main.o ./src/platform.o   -Wl,--start-group,-lxil,-lgcc,-lc,--end-group
Finished building target: pacman.elf
 
Invoking: ARM v7 Print Size
arm-none-eabi-size pacman.elf  |tee "pacman.elf.size"
   text	   data	    bss	    dec	    hex	filename
  80896	   2964	  23536	 107396	  1a384	pacman.elf
Finished building: pacman.elf.size
 
14:06:16 **** Incremental Build of configuration Debug for project pacman ****
make pre-build main-build 
a9-linaro-pre-build-step
 
make: Nothing to be done for 'main-build'.
14:06:28 **** Auto Build of configuration Debug for project pacman ****
make pre-build main-build 
a9-linaro-pre-build-step
 
Building file: ../src/main.c
Invoking: ARM v7 gcc compiler
arm-none-eabi-gcc -Wall -O0 -g3 -c -fmessage-length=0 -MT"src/main.o" -mcpu=cortex-a9 -mfpu=vfpv3 -mfloat-abi=hard -I../../pacman_bsp/ps7_cortexa9_0/include -MMD -MP -MF"src/main.d" -MT"src/main.o" -o "src/main.o" "../src/main.c"
In file included from ../src/headers/entity.h:12:0,
                 from ../src/main.c:13:
../src/headers/types.h:25:0: warning: "FALSE" redefined
 #define FALSE 0
 
In file included from ../../pacman_bsp/ps7_cortexa9_0/include/xil_printf.h:11:0,
                 from ../src/main.c:7:
../../pacman_bsp/ps7_cortexa9_0/include/xil_types.h:69:0: note: this is the location of the previous definition
 #  define FALSE  0U
 
In file included from ../src/headers/entity.h:12:0,
                 from ../src/main.c:13:
../src/headers/types.h:26:0: warning: "TRUE" redefined
 #define TRUE 1
 
In file included from ../../pacman_bsp/ps7_cortexa9_0/include/xil_printf.h:11:0,
                 from ../src/main.c:7:
../../pacman_bsp/ps7_cortexa9_0/include/xil_types.h:65:0: note: this is the location of the previous definition
 #  define TRUE  1U
 
../src/main.c: In function 'main':
../src/main.c:27:5: warning: implicit declaration of function 'initLedMatrix' [-Wimplicit-function-declaration]
     initLedMatrix();
     ^~~~~~~~~~~~~
../src/main.c: In function 'pacman':
../src/main.c:126:3: warning: implicit declaration of function 'renderWorld'; did you mean 'render'? [-Wimplicit-function-declaration]
   renderWorld(&world);
   ^~~~~~~~~~~
   render
../src/main.c:181:3: warning: implicit declaration of function 'printGameoverScreen' [-Wimplicit-function-declaration]
   printGameoverScreen();            // Print game over screen
   ^~~~~~~~~~~~~~~~~~~
In file included from ../src/headers/entity.h:14:0,
                 from ../src/main.c:13:
At top level:
../src/headers/score.h:17:13: warning: 'highscore' defined but not used [-Wunused-variable]
 static ui16 highscore = 0;
             ^~~~~~~~~
../src/headers/score.h:16:13: warning: 'score' defined but not used [-Wunused-variable]
 static ui16 score = 0;
             ^~~~~
In file included from ../src/headers/entity.h:13:0,
                 from ../src/main.c:13:
../src/headers/world.h:85:12: warning: 'gameOver' defined but not used [-Wunused-variable]
 static ui8 gameOver[WIDTH][HEIGHT] = {
            ^~~~~~~~
Finished building: ../src/main.c
 
Building target: pacman.elf
Invoking: ARM v7 gcc linker
arm-none-eabi-gcc -mcpu=cortex-a9 -mfpu=vfpv3 -mfloat-abi=hard -Wl,-build-id=none -specs=Xilinx.spec -Wl,-T -Wl,../src/lscript.ld -L../../pacman_bsp/ps7_cortexa9_0/lib -o "pacman.elf"  ./src/sources/entity.o ./src/sources/food.o ./src/sources/led_matrix.o ./src/sources/score.o ./src/sources/world.o  ./src/main.o ./src/platform.o   -Wl,--start-group,-lxil,-lgcc,-lc,--end-group
Finished building target: pacman.elf
 
Invoking: ARM v7 Print Size
arm-none-eabi-size pacman.elf  |tee "pacman.elf.size"
   text	   data	    bss	    dec	    hex	filename
  80960	   2964	  23536	 107460	  1a3c4	pacman.elf
Finished building: pacman.elf.size
 
14:06:30 **** Incremental Build of configuration Debug for project pacman ****
make pre-build main-build 
a9-linaro-pre-build-step
 
make: Nothing to be done for 'main-build'.
14:07:31 **** Auto Build of configuration Debug for project pacman ****
make pre-build main-build 
a9-linaro-pre-build-step
 
Building file: ../src/sources/world.c
Invoking: ARM v7 gcc compiler
arm-none-eabi-gcc -Wall -O0 -g3 -c -fmessage-length=0 -MT"src/sources/world.o" -mcpu=cortex-a9 -mfpu=vfpv3 -mfloat-abi=hard -I../../pacman_bsp/ps7_cortexa9_0/include -MMD -MP -MF"src/sources/world.d" -MT"src/sources/world.o" -o "src/sources/world.o" "../src/sources/world.c"
Finished building: ../src/sources/world.c
 
Building target: pacman.elf
Invoking: ARM v7 gcc linker
arm-none-eabi-gcc -mcpu=cortex-a9 -mfpu=vfpv3 -mfloat-abi=hard -Wl,-build-id=none -specs=Xilinx.spec -Wl,-T -Wl,../src/lscript.ld -L../../pacman_bsp/ps7_cortexa9_0/lib -o "pacman.elf"  ./src/sources/entity.o ./src/sources/food.o ./src/sources/led_matrix.o ./src/sources/score.o ./src/sources/world.o  ./src/main.o ./src/platform.o   -Wl,--start-group,-lxil,-lgcc,-lc,--end-group
Finished building target: pacman.elf
 
Invoking: ARM v7 Print Size
arm-none-eabi-size pacman.elf  |tee "pacman.elf.size"
   text	   data	    bss	    dec	    hex	filename
  80960	   2964	  23536	 107460	  1a3c4	pacman.elf
Finished building: pacman.elf.size
 
14:07:34 **** Auto Build of configuration Debug for project pacman ****
make pre-build main-build 
a9-linaro-pre-build-step
 
Building file: ../src/sources/world.c
Invoking: ARM v7 gcc compiler
arm-none-eabi-gcc -Wall -O0 -g3 -c -fmessage-length=0 -MT"src/sources/world.o" -mcpu=cortex-a9 -mfpu=vfpv3 -mfloat-abi=hard -I../../pacman_bsp/ps7_cortexa9_0/include -MMD -MP -MF"src/sources/world.d" -MT"src/sources/world.o" -o "src/sources/world.o" "../src/sources/world.c"
Finished building: ../src/sources/world.c
 
Building target: pacman.elf
Invoking: ARM v7 gcc linker
arm-none-eabi-gcc -mcpu=cortex-a9 -mfpu=vfpv3 -mfloat-abi=hard -Wl,-build-id=none -specs=Xilinx.spec -Wl,-T -Wl,../src/lscript.ld -L../../pacman_bsp/ps7_cortexa9_0/lib -o "pacman.elf"  ./src/sources/entity.o ./src/sources/food.o ./src/sources/led_matrix.o ./src/sources/score.o ./src/sources/world.o  ./src/main.o ./src/platform.o   -Wl,--start-group,-lxil,-lgcc,-lc,--end-group
Finished building target: pacman.elf
 
Invoking: ARM v7 Print Size
arm-none-eabi-size pacman.elf  |tee "pacman.elf.size"
   text	   data	    bss	    dec	    hex	filename
  80960	   2964	  23536	 107460	  1a3c4	pacman.elf
Finished building: pacman.elf.size
 
14:07:36 **** Incremental Build of configuration Debug for project pacman ****
make pre-build main-build 
a9-linaro-pre-build-step
 
make: Nothing to be done for 'main-build'.
14:08:36 **** Auto Build of configuration Debug for project pacman ****
make pre-build main-build 
a9-linaro-pre-build-step
 
Building file: ../src/sources/world.c
Invoking: ARM v7 gcc compiler
arm-none-eabi-gcc -Wall -O0 -g3 -c -fmessage-length=0 -MT"src/sources/world.o" -mcpu=cortex-a9 -mfpu=vfpv3 -mfloat-abi=hard -I../../pacman_bsp/ps7_cortexa9_0/include -MMD -MP -MF"src/sources/world.d" -MT"src/sources/world.o" -o "src/sources/world.o" "../src/sources/world.c"
Finished building: ../src/sources/world.c
 
Building target: pacman.elf
Invoking: ARM v7 gcc linker
arm-none-eabi-gcc -mcpu=cortex-a9 -mfpu=vfpv3 -mfloat-abi=hard -Wl,-build-id=none -specs=Xilinx.spec -Wl,-T -Wl,../src/lscript.ld -L../../pacman_bsp/ps7_cortexa9_0/lib -o "pacman.elf"  ./src/sources/entity.o ./src/sources/food.o ./src/sources/led_matrix.o ./src/sources/score.o ./src/sources/world.o  ./src/main.o ./src/platform.o   -Wl,--start-group,-lxil,-lgcc,-lc,--end-group
Finished building target: pacman.elf
 
Invoking: ARM v7 Print Size
arm-none-eabi-size pacman.elf  |tee "pacman.elf.size"
   text	   data	    bss	    dec	    hex	filename
  80960	   2964	  23536	 107460	  1a3c4	pacman.elf
Finished building: pacman.elf.size
 
14:08:37 **** Incremental Build of configuration Debug for project pacman ****
make pre-build main-build 
a9-linaro-pre-build-step
 
make: Nothing to be done for 'main-build'.
14:09:09 **** Auto Build of configuration Debug for project pacman ****
make pre-build main-build 
a9-linaro-pre-build-step
 
Building file: ../src/sources/world.c
Invoking: ARM v7 gcc compiler
arm-none-eabi-gcc -Wall -O0 -g3 -c -fmessage-length=0 -MT"src/sources/world.o" -mcpu=cortex-a9 -mfpu=vfpv3 -mfloat-abi=hard -I../../pacman_bsp/ps7_cortexa9_0/include -MMD -MP -MF"src/sources/world.d" -MT"src/sources/world.o" -o "src/sources/world.o" "../src/sources/world.c"
Finished building: ../src/sources/world.c
 
Building target: pacman.elf
Invoking: ARM v7 gcc linker
arm-none-eabi-gcc -mcpu=cortex-a9 -mfpu=vfpv3 -mfloat-abi=hard -Wl,-build-id=none -specs=Xilinx.spec -Wl,-T -Wl,../src/lscript.ld -L../../pacman_bsp/ps7_cortexa9_0/lib -o "pacman.elf"  ./src/sources/entity.o ./src/sources/food.o ./src/sources/led_matrix.o ./src/sources/score.o ./src/sources/world.o  ./src/main.o ./src/platform.o   -Wl,--start-group,-lxil,-lgcc,-lc,--end-group
Finished building target: pacman.elf
 
Invoking: ARM v7 Print Size
arm-none-eabi-size pacman.elf  |tee "pacman.elf.size"
   text	   data	    bss	    dec	    hex	filename
  80960	   2964	  23536	 107460	  1a3c4	pacman.elf
Finished building: pacman.elf.size
 
14:09:14 **** Incremental Build of configuration Debug for project pacman ****
make pre-build main-build 
a9-linaro-pre-build-step
 
make: Nothing to be done for 'main-build'.
14:09:42 **** Auto Build of configuration Debug for project pacman ****
make pre-build main-build 
a9-linaro-pre-build-step
 
Building file: ../src/sources/world.c
Invoking: ARM v7 gcc compiler
arm-none-eabi-gcc -Wall -O0 -g3 -c -fmessage-length=0 -MT"src/sources/world.o" -mcpu=cortex-a9 -mfpu=vfpv3 -mfloat-abi=hard -I../../pacman_bsp/ps7_cortexa9_0/include -MMD -MP -MF"src/sources/world.d" -MT"src/sources/world.o" -o "src/sources/world.o" "../src/sources/world.c"
Finished building: ../src/sources/world.c
 
Building target: pacman.elf
Invoking: ARM v7 gcc linker
arm-none-eabi-gcc -mcpu=cortex-a9 -mfpu=vfpv3 -mfloat-abi=hard -Wl,-build-id=none -specs=Xilinx.spec -Wl,-T -Wl,../src/lscript.ld -L../../pacman_bsp/ps7_cortexa9_0/lib -o "pacman.elf"  ./src/sources/entity.o ./src/sources/food.o ./src/sources/led_matrix.o ./src/sources/score.o ./src/sources/world.o  ./src/main.o ./src/platform.o   -Wl,--start-group,-lxil,-lgcc,-lc,--end-group
Finished building target: pacman.elf
 
Invoking: ARM v7 Print Size
arm-none-eabi-size pacman.elf  |tee "pacman.elf.size"
   text	   data	    bss	    dec	    hex	filename
  80960	   2964	  23536	 107460	  1a3c4	pacman.elf
Finished building: pacman.elf.size
 
14:09:43 **** Incremental Build of configuration Debug for project pacman ****
make pre-build main-build 
a9-linaro-pre-build-step
 
make: Nothing to be done for 'main-build'.
14:10:11 **** Auto Build of configuration Debug for project pacman ****
make pre-build main-build 
a9-linaro-pre-build-step
 
Building file: ../src/sources/world.c
Invoking: ARM v7 gcc compiler
arm-none-eabi-gcc -Wall -O0 -g3 -c -fmessage-length=0 -MT"src/sources/world.o" -mcpu=cortex-a9 -mfpu=vfpv3 -mfloat-abi=hard -I../../pacman_bsp/ps7_cortexa9_0/include -MMD -MP -MF"src/sources/world.d" -MT"src/sources/world.o" -o "src/sources/world.o" "../src/sources/world.c"
Finished building: ../src/sources/world.c
 
Building target: pacman.elf
Invoking: ARM v7 gcc linker
arm-none-eabi-gcc -mcpu=cortex-a9 -mfpu=vfpv3 -mfloat-abi=hard -Wl,-build-id=none -specs=Xilinx.spec -Wl,-T -Wl,../src/lscript.ld -L../../pacman_bsp/ps7_cortexa9_0/lib -o "pacman.elf"  ./src/sources/entity.o ./src/sources/food.o ./src/sources/led_matrix.o ./src/sources/score.o ./src/sources/world.o  ./src/main.o ./src/platform.o   -Wl,--start-group,-lxil,-lgcc,-lc,--end-group
Finished building target: pacman.elf
 
Invoking: ARM v7 Print Size
arm-none-eabi-size pacman.elf  |tee "pacman.elf.size"
   text	   data	    bss	    dec	    hex	filename
  80960	   2964	  23536	 107460	  1a3c4	pacman.elf
Finished building: pacman.elf.size
 
14:10:14 **** Incremental Build of configuration Debug for project pacman ****
make pre-build main-build 
a9-linaro-pre-build-step
 
make: Nothing to be done for 'main-build'.
14:10:52 **** Auto Build of configuration Debug for project pacman ****
make pre-build main-build 
a9-linaro-pre-build-step
 
Building file: ../src/sources/world.c
Invoking: ARM v7 gcc compiler
arm-none-eabi-gcc -Wall -O0 -g3 -c -fmessage-length=0 -MT"src/sources/world.o" -mcpu=cortex-a9 -mfpu=vfpv3 -mfloat-abi=hard -I../../pacman_bsp/ps7_cortexa9_0/include -MMD -MP -MF"src/sources/world.d" -MT"src/sources/world.o" -o "src/sources/world.o" "../src/sources/world.c"
Finished building: ../src/sources/world.c
 
Building target: pacman.elf
Invoking: ARM v7 gcc linker
arm-none-eabi-gcc -mcpu=cortex-a9 -mfpu=vfpv3 -mfloat-abi=hard -Wl,-build-id=none -specs=Xilinx.spec -Wl,-T -Wl,../src/lscript.ld -L../../pacman_bsp/ps7_cortexa9_0/lib -o "pacman.elf"  ./src/sources/entity.o ./src/sources/food.o ./src/sources/led_matrix.o ./src/sources/score.o ./src/sources/world.o  ./src/main.o ./src/platform.o   -Wl,--start-group,-lxil,-lgcc,-lc,--end-group
Finished building target: pacman.elf
 
Invoking: ARM v7 Print Size
arm-none-eabi-size pacman.elf  |tee "pacman.elf.size"
   text	   data	    bss	    dec	    hex	filename
  80960	   2964	  23536	 107460	  1a3c4	pacman.elf
Finished building: pacman.elf.size
 
14:10:54 **** Incremental Build of configuration Debug for project pacman ****
make pre-build main-build 
a9-linaro-pre-build-step
 
make: Nothing to be done for 'main-build'.
14:11:06 **** Auto Build of configuration Debug for project pacman ****
make pre-build main-build 
a9-linaro-pre-build-step
 
Building file: ../src/sources/world.c
Invoking: ARM v7 gcc compiler
arm-none-eabi-gcc -Wall -O0 -g3 -c -fmessage-length=0 -MT"src/sources/world.o" -mcpu=cortex-a9 -mfpu=vfpv3 -mfloat-abi=hard -I../../pacman_bsp/ps7_cortexa9_0/include -MMD -MP -MF"src/sources/world.d" -MT"src/sources/world.o" -o "src/sources/world.o" "../src/sources/world.c"
Finished building: ../src/sources/world.c
 
Building target: pacman.elf
Invoking: ARM v7 gcc linker
arm-none-eabi-gcc -mcpu=cortex-a9 -mfpu=vfpv3 -mfloat-abi=hard -Wl,-build-id=none -specs=Xilinx.spec -Wl,-T -Wl,../src/lscript.ld -L../../pacman_bsp/ps7_cortexa9_0/lib -o "pacman.elf"  ./src/sources/entity.o ./src/sources/food.o ./src/sources/led_matrix.o ./src/sources/score.o ./src/sources/world.o  ./src/main.o ./src/platform.o   -Wl,--start-group,-lxil,-lgcc,-lc,--end-group
Finished building target: pacman.elf
 
Invoking: ARM v7 Print Size
arm-none-eabi-size pacman.elf  |tee "pacman.elf.size"
   text	   data	    bss	    dec	    hex	filename
  80960	   2964	  23536	 107460	  1a3c4	pacman.elf
Finished building: pacman.elf.size
 
14:13:07 **** Auto Build of configuration Debug for project pacman ****
make pre-build main-build 
a9-linaro-pre-build-step
 
Building file: ../src/sources/entity.c
Invoking: ARM v7 gcc compiler
arm-none-eabi-gcc -Wall -O0 -g3 -c -fmessage-length=0 -MT"src/sources/entity.o" -mcpu=cortex-a9 -mfpu=vfpv3 -mfloat-abi=hard -I../../pacman_bsp/ps7_cortexa9_0/include -MMD -MP -MF"src/sources/entity.d" -MT"src/sources/entity.o" -o "src/sources/entity.o" "../src/sources/entity.c"
In file included from ../src/sources/../headers/entity.h:14:0,
                 from ../src/sources/entity.c:9:
../src/sources/../headers/score.h:17:13: warning: 'highscore' defined but not used [-Wunused-variable]
 static ui16 highscore = 0;
             ^~~~~~~~~
../src/sources/../headers/score.h:16:13: warning: 'score' defined but not used [-Wunused-variable]
 static ui16 score = 0;
             ^~~~~
In file included from ../src/sources/../headers/entity.h:13:0,
                 from ../src/sources/entity.c:9:
../src/sources/../headers/world.h:85:12: warning: 'gameOver' defined but not used [-Wunused-variable]
 static ui8 gameOver[WIDTH][HEIGHT] = {
            ^~~~~~~~
Finished building: ../src/sources/entity.c
 
Building target: pacman.elf
Invoking: ARM v7 gcc linker
arm-none-eabi-gcc -mcpu=cortex-a9 -mfpu=vfpv3 -mfloat-abi=hard -Wl,-build-id=none -specs=Xilinx.spec -Wl,-T -Wl,../src/lscript.ld -L../../pacman_bsp/ps7_cortexa9_0/lib -o "pacman.elf"  ./src/sources/entity.o ./src/sources/food.o ./src/sources/led_matrix.o ./src/sources/score.o ./src/sources/world.o  ./src/main.o ./src/platform.o   -Wl,--start-group,-lxil,-lgcc,-lc,--end-group
Finished building target: pacman.elf
 
Invoking: ARM v7 Print Size
arm-none-eabi-size pacman.elf  |tee "pacman.elf.size"
   text	   data	    bss	    dec	    hex	filename
  80832	   2964	  23536	 107332	  1a344	pacman.elf
Finished building: pacman.elf.size
 
14:13:09 **** Incremental Build of configuration Debug for project pacman ****
make pre-build main-build 
a9-linaro-pre-build-step
 
make: Nothing to be done for 'main-build'.
14:14:07 **** Auto Build of configuration Debug for project pacman ****
make pre-build main-build 
a9-linaro-pre-build-step
 
Building file: ../src/sources/entity.c
Invoking: ARM v7 gcc compiler
arm-none-eabi-gcc -Wall -O0 -g3 -c -fmessage-length=0 -MT"src/sources/entity.o" -mcpu=cortex-a9 -mfpu=vfpv3 -mfloat-abi=hard -I../../pacman_bsp/ps7_cortexa9_0/include -MMD -MP -MF"src/sources/entity.d" -MT"src/sources/entity.o" -o "src/sources/entity.o" "../src/sources/entity.c"
In file included from ../src/sources/../headers/entity.h:14:0,
                 from ../src/sources/entity.c:9:
../src/sources/../headers/score.h:17:13: warning: 'highscore' defined but not used [-Wunused-variable]
 static ui16 highscore = 0;
             ^~~~~~~~~
../src/sources/../headers/score.h:16:13: warning: 'score' defined but not used [-Wunused-variable]
 static ui16 score = 0;
             ^~~~~
In file included from ../src/sources/../headers/entity.h:13:0,
                 from ../src/sources/entity.c:9:
../src/sources/../headers/world.h:85:12: warning: 'gameOver' defined but not used [-Wunused-variable]
 static ui8 gameOver[WIDTH][HEIGHT] = {
            ^~~~~~~~
Finished building: ../src/sources/entity.c
 
Building file: ../src/sources/food.c
Invoking: ARM v7 gcc compiler
arm-none-eabi-gcc -Wall -O0 -g3 -c -fmessage-length=0 -MT"src/sources/food.o" -mcpu=cortex-a9 -mfpu=vfpv3 -mfloat-abi=hard -I../../pacman_bsp/ps7_cortexa9_0/include -MMD -MP -MF"src/sources/food.d" -MT"src/sources/food.o" -o "src/sources/food.o" "../src/sources/food.c"
In file included from ../src/sources/../headers/food.h:14:0,
                 from ../src/sources/food.c:8:
../src/sources/../headers/world.h:85:12: warning: 'gameOver' defined but not used [-Wunused-variable]
 static ui8 gameOver[WIDTH][HEIGHT] = {
            ^~~~~~~~
Finished building: ../src/sources/food.c
 
Building file: ../src/sources/led_matrix.c
Invoking: ARM v7 gcc compiler
arm-none-eabi-gcc -Wall -O0 -g3 -c -fmessage-length=0 -MT"src/sources/led_matrix.o" -mcpu=cortex-a9 -mfpu=vfpv3 -mfloat-abi=hard -I../../pacman_bsp/ps7_cortexa9_0/include -MMD -MP -MF"src/sources/led_matrix.d" -MT"src/sources/led_matrix.o" -o "src/sources/led_matrix.o" "../src/sources/led_matrix.c"
In file included from ../src/sources/../headers/led_matrix.h:15:0,
                 from ../src/sources/led_matrix.c:9:
../src/sources/../headers/types.h:25:0: warning: "FALSE" redefined
 #define FALSE 0
 
In file included from ../../pacman_bsp/ps7_cortexa9_0/include/xbram.h:136:0,
                 from ../src/sources/../headers/led_matrix.h:13,
                 from ../src/sources/led_matrix.c:9:
../../pacman_bsp/ps7_cortexa9_0/include/xil_types.h:69:0: note: this is the location of the previous definition
 #  define FALSE  0U
 
In file included from ../src/sources/../headers/led_matrix.h:15:0,
                 from ../src/sources/led_matrix.c:9:
../src/sources/../headers/types.h:26:0: warning: "TRUE" redefined
 #define TRUE 1
 
In file included from ../../pacman_bsp/ps7_cortexa9_0/include/xbram.h:136:0,
                 from ../src/sources/../headers/led_matrix.h:13,
                 from ../src/sources/led_matrix.c:9:
../../pacman_bsp/ps7_cortexa9_0/include/xil_types.h:65:0: note: this is the location of the previous definition
 #  define TRUE  1U
 
In file included from ../src/sources/../headers/entity.h:14:0,
                 from ../src/sources/../headers/led_matrix.h:16,
                 from ../src/sources/led_matrix.c:9:
../src/sources/../headers/score.h:17:13: warning: 'highscore' defined but not used [-Wunused-variable]
 static ui16 highscore = 0;
             ^~~~~~~~~
../src/sources/../headers/score.h:16:13: warning: 'score' defined but not used [-Wunused-variable]
 static ui16 score = 0;
             ^~~~~
In file included from ../src/sources/../headers/entity.h:13:0,
                 from ../src/sources/../headers/led_matrix.h:16,
                 from ../src/sources/led_matrix.c:9:
../src/sources/../headers/world.h:85:12: warning: 'gameOver' defined but not used [-Wunused-variable]
 static ui8 gameOver[WIDTH][HEIGHT] = {
            ^~~~~~~~
Finished building: ../src/sources/led_matrix.c
 
Building file: ../src/sources/score.c
Invoking: ARM v7 gcc compiler
arm-none-eabi-gcc -Wall -O0 -g3 -c -fmessage-length=0 -MT"src/sources/score.o" -mcpu=cortex-a9 -mfpu=vfpv3 -mfloat-abi=hard -I../../pacman_bsp/ps7_cortexa9_0/include -MMD -MP -MF"src/sources/score.d" -MT"src/sources/score.o" -o "src/sources/score.o" "../src/sources/score.c"
In file included from ../src/sources/../headers/entity.h:13:0,
                 from ../src/sources/../headers/score.h:13,
                 from ../src/sources/score.c:9:
../src/sources/../headers/world.h:85:12: warning: 'gameOver' defined but not used [-Wunused-variable]
 static ui8 gameOver[WIDTH][HEIGHT] = {
            ^~~~~~~~
Finished building: ../src/sources/score.c
 
Building file: ../src/sources/world.c
Invoking: ARM v7 gcc compiler
arm-none-eabi-gcc -Wall -O0 -g3 -c -fmessage-length=0 -MT"src/sources/world.o" -mcpu=cortex-a9 -mfpu=vfpv3 -mfloat-abi=hard -I../../pacman_bsp/ps7_cortexa9_0/include -MMD -MP -MF"src/sources/world.d" -MT"src/sources/world.o" -o "src/sources/world.o" "../src/sources/world.c"
Finished building: ../src/sources/world.c
 
Building file: ../src/main.c
Invoking: ARM v7 gcc compiler
arm-none-eabi-gcc -Wall -O0 -g3 -c -fmessage-length=0 -MT"src/main.o" -mcpu=cortex-a9 -mfpu=vfpv3 -mfloat-abi=hard -I../../pacman_bsp/ps7_cortexa9_0/include -MMD -MP -MF"src/main.d" -MT"src/main.o" -o "src/main.o" "../src/main.c"
In file included from ../src/headers/entity.h:12:0,
                 from ../src/main.c:13:
../src/headers/types.h:25:0: warning: "FALSE" redefined
 #define FALSE 0
 
In file included from ../../pacman_bsp/ps7_cortexa9_0/include/xil_printf.h:11:0,
                 from ../src/main.c:7:
../../pacman_bsp/ps7_cortexa9_0/include/xil_types.h:69:0: note: this is the location of the previous definition
 #  define FALSE  0U
 
In file included from ../src/headers/entity.h:12:0,
                 from ../src/main.c:13:
../src/headers/types.h:26:0: warning: "TRUE" redefined
 #define TRUE 1
 
In file included from ../../pacman_bsp/ps7_cortexa9_0/include/xil_printf.h:11:0,
                 from ../src/main.c:7:
../../pacman_bsp/ps7_cortexa9_0/include/xil_types.h:65:0: note: this is the location of the previous definition
 #  define TRUE  1U
 
../src/main.c: In function 'main':
../src/main.c:27:5: warning: implicit declaration of function 'initLedMatrix' [-Wimplicit-function-declaration]
     initLedMatrix();
     ^~~~~~~~~~~~~
../src/main.c: In function 'pacman':
../src/main.c:126:3: warning: implicit declaration of function 'renderWorld'; did you mean 'render'? [-Wimplicit-function-declaration]
   renderWorld(&world);
   ^~~~~~~~~~~
   render
../src/main.c:181:3: warning: implicit declaration of function 'printGameoverScreen' [-Wimplicit-function-declaration]
   printGameoverScreen();            // Print game over screen
   ^~~~~~~~~~~~~~~~~~~
In file included from ../src/headers/entity.h:14:0,
                 from ../src/main.c:13:
At top level:
../src/headers/score.h:17:13: warning: 'highscore' defined but not used [-Wunused-variable]
 static ui16 highscore = 0;
             ^~~~~~~~~
../src/headers/score.h:16:13: warning: 'score' defined but not used [-Wunused-variable]
 static ui16 score = 0;
             ^~~~~
In file included from ../src/headers/entity.h:13:0,
                 from ../src/main.c:13:
../src/headers/world.h:85:12: warning: 'gameOver' defined but not used [-Wunused-variable]
 static ui8 gameOver[WIDTH][HEIGHT] = {
            ^~~~~~~~
Finished building: ../src/main.c
 
Building target: pacman.elf
Invoking: ARM v7 gcc linker
arm-none-eabi-gcc -mcpu=cortex-a9 -mfpu=vfpv3 -mfloat-abi=hard -Wl,-build-id=none -specs=Xilinx.spec -Wl,-T -Wl,../src/lscript.ld -L../../pacman_bsp/ps7_cortexa9_0/lib -o "pacman.elf"  ./src/sources/entity.o ./src/sources/food.o ./src/sources/led_matrix.o ./src/sources/score.o ./src/sources/world.o  ./src/main.o ./src/platform.o   -Wl,--start-group,-lxil,-lgcc,-lc,--end-group
Finished building target: pacman.elf
 
Invoking: ARM v7 Print Size
arm-none-eabi-size pacman.elf  |tee "pacman.elf.size"
   text	   data	    bss	    dec	    hex	filename
  80832	   2964	  23536	 107332	  1a344	pacman.elf
Finished building: pacman.elf.size
 
14:14:09 **** Incremental Build of configuration Debug for project pacman ****
make pre-build main-build 
a9-linaro-pre-build-step
 
make: Nothing to be done for 'main-build'.
14:15:38 **** Auto Build of configuration Debug for project pacman ****
make pre-build main-build 
a9-linaro-pre-build-step
 
Building file: ../src/sources/entity.c
Invoking: ARM v7 gcc compiler
arm-none-eabi-gcc -Wall -O0 -g3 -c -fmessage-length=0 -MT"src/sources/entity.o" -mcpu=cortex-a9 -mfpu=vfpv3 -mfloat-abi=hard -I../../pacman_bsp/ps7_cortexa9_0/include -MMD -MP -MF"src/sources/entity.d" -MT"src/sources/entity.o" -o "src/sources/entity.o" "../src/sources/entity.c"
In file included from ../src/sources/../headers/entity.h:14:0,
                 from ../src/sources/entity.c:9:
../src/sources/../headers/score.h:17:13: warning: 'highscore' defined but not used [-Wunused-variable]
 static ui16 highscore = 0;
             ^~~~~~~~~
../src/sources/../headers/score.h:16:13: warning: 'score' defined but not used [-Wunused-variable]
 static ui16 score = 0;
             ^~~~~
In file included from ../src/sources/../headers/entity.h:13:0,
                 from ../src/sources/entity.c:9:
../src/sources/../headers/world.h:85:12: warning: 'gameOver' defined but not used [-Wunused-variable]
 static ui8 gameOver[WIDTH][HEIGHT] = {
            ^~~~~~~~
Finished building: ../src/sources/entity.c
 
Building target: pacman.elf
Invoking: ARM v7 gcc linker
arm-none-eabi-gcc -mcpu=cortex-a9 -mfpu=vfpv3 -mfloat-abi=hard -Wl,-build-id=none -specs=Xilinx.spec -Wl,-T -Wl,../src/lscript.ld -L../../pacman_bsp/ps7_cortexa9_0/lib -o "pacman.elf"  ./src/sources/entity.o ./src/sources/food.o ./src/sources/led_matrix.o ./src/sources/score.o ./src/sources/world.o  ./src/main.o ./src/platform.o   -Wl,--start-group,-lxil,-lgcc,-lc,--end-group
Finished building target: pacman.elf
 
Invoking: ARM v7 Print Size
arm-none-eabi-size pacman.elf  |tee "pacman.elf.size"
   text	   data	    bss	    dec	    hex	filename
  80896	   2964	  23536	 107396	  1a384	pacman.elf
Finished building: pacman.elf.size
 
14:15:40 **** Incremental Build of configuration Debug for project pacman ****
make pre-build main-build 
a9-linaro-pre-build-step
 
make: Nothing to be done for 'main-build'.
14:16:23 **** Auto Build of configuration Debug for project pacman ****
make pre-build main-build 
a9-linaro-pre-build-step
 
Building file: ../src/sources/entity.c
Invoking: ARM v7 gcc compiler
arm-none-eabi-gcc -Wall -O0 -g3 -c -fmessage-length=0 -MT"src/sources/entity.o" -mcpu=cortex-a9 -mfpu=vfpv3 -mfloat-abi=hard -I../../pacman_bsp/ps7_cortexa9_0/include -MMD -MP -MF"src/sources/entity.d" -MT"src/sources/entity.o" -o "src/sources/entity.o" "../src/sources/entity.c"
In file included from ../src/sources/../headers/entity.h:14:0,
                 from ../src/sources/entity.c:9:
../src/sources/../headers/score.h:17:13: warning: 'highscore' defined but not used [-Wunused-variable]
 static ui16 highscore = 0;
             ^~~~~~~~~
../src/sources/../headers/score.h:16:13: warning: 'score' defined but not used [-Wunused-variable]
 static ui16 score = 0;
             ^~~~~
In file included from ../src/sources/../headers/entity.h:13:0,
                 from ../src/sources/entity.c:9:
../src/sources/../headers/world.h:85:12: warning: 'gameOver' defined but not used [-Wunused-variable]
 static ui8 gameOver[WIDTH][HEIGHT] = {
            ^~~~~~~~
Finished building: ../src/sources/entity.c
 
Building target: pacman.elf
Invoking: ARM v7 gcc linker
arm-none-eabi-gcc -mcpu=cortex-a9 -mfpu=vfpv3 -mfloat-abi=hard -Wl,-build-id=none -specs=Xilinx.spec -Wl,-T -Wl,../src/lscript.ld -L../../pacman_bsp/ps7_cortexa9_0/lib -o "pacman.elf"  ./src/sources/entity.o ./src/sources/food.o ./src/sources/led_matrix.o ./src/sources/score.o ./src/sources/world.o  ./src/main.o ./src/platform.o   -Wl,--start-group,-lxil,-lgcc,-lc,--end-group
Finished building target: pacman.elf
 
Invoking: ARM v7 Print Size
arm-none-eabi-size pacman.elf  |tee "pacman.elf.size"
   text	   data	    bss	    dec	    hex	filename
  80704	   2964	  23536	 107204	  1a2c4	pacman.elf
Finished building: pacman.elf.size
 
14:16:52 **** Incremental Build of configuration Debug for project pacman ****
make pre-build main-build 
a9-linaro-pre-build-step
 
make: Nothing to be done for 'main-build'.
14:17:12 **** Auto Build of configuration Debug for project pacman ****
make pre-build main-build 
a9-linaro-pre-build-step
 
Building file: ../src/sources/world.c
Invoking: ARM v7 gcc compiler
arm-none-eabi-gcc -Wall -O0 -g3 -c -fmessage-length=0 -MT"src/sources/world.o" -mcpu=cortex-a9 -mfpu=vfpv3 -mfloat-abi=hard -I../../pacman_bsp/ps7_cortexa9_0/include -MMD -MP -MF"src/sources/world.d" -MT"src/sources/world.o" -o "src/sources/world.o" "../src/sources/world.c"
Finished building: ../src/sources/world.c
 
Building target: pacman.elf
Invoking: ARM v7 gcc linker
arm-none-eabi-gcc -mcpu=cortex-a9 -mfpu=vfpv3 -mfloat-abi=hard -Wl,-build-id=none -specs=Xilinx.spec -Wl,-T -Wl,../src/lscript.ld -L../../pacman_bsp/ps7_cortexa9_0/lib -o "pacman.elf"  ./src/sources/entity.o ./src/sources/food.o ./src/sources/led_matrix.o ./src/sources/score.o ./src/sources/world.o  ./src/main.o ./src/platform.o   -Wl,--start-group,-lxil,-lgcc,-lc,--end-group
Finished building target: pacman.elf
 
Invoking: ARM v7 Print Size
arm-none-eabi-size pacman.elf  |tee "pacman.elf.size"
   text	   data	    bss	    dec	    hex	filename
  80704	   2964	  23536	 107204	  1a2c4	pacman.elf
Finished building: pacman.elf.size
 
14:17:16 **** Incremental Build of configuration Debug for project pacman ****
make pre-build main-build 
a9-linaro-pre-build-step
 
make: Nothing to be done for 'main-build'.
14:17:26 **** Auto Build of configuration Debug for project pacman ****
make pre-build main-build 
a9-linaro-pre-build-step
 
Building file: ../src/sources/world.c
Invoking: ARM v7 gcc compiler
arm-none-eabi-gcc -Wall -O0 -g3 -c -fmessage-length=0 -MT"src/sources/world.o" -mcpu=cortex-a9 -mfpu=vfpv3 -mfloat-abi=hard -I../../pacman_bsp/ps7_cortexa9_0/include -MMD -MP -MF"src/sources/world.d" -MT"src/sources/world.o" -o "src/sources/world.o" "../src/sources/world.c"
Finished building: ../src/sources/world.c
 
Building target: pacman.elf
Invoking: ARM v7 gcc linker
arm-none-eabi-gcc -mcpu=cortex-a9 -mfpu=vfpv3 -mfloat-abi=hard -Wl,-build-id=none -specs=Xilinx.spec -Wl,-T -Wl,../src/lscript.ld -L../../pacman_bsp/ps7_cortexa9_0/lib -o "pacman.elf"  ./src/sources/entity.o ./src/sources/food.o ./src/sources/led_matrix.o ./src/sources/score.o ./src/sources/world.o  ./src/main.o ./src/platform.o   -Wl,--start-group,-lxil,-lgcc,-lc,--end-group
Finished building target: pacman.elf
 
Invoking: ARM v7 Print Size
arm-none-eabi-size pacman.elf  |tee "pacman.elf.size"
   text	   data	    bss	    dec	    hex	filename
  80704	   2964	  23536	 107204	  1a2c4	pacman.elf
Finished building: pacman.elf.size
 
14:17:27 **** Incremental Build of configuration Debug for project pacman ****
make pre-build main-build 
a9-linaro-pre-build-step
 
make: Nothing to be done for 'main-build'.
14:17:34 **** Incremental Build of configuration Debug for project pacman ****
make pre-build main-build 
a9-linaro-pre-build-step
 
make: Nothing to be done for 'main-build'.
14:18:14 **** Auto Build of configuration Debug for project pacman ****
make pre-build main-build 
a9-linaro-pre-build-step
 
Building file: ../src/sources/led_matrix.c
Invoking: ARM v7 gcc compiler
arm-none-eabi-gcc -Wall -O0 -g3 -c -fmessage-length=0 -MT"src/sources/led_matrix.o" -mcpu=cortex-a9 -mfpu=vfpv3 -mfloat-abi=hard -I../../pacman_bsp/ps7_cortexa9_0/include -MMD -MP -MF"src/sources/led_matrix.d" -MT"src/sources/led_matrix.o" -o "src/sources/led_matrix.o" "../src/sources/led_matrix.c"
In file included from ../src/sources/../headers/led_matrix.h:15:0,
                 from ../src/sources/led_matrix.c:9:
../src/sources/../headers/types.h:25:0: warning: "FALSE" redefined
 #define FALSE 0
 
In file included from ../../pacman_bsp/ps7_cortexa9_0/include/xbram.h:136:0,
                 from ../src/sources/../headers/led_matrix.h:13,
                 from ../src/sources/led_matrix.c:9:
../../pacman_bsp/ps7_cortexa9_0/include/xil_types.h:69:0: note: this is the location of the previous definition
 #  define FALSE  0U
 
In file included from ../src/sources/../headers/led_matrix.h:15:0,
                 from ../src/sources/led_matrix.c:9:
../src/sources/../headers/types.h:26:0: warning: "TRUE" redefined
 #define TRUE 1
 
In file included from ../../pacman_bsp/ps7_cortexa9_0/include/xbram.h:136:0,
                 from ../src/sources/../headers/led_matrix.h:13,
                 from ../src/sources/led_matrix.c:9:
../../pacman_bsp/ps7_cortexa9_0/include/xil_types.h:65:0: note: this is the location of the previous definition
 #  define TRUE  1U
 
In file included from ../src/sources/../headers/entity.h:14:0,
                 from ../src/sources/../headers/led_matrix.h:16,
                 from ../src/sources/led_matrix.c:9:
../src/sources/../headers/score.h:17:13: warning: 'highscore' defined but not used [-Wunused-variable]
 static ui16 highscore = 0;
             ^~~~~~~~~
../src/sources/../headers/score.h:16:13: warning: 'score' defined but not used [-Wunused-variable]
 static ui16 score = 0;
             ^~~~~
In file included from ../src/sources/../headers/entity.h:13:0,
                 from ../src/sources/../headers/led_matrix.h:16,
                 from ../src/sources/led_matrix.c:9:
../src/sources/../headers/world.h:85:12: warning: 'gameOver' defined but not used [-Wunused-variable]
 static ui8 gameOver[WIDTH][HEIGHT] = {
            ^~~~~~~~
Finished building: ../src/sources/led_matrix.c
 
Building target: pacman.elf
Invoking: ARM v7 gcc linker
arm-none-eabi-gcc -mcpu=cortex-a9 -mfpu=vfpv3 -mfloat-abi=hard -Wl,-build-id=none -specs=Xilinx.spec -Wl,-T -Wl,../src/lscript.ld -L../../pacman_bsp/ps7_cortexa9_0/lib -o "pacman.elf"  ./src/sources/entity.o ./src/sources/food.o ./src/sources/led_matrix.o ./src/sources/score.o ./src/sources/world.o  ./src/main.o ./src/platform.o   -Wl,--start-group,-lxil,-lgcc,-lc,--end-group
Finished building target: pacman.elf
 
Invoking: ARM v7 Print Size
arm-none-eabi-size pacman.elf  |tee "pacman.elf.size"
   text	   data	    bss	    dec	    hex	filename
  80704	   2964	  23536	 107204	  1a2c4	pacman.elf
Finished building: pacman.elf.size
 
14:18:22 **** Auto Build of configuration Debug for project pacman ****
make pre-build main-build 
a9-linaro-pre-build-step
 
Building file: ../src/sources/led_matrix.c
Invoking: ARM v7 gcc compiler
arm-none-eabi-gcc -Wall -O0 -g3 -c -fmessage-length=0 -MT"src/sources/led_matrix.o" -mcpu=cortex-a9 -mfpu=vfpv3 -mfloat-abi=hard -I../../pacman_bsp/ps7_cortexa9_0/include -MMD -MP -MF"src/sources/led_matrix.d" -MT"src/sources/led_matrix.o" -o "src/sources/led_matrix.o" "../src/sources/led_matrix.c"
In file included from ../src/sources/../headers/led_matrix.h:15:0,
                 from ../src/sources/led_matrix.c:9:
../src/sources/../headers/types.h:25:0: warning: "FALSE" redefined
 #define FALSE 0
 
In file included from ../../pacman_bsp/ps7_cortexa9_0/include/xbram.h:136:0,
                 from ../src/sources/../headers/led_matrix.h:13,
                 from ../src/sources/led_matrix.c:9:
../../pacman_bsp/ps7_cortexa9_0/include/xil_types.h:69:0: note: this is the location of the previous definition
 #  define FALSE  0U
 
In file included from ../src/sources/../headers/led_matrix.h:15:0,
                 from ../src/sources/led_matrix.c:9:
../src/sources/../headers/types.h:26:0: warning: "TRUE" redefined
 #define TRUE 1
 
In file included from ../../pacman_bsp/ps7_cortexa9_0/include/xbram.h:136:0,
                 from ../src/sources/../headers/led_matrix.h:13,
                 from ../src/sources/led_matrix.c:9:
../../pacman_bsp/ps7_cortexa9_0/include/xil_types.h:65:0: note: this is the location of the previous definition
 #  define TRUE  1U
 
In file included from ../src/sources/../headers/entity.h:14:0,
                 from ../src/sources/../headers/led_matrix.h:16,
                 from ../src/sources/led_matrix.c:9:
../src/sources/../headers/score.h:17:13: warning: 'highscore' defined but not used [-Wunused-variable]
 static ui16 highscore = 0;
             ^~~~~~~~~
../src/sources/../headers/score.h:16:13: warning: 'score' defined but not used [-Wunused-variable]
 static ui16 score = 0;
             ^~~~~
In file included from ../src/sources/../headers/entity.h:13:0,
                 from ../src/sources/../headers/led_matrix.h:16,
                 from ../src/sources/led_matrix.c:9:
../src/sources/../headers/world.h:85:12: warning: 'gameOver' defined but not used [-Wunused-variable]
 static ui8 gameOver[WIDTH][HEIGHT] = {
            ^~~~~~~~
Finished building: ../src/sources/led_matrix.c
 
Building target: pacman.elf
Invoking: ARM v7 gcc linker
arm-none-eabi-gcc -mcpu=cortex-a9 -mfpu=vfpv3 -mfloat-abi=hard -Wl,-build-id=none -specs=Xilinx.spec -Wl,-T -Wl,../src/lscript.ld -L../../pacman_bsp/ps7_cortexa9_0/lib -o "pacman.elf"  ./src/sources/entity.o ./src/sources/food.o ./src/sources/led_matrix.o ./src/sources/score.o ./src/sources/world.o  ./src/main.o ./src/platform.o   -Wl,--start-group,-lxil,-lgcc,-lc,--end-group
Finished building target: pacman.elf
 
Invoking: ARM v7 Print Size
arm-none-eabi-size pacman.elf  |tee "pacman.elf.size"
   text	   data	    bss	    dec	    hex	filename
  80704	   2964	  23536	 107204	  1a2c4	pacman.elf
Finished building: pacman.elf.size
 
14:18:24 **** Incremental Build of configuration Debug for project pacman ****
make pre-build main-build 
a9-linaro-pre-build-step
 
Building file: ../src/sources/world.c
Invoking: ARM v7 gcc compiler
arm-none-eabi-gcc -Wall -O0 -g3 -c -fmessage-length=0 -MT"src/sources/world.o" -mcpu=cortex-a9 -mfpu=vfpv3 -mfloat-abi=hard -I../../pacman_bsp/ps7_cortexa9_0/include -MMD -MP -MF"src/sources/world.d" -MT"src/sources/world.o" -o "src/sources/world.o" "../src/sources/world.c"
Finished building: ../src/sources/world.c
 
Building target: pacman.elf
Invoking: ARM v7 gcc linker
arm-none-eabi-gcc -mcpu=cortex-a9 -mfpu=vfpv3 -mfloat-abi=hard -Wl,-build-id=none -specs=Xilinx.spec -Wl,-T -Wl,../src/lscript.ld -L../../pacman_bsp/ps7_cortexa9_0/lib -o "pacman.elf"  ./src/sources/entity.o ./src/sources/food.o ./src/sources/led_matrix.o ./src/sources/score.o ./src/sources/world.o  ./src/main.o ./src/platform.o   -Wl,--start-group,-lxil,-lgcc,-lc,--end-group
Finished building target: pacman.elf
 
Invoking: ARM v7 Print Size
arm-none-eabi-size pacman.elf  |tee "pacman.elf.size"
   text	   data	    bss	    dec	    hex	filename
  80704	   2964	  23536	 107204	  1a2c4	pacman.elf
Finished building: pacman.elf.size
 
14:18:38 **** Incremental Build of configuration Debug for project pacman ****
make pre-build main-build 
a9-linaro-pre-build-step
 
make: Nothing to be done for 'main-build'.
14:18:54 **** Auto Build of configuration Debug for project pacman ****
make pre-build main-build 
a9-linaro-pre-build-step
 
Building file: ../src/sources/led_matrix.c
Invoking: ARM v7 gcc compiler
arm-none-eabi-gcc -Wall -O0 -g3 -c -fmessage-length=0 -MT"src/sources/led_matrix.o" -mcpu=cortex-a9 -mfpu=vfpv3 -mfloat-abi=hard -I../../pacman_bsp/ps7_cortexa9_0/include -MMD -MP -MF"src/sources/led_matrix.d" -MT"src/sources/led_matrix.o" -o "src/sources/led_matrix.o" "../src/sources/led_matrix.c"
In file included from ../src/sources/../headers/led_matrix.h:15:0,
                 from ../src/sources/led_matrix.c:9:
../src/sources/../headers/types.h:25:0: warning: "FALSE" redefined
 #define FALSE 0
 
In file included from ../../pacman_bsp/ps7_cortexa9_0/include/xbram.h:136:0,
                 from ../src/sources/../headers/led_matrix.h:13,
                 from ../src/sources/led_matrix.c:9:
../../pacman_bsp/ps7_cortexa9_0/include/xil_types.h:69:0: note: this is the location of the previous definition
 #  define FALSE  0U
 
In file included from ../src/sources/../headers/led_matrix.h:15:0,
                 from ../src/sources/led_matrix.c:9:
../src/sources/../headers/types.h:26:0: warning: "TRUE" redefined
 #define TRUE 1
 
In file included from ../../pacman_bsp/ps7_cortexa9_0/include/xbram.h:136:0,
                 from ../src/sources/../headers/led_matrix.h:13,
                 from ../src/sources/led_matrix.c:9:
../../pacman_bsp/ps7_cortexa9_0/include/xil_types.h:65:0: note: this is the location of the previous definition
 #  define TRUE  1U
 
In file included from ../src/sources/../headers/entity.h:14:0,
                 from ../src/sources/../headers/led_matrix.h:16,
                 from ../src/sources/led_matrix.c:9:
../src/sources/../headers/score.h:17:13: warning: 'highscore' defined but not used [-Wunused-variable]
 static ui16 highscore = 0;
             ^~~~~~~~~
../src/sources/../headers/score.h:16:13: warning: 'score' defined but not used [-Wunused-variable]
 static ui16 score = 0;
             ^~~~~
In file included from ../src/sources/../headers/entity.h:13:0,
                 from ../src/sources/../headers/led_matrix.h:16,
                 from ../src/sources/led_matrix.c:9:
../src/sources/../headers/world.h:85:12: warning: 'gameOver' defined but not used [-Wunused-variable]
 static ui8 gameOver[WIDTH][HEIGHT] = {
            ^~~~~~~~
Finished building: ../src/sources/led_matrix.c
 
Building target: pacman.elf
Invoking: ARM v7 gcc linker
arm-none-eabi-gcc -mcpu=cortex-a9 -mfpu=vfpv3 -mfloat-abi=hard -Wl,-build-id=none -specs=Xilinx.spec -Wl,-T -Wl,../src/lscript.ld -L../../pacman_bsp/ps7_cortexa9_0/lib -o "pacman.elf"  ./src/sources/entity.o ./src/sources/food.o ./src/sources/led_matrix.o ./src/sources/score.o ./src/sources/world.o  ./src/main.o ./src/platform.o   -Wl,--start-group,-lxil,-lgcc,-lc,--end-group
Finished building target: pacman.elf
 
Invoking: ARM v7 Print Size
arm-none-eabi-size pacman.elf  |tee "pacman.elf.size"
   text	   data	    bss	    dec	    hex	filename
  80704	   2964	  23536	 107204	  1a2c4	pacman.elf
Finished building: pacman.elf.size
 
14:18:55 **** Incremental Build of configuration Debug for project pacman ****
make pre-build main-build 
a9-linaro-pre-build-step
 
make: Nothing to be done for 'main-build'.
14:19:10 **** Auto Build of configuration Debug for project pacman ****
make pre-build main-build 
a9-linaro-pre-build-step
 
Building file: ../src/sources/world.c
Invoking: ARM v7 gcc compiler
arm-none-eabi-gcc -Wall -O0 -g3 -c -fmessage-length=0 -MT"src/sources/world.o" -mcpu=cortex-a9 -mfpu=vfpv3 -mfloat-abi=hard -I../../pacman_bsp/ps7_cortexa9_0/include -MMD -MP -MF"src/sources/world.d" -MT"src/sources/world.o" -o "src/sources/world.o" "../src/sources/world.c"
Finished building: ../src/sources/world.c
 
Building target: pacman.elf
Invoking: ARM v7 gcc linker
arm-none-eabi-gcc -mcpu=cortex-a9 -mfpu=vfpv3 -mfloat-abi=hard -Wl,-build-id=none -specs=Xilinx.spec -Wl,-T -Wl,../src/lscript.ld -L../../pacman_bsp/ps7_cortexa9_0/lib -o "pacman.elf"  ./src/sources/entity.o ./src/sources/food.o ./src/sources/led_matrix.o ./src/sources/score.o ./src/sources/world.o  ./src/main.o ./src/platform.o   -Wl,--start-group,-lxil,-lgcc,-lc,--end-group
Finished building target: pacman.elf
 
Invoking: ARM v7 Print Size
arm-none-eabi-size pacman.elf  |tee "pacman.elf.size"
   text	   data	    bss	    dec	    hex	filename
  80704	   2964	  23536	 107204	  1a2c4	pacman.elf
Finished building: pacman.elf.size
 
14:19:11 **** Incremental Build of configuration Debug for project pacman ****
[...]
 #  define TRUE  1U
 
../src/main.c: In function 'main':
../src/main.c:30:5: warning: implicit declaration of function 'initLedMatrix' [-Wimplicit-function-declaration]
     initLedMatrix();
     ^~~~~~~~~~~~~
../src/main.c: In function 'pacman':
../src/main.c:79:2: warning: implicit declaration of function 'clearMemory'; did you mean 'clearerr'? [-Wimplicit-function-declaration]
  clearMemory();
  ^~~~~~~~~~~
  clearerr
../src/main.c:129:3: warning: implicit declaration of function 'renderWorld'; did you mean 'printWorld'? [-Wimplicit-function-declaration]
   renderWorld(&world);
   ^~~~~~~~~~~
   printWorld
../src/main.c:183:4: warning: implicit declaration of function 'usleep'; did you mean 'fseek'? [-Wimplicit-function-declaration]
    usleep(SLEEP_500ms);
    ^~~~~~
    fseek
../src/main.c:139:9: warning: unused variable 'move' [-Wunused-variable]
    char move = STANDSTILL;
         ^~~~
../src/main.c:187:3: warning: implicit declaration of function 'printGameoverScreen' [-Wimplicit-function-declaration]
   printGameoverScreen();            // Print game over screen
   ^~~~~~~~~~~~~~~~~~~
In file included from ../src/headers/entity.h:14:0,
                 from ../src/main.c:15:
At top level:
../src/headers/score.h:17:13: warning: 'highscore' defined but not used [-Wunused-variable]
 static ui16 highscore = 0;
             ^~~~~~~~~
../src/headers/score.h:16:13: warning: 'score' defined but not used [-Wunused-variable]
 static ui16 score = 0;
             ^~~~~
In file included from ../src/headers/entity.h:13:0,
                 from ../src/main.c:15:
../src/headers/world.h:85:12: warning: 'gameOver' defined but not used [-Wunused-variable]
 static ui8 gameOver[WIDTH][HEIGHT] = {
            ^~~~~~~~
Finished building: ../src/main.c
 
Building target: pacman.elf
Invoking: ARM v7 gcc linker
arm-none-eabi-gcc -mcpu=cortex-a9 -mfpu=vfpv3 -mfloat-abi=hard -Wl,-build-id=none -specs=Xilinx.spec -Wl,-T -Wl,../src/lscript.ld -L../../pacman_bsp/ps7_cortexa9_0/lib -o "pacman.elf"  ./src/sources/entity.o ./src/sources/food.o ./src/sources/led_matrix.o ./src/sources/score.o ./src/sources/world.o  ./src/main.o ./src/platform.o   -Wl,--start-group,-lxil,-lgcc,-lc,--end-group
./src/main.o: In function `pacman':
/home/jacoboffersen/Repos/EmbeddedProject/embedded.sdk/pacman/Debug/../src/main.c:79: undefined reference to `clearMemory'
makefile:40: recipe for target 'pacman.elf' failed
collect2: error: ld returned 1 exit status
make: *** [pacman.elf] Error 1
14:52:17 **** Auto Build of configuration Debug for project pacman ****
make pre-build main-build 
a9-linaro-pre-build-step
 
Building file: ../src/main.c
Invoking: ARM v7 gcc compiler
arm-none-eabi-gcc -Wall -O0 -g3 -c -fmessage-length=0 -MT"src/main.o" -mcpu=cortex-a9 -mfpu=vfpv3 -mfloat-abi=hard -I../../pacman_bsp/ps7_cortexa9_0/include -MMD -MP -MF"src/main.d" -MT"src/main.o" -o "src/main.o" "../src/main.c"
In file included from ../src/headers/entity.h:12:0,
                 from ../src/main.c:15:
../src/headers/types.h:25:0: warning: "FALSE" redefined
 #define FALSE 0
 
In file included from ../../pacman_bsp/ps7_cortexa9_0/include/xil_printf.h:11:0,
                 from ../src/main.c:7:
../../pacman_bsp/ps7_cortexa9_0/include/xil_types.h:69:0: note: this is the location of the previous definition
 #  define FALSE  0U
 
In file included from ../src/headers/entity.h:12:0,
                 from ../src/main.c:15:
../src/headers/types.h:26:0: warning: "TRUE" redefined
 #define TRUE 1
 
In file included from ../../pacman_bsp/ps7_cortexa9_0/include/xil_printf.h:11:0,
                 from ../src/main.c:7:
../../pacman_bsp/ps7_cortexa9_0/include/xil_types.h:65:0: note: this is the location of the previous definition
 #  define TRUE  1U
 
../src/main.c: In function 'main':
../src/main.c:30:5: warning: implicit declaration of function 'initLedMatrix' [-Wimplicit-function-declaration]
     initLedMatrix();
     ^~~~~~~~~~~~~
../src/main.c: In function 'pacman':
../src/main.c:128:3: warning: implicit declaration of function 'renderWorld'; did you mean 'printWorld'? [-Wimplicit-function-declaration]
   renderWorld(&world);
   ^~~~~~~~~~~
   printWorld
../src/main.c:182:4: warning: implicit declaration of function 'usleep'; did you mean 'fseek'? [-Wimplicit-function-declaration]
    usleep(SLEEP_500ms);
    ^~~~~~
    fseek
../src/main.c:138:9: warning: unused variable 'move' [-Wunused-variable]
    char move = STANDSTILL;
         ^~~~
../src/main.c:186:3: warning: implicit declaration of function 'printGameoverScreen' [-Wimplicit-function-declaration]
   printGameoverScreen();            // Print game over screen
   ^~~~~~~~~~~~~~~~~~~
In file included from ../src/headers/entity.h:14:0,
                 from ../src/main.c:15:
At top level:
../src/headers/score.h:17:13: warning: 'highscore' defined but not used [-Wunused-variable]
 static ui16 highscore = 0;
             ^~~~~~~~~
../src/headers/score.h:16:13: warning: 'score' defined but not used [-Wunused-variable]
 static ui16 score = 0;
             ^~~~~
In file included from ../src/headers/entity.h:13:0,
                 from ../src/main.c:15:
../src/headers/world.h:85:12: warning: 'gameOver' defined but not used [-Wunused-variable]
 static ui8 gameOver[WIDTH][HEIGHT] = {
            ^~~~~~~~
Finished building: ../src/main.c
 
Building target: pacman.elf
Invoking: ARM v7 gcc linker
arm-none-eabi-gcc -mcpu=cortex-a9 -mfpu=vfpv3 -mfloat-abi=hard -Wl,-build-id=none -specs=Xilinx.spec -Wl,-T -Wl,../src/lscript.ld -L../../pacman_bsp/ps7_cortexa9_0/lib -o "pacman.elf"  ./src/sources/entity.o ./src/sources/food.o ./src/sources/led_matrix.o ./src/sources/score.o ./src/sources/world.o  ./src/main.o ./src/platform.o   -Wl,--start-group,-lxil,-lgcc,-lc,--end-group
Finished building target: pacman.elf
 
Invoking: ARM v7 Print Size
arm-none-eabi-size pacman.elf  |tee "pacman.elf.size"
   text	   data	    bss	    dec	    hex	filename
  80796	   2964	  23536	 107296	  1a320	pacman.elf
Finished building: pacman.elf.size
 
14:52:18 **** Incremental Build of configuration Debug for project pacman ****
make pre-build main-build 
a9-linaro-pre-build-step
 
make: Nothing to be done for 'main-build'.
14:52:41 **** Incremental Build of configuration Debug for project pacman ****
make pre-build main-build 
a9-linaro-pre-build-step
 
Building file: ../src/main.c
Invoking: ARM v7 gcc compiler
arm-none-eabi-gcc -Wall -O0 -g3 -c -fmessage-length=0 -MT"src/main.o" -mcpu=cortex-a9 -mfpu=vfpv3 -mfloat-abi=hard -I../../pacman_bsp/ps7_cortexa9_0/include -MMD -MP -MF"src/main.d" -MT"src/main.o" -o "src/main.o" "../src/main.c"
In file included from ../src/headers/entity.h:12:0,
                 from ../src/main.c:15:
../src/headers/types.h:25:0: warning: "FALSE" redefined
 #define FALSE 0
 
In file included from ../../pacman_bsp/ps7_cortexa9_0/include/xil_printf.h:11:0,
                 from ../src/main.c:7:
../../pacman_bsp/ps7_cortexa9_0/include/xil_types.h:69:0: note: this is the location of the previous definition
 #  define FALSE  0U
 
In file included from ../src/headers/entity.h:12:0,
                 from ../src/main.c:15:
../src/headers/types.h:26:0: warning: "TRUE" redefined
 #define TRUE 1
 
In file included from ../../pacman_bsp/ps7_cortexa9_0/include/xil_printf.h:11:0,
                 from ../src/main.c:7:
../../pacman_bsp/ps7_cortexa9_0/include/xil_types.h:65:0: note: this is the location of the previous definition
 #  define TRUE  1U
 
../src/main.c: In function 'main':
../src/main.c:30:5: warning: implicit declaration of function 'initLedMatrix' [-Wimplicit-function-declaration]
     initLedMatrix();
     ^~~~~~~~~~~~~
../src/main.c: In function 'pacman':
../src/main.c:128:3: warning: implicit declaration of function 'renderWorld'; did you mean 'printWorld'? [-Wimplicit-function-declaration]
   renderWorld(&world);
   ^~~~~~~~~~~
   printWorld
../src/main.c:178:4: warning: implicit declaration of function 'usleep'; did you mean 'fseek'? [-Wimplicit-function-declaration]
    usleep(SLEEP_500ms);
    ^~~~~~
    fseek
../src/main.c:182:3: warning: implicit declaration of function 'printGameoverScreen' [-Wimplicit-function-declaration]
   printGameoverScreen();            // Print game over screen
   ^~~~~~~~~~~~~~~~~~~
In file included from ../src/headers/entity.h:14:0,
                 from ../src/main.c:15:
At top level:
../src/headers/score.h:17:13: warning: 'highscore' defined but not used [-Wunused-variable]
 static ui16 highscore = 0;
             ^~~~~~~~~
../src/headers/score.h:16:13: warning: 'score' defined but not used [-Wunused-variable]
 static ui16 score = 0;
             ^~~~~
In file included from ../src/headers/entity.h:13:0,
                 from ../src/main.c:15:
../src/headers/world.h:85:12: warning: 'gameOver' defined but not used [-Wunused-variable]
 static ui8 gameOver[WIDTH][HEIGHT] = {
            ^~~~~~~~
Finished building: ../src/main.c
 
Building target: pacman.elf
Invoking: ARM v7 gcc linker
arm-none-eabi-gcc -mcpu=cortex-a9 -mfpu=vfpv3 -mfloat-abi=hard -Wl,-build-id=none -specs=Xilinx.spec -Wl,-T -Wl,../src/lscript.ld -L../../pacman_bsp/ps7_cortexa9_0/lib -o "pacman.elf"  ./src/sources/entity.o ./src/sources/food.o ./src/sources/led_matrix.o ./src/sources/score.o ./src/sources/world.o  ./src/main.o ./src/platform.o   -Wl,--start-group,-lxil,-lgcc,-lc,--end-group
Finished building target: pacman.elf
 
Invoking: ARM v7 Print Size
arm-none-eabi-size pacman.elf  |tee "pacman.elf.size"
   text	   data	    bss	    dec	    hex	filename
  79960	   2964	  23536	 106460	  19fdc	pacman.elf
Finished building: pacman.elf.size
 
14:52:53 **** Auto Build of configuration Debug for project pacman ****
make pre-build main-build 
a9-linaro-pre-build-step
 
Building file: ../src/main.c
Invoking: ARM v7 gcc compiler
arm-none-eabi-gcc -Wall -O0 -g3 -c -fmessage-length=0 -MT"src/main.o" -mcpu=cortex-a9 -mfpu=vfpv3 -mfloat-abi=hard -I../../pacman_bsp/ps7_cortexa9_0/include -MMD -MP -MF"src/main.d" -MT"src/main.o" -o "src/main.o" "../src/main.c"
In file included from ../src/headers/entity.h:12:0,
                 from ../src/main.c:15:
../src/headers/types.h:25:0: warning: "FALSE" redefined
 #define FALSE 0
 
In file included from ../../pacman_bsp/ps7_cortexa9_0/include/xil_printf.h:11:0,
                 from ../src/main.c:7:
../../pacman_bsp/ps7_cortexa9_0/include/xil_types.h:69:0: note: this is the location of the previous definition
 #  define FALSE  0U
 
In file included from ../src/headers/entity.h:12:0,
                 from ../src/main.c:15:
../src/headers/types.h:26:0: warning: "TRUE" redefined
 #define TRUE 1
 
In file included from ../../pacman_bsp/ps7_cortexa9_0/include/xil_printf.h:11:0,
                 from ../src/main.c:7:
../../pacman_bsp/ps7_cortexa9_0/include/xil_types.h:65:0: note: this is the location of the previous definition
 #  define TRUE  1U
 
../src/main.c: In function 'main':
../src/main.c:30:5: warning: implicit declaration of function 'initLedMatrix' [-Wimplicit-function-declaration]
     initLedMatrix();
     ^~~~~~~~~~~~~
../src/main.c: In function 'pacman':
../src/main.c:128:3: warning: implicit declaration of function 'renderWorld'; did you mean 'printWorld'? [-Wimplicit-function-declaration]
   renderWorld(&world);
   ^~~~~~~~~~~
   printWorld
../src/main.c:178:4: warning: implicit declaration of function 'usleep'; did you mean 'fseek'? [-Wimplicit-function-declaration]
    usleep(SLEEP_500ms);
    ^~~~~~
    fseek
../src/main.c:182:3: warning: implicit declaration of function 'printGameoverScreen' [-Wimplicit-function-declaration]
   printGameoverScreen();            // Print game over screen
   ^~~~~~~~~~~~~~~~~~~
In file included from ../src/headers/entity.h:14:0,
                 from ../src/main.c:15:
At top level:
../src/headers/score.h:17:13: warning: 'highscore' defined but not used [-Wunused-variable]
 static ui16 highscore = 0;
             ^~~~~~~~~
../src/headers/score.h:16:13: warning: 'score' defined but not used [-Wunused-variable]
 static ui16 score = 0;
             ^~~~~
In file included from ../src/headers/entity.h:13:0,
                 from ../src/main.c:15:
../src/headers/world.h:85:12: warning: 'gameOver' defined but not used [-Wunused-variable]
 static ui8 gameOver[WIDTH][HEIGHT] = {
            ^~~~~~~~
Finished building: ../src/main.c
 
Building target: pacman.elf
Invoking: ARM v7 gcc linker
arm-none-eabi-gcc -mcpu=cortex-a9 -mfpu=vfpv3 -mfloat-abi=hard -Wl,-build-id=none -specs=Xilinx.spec -Wl,-T -Wl,../src/lscript.ld -L../../pacman_bsp/ps7_cortexa9_0/lib -o "pacman.elf"  ./src/sources/entity.o ./src/sources/food.o ./src/sources/led_matrix.o ./src/sources/score.o ./src/sources/world.o  ./src/main.o ./src/platform.o   -Wl,--start-group,-lxil,-lgcc,-lc,--end-group
Finished building target: pacman.elf
 
Invoking: ARM v7 Print Size
arm-none-eabi-size pacman.elf  |tee "pacman.elf.size"
   text	   data	    bss	    dec	    hex	filename
  79960	   2964	  23536	 106460	  19fdc	pacman.elf
Finished building: pacman.elf.size
 
14:53:07 **** Auto Build of configuration Debug for project pacman ****
make pre-build main-build 
a9-linaro-pre-build-step
 
Building file: ../src/main.c
Invoking: ARM v7 gcc compiler
arm-none-eabi-gcc -Wall -O0 -g3 -c -fmessage-length=0 -MT"src/main.o" -mcpu=cortex-a9 -mfpu=vfpv3 -mfloat-abi=hard -I../../pacman_bsp/ps7_cortexa9_0/include -MMD -MP -MF"src/main.d" -MT"src/main.o" -o "src/main.o" "../src/main.c"
In file included from ../src/headers/entity.h:12:0,
                 from ../src/main.c:15:
../src/headers/types.h:25:0: warning: "FALSE" redefined
 #define FALSE 0
 
In file included from ../../pacman_bsp/ps7_cortexa9_0/include/xil_printf.h:11:0,
                 from ../src/main.c:7:
../../pacman_bsp/ps7_cortexa9_0/include/xil_types.h:69:0: note: this is the location of the previous definition
 #  define FALSE  0U
 
In file included from ../src/headers/entity.h:12:0,
                 from ../src/main.c:15:
../src/headers/types.h:26:0: warning: "TRUE" redefined
 #define TRUE 1
 
In file included from ../../pacman_bsp/ps7_cortexa9_0/include/xil_printf.h:11:0,
                 from ../src/main.c:7:
../../pacman_bsp/ps7_cortexa9_0/include/xil_types.h:65:0: note: this is the location of the previous definition
 #  define TRUE  1U
 
../src/main.c: In function 'main':
../src/main.c:30:5: warning: implicit declaration of function 'initLedMatrix' [-Wimplicit-function-declaration]
     initLedMatrix();
     ^~~~~~~~~~~~~
../src/main.c: In function 'pacman':
../src/main.c:128:3: warning: implicit declaration of function 'renderWorld'; did you mean 'printWorld'? [-Wimplicit-function-declaration]
   renderWorld(&world);
   ^~~~~~~~~~~
   printWorld
../src/main.c:178:4: warning: implicit declaration of function 'usleep'; did you mean 'fseek'? [-Wimplicit-function-declaration]
    usleep(SLEEP_500ms);
    ^~~~~~
    fseek
../src/main.c:182:3: warning: implicit declaration of function 'printGameoverScreen' [-Wimplicit-function-declaration]
   printGameoverScreen();            // Print game over screen
   ^~~~~~~~~~~~~~~~~~~
In file included from ../src/headers/entity.h:14:0,
                 from ../src/main.c:15:
At top level:
../src/headers/score.h:17:13: warning: 'highscore' defined but not used [-Wunused-variable]
 static ui16 highscore = 0;
             ^~~~~~~~~
../src/headers/score.h:16:13: warning: 'score' defined but not used [-Wunused-variable]
 static ui16 score = 0;
             ^~~~~
In file included from ../src/headers/entity.h:13:0,
                 from ../src/main.c:15:
../src/headers/world.h:85:12: warning: 'gameOver' defined but not used [-Wunused-variable]
 static ui8 gameOver[WIDTH][HEIGHT] = {
            ^~~~~~~~
Finished building: ../src/main.c
 
Building target: pacman.elf
Invoking: ARM v7 gcc linker
arm-none-eabi-gcc -mcpu=cortex-a9 -mfpu=vfpv3 -mfloat-abi=hard -Wl,-build-id=none -specs=Xilinx.spec -Wl,-T -Wl,../src/lscript.ld -L../../pacman_bsp/ps7_cortexa9_0/lib -o "pacman.elf"  ./src/sources/entity.o ./src/sources/food.o ./src/sources/led_matrix.o ./src/sources/score.o ./src/sources/world.o  ./src/main.o ./src/platform.o   -Wl,--start-group,-lxil,-lgcc,-lc,--end-group
Finished building target: pacman.elf
 
Invoking: ARM v7 Print Size
arm-none-eabi-size pacman.elf  |tee "pacman.elf.size"
   text	   data	    bss	    dec	    hex	filename
  79960	   2964	  23536	 106460	  19fdc	pacman.elf
Finished building: pacman.elf.size
 
14:53:08 **** Incremental Build of configuration Debug for project pacman ****
make pre-build main-build 
a9-linaro-pre-build-step
 
make: Nothing to be done for 'main-build'.
14:53:29 **** Incremental Build of configuration Debug for project pacman ****
make pre-build main-build 
a9-linaro-pre-build-step
 
Building file: ../src/main.c
Invoking: ARM v7 gcc compiler
arm-none-eabi-gcc -Wall -O0 -g3 -c -fmessage-length=0 -MT"src/main.o" -mcpu=cortex-a9 -mfpu=vfpv3 -mfloat-abi=hard -I../../pacman_bsp/ps7_cortexa9_0/include -MMD -MP -MF"src/main.d" -MT"src/main.o" -o "src/main.o" "../src/main.c"
In file included from ../src/headers/entity.h:12:0,
                 from ../src/main.c:15:
../src/headers/types.h:25:0: warning: "FALSE" redefined
 #define FALSE 0
 
In file included from ../../pacman_bsp/ps7_cortexa9_0/include/xil_printf.h:11:0,
                 from ../src/main.c:7:
../../pacman_bsp/ps7_cortexa9_0/include/xil_types.h:69:0: note: this is the location of the previous definition
 #  define FALSE  0U
 
In file included from ../src/headers/entity.h:12:0,
                 from ../src/main.c:15:
../src/headers/types.h:26:0: warning: "TRUE" redefined
 #define TRUE 1
 
In file included from ../../pacman_bsp/ps7_cortexa9_0/include/xil_printf.h:11:0,
                 from ../src/main.c:7:
../../pacman_bsp/ps7_cortexa9_0/include/xil_types.h:65:0: note: this is the location of the previous definition
 #  define TRUE  1U
 
../src/main.c: In function 'main':
../src/main.c:30:5: warning: implicit declaration of function 'initLedMatrix' [-Wimplicit-function-declaration]
     initLedMatrix();
     ^~~~~~~~~~~~~
../src/main.c: In function 'pacman':
../src/main.c:128:3: warning: implicit declaration of function 'renderWorld'; did you mean 'printWorld'? [-Wimplicit-function-declaration]
   renderWorld(&world);
   ^~~~~~~~~~~
   printWorld
../src/main.c:178:4: warning: implicit declaration of function 'usleep'; did you mean 'fseek'? [-Wimplicit-function-declaration]
    usleep(SLEEP_500ms);
    ^~~~~~
    fseek
../src/main.c:182:3: warning: implicit declaration of function 'printGameoverScreen' [-Wimplicit-function-declaration]
   printGameoverScreen();            // Print game over screen
   ^~~~~~~~~~~~~~~~~~~
In file included from ../src/headers/entity.h:14:0,
                 from ../src/main.c:15:
At top level:
../src/headers/score.h:17:13: warning: 'highscore' defined but not used [-Wunused-variable]
 static ui16 highscore = 0;
             ^~~~~~~~~
../src/headers/score.h:16:13: warning: 'score' defined but not used [-Wunused-variable]
 static ui16 score = 0;
             ^~~~~
In file included from ../src/headers/entity.h:13:0,
                 from ../src/main.c:15:
../src/headers/world.h:85:12: warning: 'gameOver' defined but not used [-Wunused-variable]
 static ui8 gameOver[WIDTH][HEIGHT] = {
            ^~~~~~~~
Finished building: ../src/main.c
 
Building target: pacman.elf
Invoking: ARM v7 gcc linker
arm-none-eabi-gcc -mcpu=cortex-a9 -mfpu=vfpv3 -mfloat-abi=hard -Wl,-build-id=none -specs=Xilinx.spec -Wl,-T -Wl,../src/lscript.ld -L../../pacman_bsp/ps7_cortexa9_0/lib -o "pacman.elf"  ./src/sources/entity.o ./src/sources/food.o ./src/sources/led_matrix.o ./src/sources/score.o ./src/sources/world.o  ./src/main.o ./src/platform.o   -Wl,--start-group,-lxil,-lgcc,-lc,--end-group
Finished building target: pacman.elf
 
Invoking: ARM v7 Print Size
arm-none-eabi-size pacman.elf  |tee "pacman.elf.size"
   text	   data	    bss	    dec	    hex	filename
  79960	   2964	  23536	 106460	  19fdc	pacman.elf
Finished building: pacman.elf.size
 
