13:56:44 **** Incremental Build of configuration Debug for project pacman ****
make pre-build main-build 
a9-linaro-pre-build-step
 
Building target: pacman.elf
Invoking: ARM v7 gcc linker
arm-none-eabi-gcc -mcpu=cortex-a9 -mfpu=vfpv3 -mfloat-abi=hard -Wl,-build-id=none -specs=Xilinx.spec -Wl,-T -Wl,../src/lscript.ld -L../../pacman_bsp/ps7_cortexa9_0/lib -o "pacman.elf"  ./src/sources/entity.o ./src/sources/food.o ./src/sources/led_matrix.o ./src/sources/score.o ./src/sources/world.o  ./src/main.o ./src/platform.o   -Wl,--start-group,-lxil,-lgcc,-lc,--end-group
./src/sources/entity.o: In function `getMoveHard':
/home/jacoboffersen/Repos/EmbeddedProject/embedded.sdk/pacman/Debug/../src/sources/entity.c:138: undefined reference to `sqrt'
makefile:40: recipe for target 'pacman.elf' failed
collect2: error: ld returned 1 exit status
make: *** [pacman.elf] Error 1
13:56:49 **** Auto Build of configuration Debug for project pacman ****
make pre-build main-build 
a9-linaro-pre-build-step
 
Building file: ../src/sources/entity.c
Invoking: ARM v7 gcc compiler
arm-none-eabi-gcc -Wall -O0 -g3 -c -fmessage-length=0 -MT"src/sources/entity.o" -mcpu=cortex-a9 -mfpu=vfpv3 -mfloat-abi=hard -I../../pacman_bsp/ps7_cortexa9_0/include -MMD -MP -MF"src/sources/entity.d" -MT"src/sources/entity.o" -o "src/sources/entity.o" "../src/sources/entity.c"
In file included from ../src/sources/../headers/entity.h:18:0,
                 from ../src/sources/entity.c:9:
../src/sources/../headers/score.h:17:12: warning: 'highscore' defined but not used [-Wunused-variable]
 static u16 highscore = 0;
            ^~~~~~~~~
../src/sources/../headers/score.h:16:12: warning: 'score' defined but not used [-Wunused-variable]
 static u16 score = 0;
            ^~~~~
In file included from ../src/sources/../headers/entity.h:17:0,
                 from ../src/sources/entity.c:9:
../src/sources/../headers/world.h:86:11: warning: 'gameOver' defined but not used [-Wunused-variable]
 static u8 gameOver[WIDTH][HEIGHT] = {
           ^~~~~~~~
Finished building: ../src/sources/entity.c
 
Building target: pacman.elf
Invoking: ARM v7 gcc linker
arm-none-eabi-gcc -mcpu=cortex-a9 -mfpu=vfpv3 -mfloat-abi=hard -Wl,-build-id=none -specs=Xilinx.spec -Wl,-T -Wl,../src/lscript.ld -L../../pacman_bsp/ps7_cortexa9_0/lib -o "pacman.elf"  ./src/sources/entity.o ./src/sources/food.o ./src/sources/led_matrix.o ./src/sources/score.o ./src/sources/world.o  ./src/main.o ./src/platform.o   -Wl,--start-group,-lxil,-lgcc,-lc,--end-group
Finished building target: pacman.elf
 
Invoking: ARM v7 Print Size
arm-none-eabi-size pacman.elf  |tee "pacman.elf.size"
   text	   data	    bss	    dec	    hex	filename
  80896	   2964	  23728	 107588	  1a444	pacman.elf
Finished building: pacman.elf.size
 
13:56:50 **** Incremental Build of configuration Debug for project pacman ****
make pre-build main-build 
a9-linaro-pre-build-step
 
make: Nothing to be done for 'main-build'.
13:57:34 **** Auto Build of configuration Debug for project pacman ****
make pre-build main-build 
a9-linaro-pre-build-step
 
Building file: ../src/sources/entity.c
Invoking: ARM v7 gcc compiler
arm-none-eabi-gcc -Wall -O0 -g3 -c -fmessage-length=0 -MT"src/sources/entity.o" -mcpu=cortex-a9 -mfpu=vfpv3 -mfloat-abi=hard -I../../pacman_bsp/ps7_cortexa9_0/include -MMD -MP -MF"src/sources/entity.d" -MT"src/sources/entity.o" -o "src/sources/entity.o" "../src/sources/entity.c"
In file included from ../src/sources/../headers/entity.h:18:0,
                 from ../src/sources/entity.c:9:
../src/sources/../headers/score.h:17:12: warning: 'highscore' defined but not used [-Wunused-variable]
 static u16 highscore = 0;
            ^~~~~~~~~
../src/sources/../headers/score.h:16:12: warning: 'score' defined but not used [-Wunused-variable]
 static u16 score = 0;
            ^~~~~
In file included from ../src/sources/../headers/entity.h:17:0,
                 from ../src/sources/entity.c:9:
../src/sources/../headers/world.h:86:11: warning: 'gameOver' defined but not used [-Wunused-variable]
 static u8 gameOver[WIDTH][HEIGHT] = {
           ^~~~~~~~
Finished building: ../src/sources/entity.c
 
Building target: pacman.elf
Invoking: ARM v7 gcc linker
arm-none-eabi-gcc -mcpu=cortex-a9 -mfpu=vfpv3 -mfloat-abi=hard -Wl,-build-id=none -specs=Xilinx.spec -Wl,-T -Wl,../src/lscript.ld -L../../pacman_bsp/ps7_cortexa9_0/lib -o "pacman.elf"  ./src/sources/entity.o ./src/sources/food.o ./src/sources/led_matrix.o ./src/sources/score.o ./src/sources/world.o  ./src/main.o ./src/platform.o   -Wl,--start-group,-lxil,-lgcc,-lc,--end-group
./src/sources/entity.o: In function `getMoveHard':
/home/jacoboffersen/Repos/EmbeddedProject/embedded.sdk/pacman/Debug/../src/sources/entity.c:138: undefined reference to `sqrt'
makefile:40: recipe for target 'pacman.elf' failed
collect2: error: ld returned 1 exit status
make: *** [pacman.elf] Error 1
14:06:32 **** Auto Build of configuration Debug for project pacman ****
make pre-build main-build 
a9-linaro-pre-build-step
 
Building file: ../src/sources/entity.c
Invoking: ARM v7 gcc compiler
arm-none-eabi-gcc -Wall -O0 -g3 -c -fmessage-length=0 -MT"src/sources/entity.o" -mcpu=cortex-a9 -mfpu=vfpv3 -mfloat-abi=hard -I../../pacman_bsp/ps7_cortexa9_0/include -MMD -MP -MF"src/sources/entity.d" -MT"src/sources/entity.o" -o "src/sources/entity.o" "../src/sources/entity.c"
../src/sources/entity.c: In function 'getMoveHard':
../src/sources/entity.c:138:60: error: called object is not a function or function pointer
     distance[i] = (abs((tx - x)*(tx - x))     + abs((ty - y-1.0)(ty - y-1.0)));
                                                     ~~~~~~~^~~~~
In file included from ../src/sources/../headers/entity.h:18:0,
                 from ../src/sources/entity.c:9:
At top level:
../src/sources/../headers/score.h:17:12: warning: 'highscore' defined but not used [-Wunused-variable]
 static u16 highscore = 0;
            ^~~~~~~~~
../src/sources/../headers/score.h:16:12: warning: 'score' defined but not used [-Wunused-variable]
 static u16 score = 0;
            ^~~~~
In file included from ../src/sources/../headers/entity.h:17:0,
                 from ../src/sources/entity.c:9:
../src/sources/../headers/world.h:86:11: warning: 'gameOver' defined but not used [-Wunused-variable]
 static u8 gameOver[WIDTH][HEIGHT] = {
           ^~~~~~~~
src/sources/subdir.mk:30: recipe for target 'src/sources/entity.o' failed
make: *** [src/sources/entity.o] Error 1
14:06:47 **** Auto Build of configuration Debug for project pacman ****
make pre-build main-build 
a9-linaro-pre-build-step
 
Building file: ../src/sources/entity.c
Invoking: ARM v7 gcc compiler
arm-none-eabi-gcc -Wall -O0 -g3 -c -fmessage-length=0 -MT"src/sources/entity.o" -mcpu=cortex-a9 -mfpu=vfpv3 -mfloat-abi=hard -I../../pacman_bsp/ps7_cortexa9_0/include -MMD -MP -MF"src/sources/entity.d" -MT"src/sources/entity.o" -o "src/sources/entity.o" "../src/sources/entity.c"
In file included from ../src/sources/../headers/entity.h:18:0,
                 from ../src/sources/entity.c:9:
../src/sources/../headers/score.h:17:12: warning: 'highscore' defined but not used [-Wunused-variable]
 static u16 highscore = 0;
            ^~~~~~~~~
../src/sources/../headers/score.h:16:12: warning: 'score' defined but not used [-Wunused-variable]
 static u16 score = 0;
            ^~~~~
In file included from ../src/sources/../headers/entity.h:17:0,
                 from ../src/sources/entity.c:9:
../src/sources/../headers/world.h:86:11: warning: 'gameOver' defined but not used [-Wunused-variable]
 static u8 gameOver[WIDTH][HEIGHT] = {
           ^~~~~~~~
Finished building: ../src/sources/entity.c
 
Building target: pacman.elf
Invoking: ARM v7 gcc linker
arm-none-eabi-gcc -mcpu=cortex-a9 -mfpu=vfpv3 -mfloat-abi=hard -Wl,-build-id=none -specs=Xilinx.spec -Wl,-T -Wl,../src/lscript.ld -L../../pacman_bsp/ps7_cortexa9_0/lib -o "pacman.elf"  ./src/sources/entity.o ./src/sources/food.o ./src/sources/led_matrix.o ./src/sources/score.o ./src/sources/world.o  ./src/main.o ./src/platform.o   -Wl,--start-group,-lxil,-lgcc,-lc,--end-group
Finished building target: pacman.elf
 
Invoking: ARM v7 Print Size
arm-none-eabi-size pacman.elf  |tee "pacman.elf.size"
   text	   data	    bss	    dec	    hex	filename
  80960	   2964	  23728	 107652	  1a484	pacman.elf
Finished building: pacman.elf.size
 
14:07:26 **** Auto Build of configuration Debug for project pacman ****
make pre-build main-build 
a9-linaro-pre-build-step
 
Building file: ../src/sources/entity.c
Invoking: ARM v7 gcc compiler
arm-none-eabi-gcc -Wall -O0 -g3 -c -fmessage-length=0 -MT"src/sources/entity.o" -mcpu=cortex-a9 -mfpu=vfpv3 -mfloat-abi=hard -I../../pacman_bsp/ps7_cortexa9_0/include -MMD -MP -MF"src/sources/entity.d" -MT"src/sources/entity.o" -o "src/sources/entity.o" "../src/sources/entity.c"
In file included from ../src/sources/../headers/entity.h:18:0,
                 from ../src/sources/entity.c:9:
../src/sources/../headers/score.h:17:12: warning: 'highscore' defined but not used [-Wunused-variable]
 static u16 highscore = 0;
            ^~~~~~~~~
../src/sources/../headers/score.h:16:12: warning: 'score' defined but not used [-Wunused-variable]
 static u16 score = 0;
            ^~~~~
In file included from ../src/sources/../headers/entity.h:17:0,
                 from ../src/sources/entity.c:9:
../src/sources/../headers/world.h:86:11: warning: 'gameOver' defined but not used [-Wunused-variable]
 static u8 gameOver[WIDTH][HEIGHT] = {
           ^~~~~~~~
Finished building: ../src/sources/entity.c
 
Building target: pacman.elf
Invoking: ARM v7 gcc linker
arm-none-eabi-gcc -mcpu=cortex-a9 -mfpu=vfpv3 -mfloat-abi=hard -Wl,-build-id=none -specs=Xilinx.spec -Wl,-T -Wl,../src/lscript.ld -L../../pacman_bsp/ps7_cortexa9_0/lib -o "pacman.elf"  ./src/sources/entity.o ./src/sources/food.o ./src/sources/led_matrix.o ./src/sources/score.o ./src/sources/world.o  ./src/main.o ./src/platform.o   -Wl,--start-group,-lxil,-lgcc,-lc,--end-group
Finished building target: pacman.elf
 
Invoking: ARM v7 Print Size
arm-none-eabi-size pacman.elf  |tee "pacman.elf.size"
   text	   data	    bss	    dec	    hex	filename
  81088	   2964	  23728	 107780	  1a504	pacman.elf
Finished building: pacman.elf.size
 
14:08:01 **** Auto Build of configuration Debug for project pacman ****
make pre-build main-build 
a9-linaro-pre-build-step
 
Building file: ../src/sources/entity.c
Invoking: ARM v7 gcc compiler
arm-none-eabi-gcc -Wall -O0 -g3 -c -fmessage-length=0 -MT"src/sources/entity.o" -mcpu=cortex-a9 -mfpu=vfpv3 -mfloat-abi=hard -I../../pacman_bsp/ps7_cortexa9_0/include -MMD -MP -MF"src/sources/entity.d" -MT"src/sources/entity.o" -o "src/sources/entity.o" "../src/sources/entity.c"
In file included from ../src/sources/../headers/entity.h:18:0,
                 from ../src/sources/entity.c:9:
../src/sources/../headers/score.h:17:12: warning: 'highscore' defined but not used [-Wunused-variable]
 static u16 highscore = 0;
            ^~~~~~~~~
../src/sources/../headers/score.h:16:12: warning: 'score' defined but not used [-Wunused-variable]
 static u16 score = 0;
            ^~~~~
In file included from ../src/sources/../headers/entity.h:17:0,
                 from ../src/sources/entity.c:9:
../src/sources/../headers/world.h:86:11: warning: 'gameOver' defined but not used [-Wunused-variable]
 static u8 gameOver[WIDTH][HEIGHT] = {
           ^~~~~~~~
Finished building: ../src/sources/entity.c
 
Building target: pacman.elf
Invoking: ARM v7 gcc linker
arm-none-eabi-gcc -mcpu=cortex-a9 -mfpu=vfpv3 -mfloat-abi=hard -Wl,-build-id=none -specs=Xilinx.spec -Wl,-T -Wl,../src/lscript.ld -L../../pacman_bsp/ps7_cortexa9_0/lib -o "pacman.elf"  ./src/sources/entity.o ./src/sources/food.o ./src/sources/led_matrix.o ./src/sources/score.o ./src/sources/world.o  ./src/main.o ./src/platform.o   -Wl,--start-group,-lxil,-lgcc,-lc,--end-group
Finished building target: pacman.elf
 
Invoking: ARM v7 Print Size
arm-none-eabi-size pacman.elf  |tee "pacman.elf.size"
   text	   data	    bss	    dec	    hex	filename
  81096	   2964	  23728	 107788	  1a50c	pacman.elf
Finished building: pacman.elf.size
 
14:08:09 **** Incremental Build of configuration Debug for project pacman ****
make pre-build main-build 
a9-linaro-pre-build-step
 
make: Nothing to be done for 'main-build'.
14:08:48 **** Auto Build of configuration Debug for project pacman ****
make pre-build main-build 
a9-linaro-pre-build-step
 
Building file: ../src/main.c
Invoking: ARM v7 gcc compiler
arm-none-eabi-gcc -Wall -O0 -g3 -c -fmessage-length=0 -MT"src/main.o" -mcpu=cortex-a9 -mfpu=vfpv3 -mfloat-abi=hard -I../../pacman_bsp/ps7_cortexa9_0/include -MMD -MP -MF"src/main.d" -MT"src/main.o" -o "src/main.o" "../src/main.c"
In file included from ../src/headers/entity.h:16:0,
                 from ../src/main.c:14:
../src/headers/types.h:25:0: warning: "FALSE" redefined
 #define FALSE 0
 
In file included from ../../pacman_bsp/ps7_cortexa9_0/include/xil_printf.h:11:0,
                 from ../src/main.c:6:
../../pacman_bsp/ps7_cortexa9_0/include/xil_types.h:69:0: note: this is the location of the previous definition
 #  define FALSE  0U
 
In file included from ../src/headers/entity.h:16:0,
                 from ../src/main.c:14:
../src/headers/types.h:26:0: warning: "TRUE" redefined
 #define TRUE 1
 
In file included from ../../pacman_bsp/ps7_cortexa9_0/include/xil_printf.h:11:0,
                 from ../src/main.c:6:
../../pacman_bsp/ps7_cortexa9_0/include/xil_types.h:65:0: note: this is the location of the previous definition
 #  define TRUE  1U
 
../src/main.c: In function 'pacman':
../src/main.c:151:4: warning: implicit declaration of function 'usleep'; did you mean 'fseek'? [-Wimplicit-function-declaration]
    usleep(SLEEP_500ms);
    ^~~~~~
    fseek
../src/main.c:155:3: warning: implicit declaration of function 'printGameoverScreen' [-Wimplicit-function-declaration]
   printGameoverScreen();            // Print game over screen
   ^~~~~~~~~~~~~~~~~~~
In file included from ../src/main.c:19:0:
At top level:
../src/headers/led_matrix.h:22:11: warning: 'matrix' defined but not used [-Wunused-variable]
 static u8 matrix[WIDTH][HEIGHT][COLOR_COUNT];
           ^~~~~~
In file included from ../src/headers/entity.h:18:0,
                 from ../src/main.c:14:
../src/headers/score.h:17:12: warning: 'highscore' defined but not used [-Wunused-variable]
 static u16 highscore = 0;
            ^~~~~~~~~
../src/headers/score.h:16:12: warning: 'score' defined but not used [-Wunused-variable]
 static u16 score = 0;
            ^~~~~
In file included from ../src/headers/entity.h:17:0,
                 from ../src/main.c:14:
../src/headers/world.h:86:11: warning: 'gameOver' defined but not used [-Wunused-variable]
 static u8 gameOver[WIDTH][HEIGHT] = {
           ^~~~~~~~
Finished building: ../src/main.c
 
Building target: pacman.elf
Invoking: ARM v7 gcc linker
arm-none-eabi-gcc -mcpu=cortex-a9 -mfpu=vfpv3 -mfloat-abi=hard -Wl,-build-id=none -specs=Xilinx.spec -Wl,-T -Wl,../src/lscript.ld -L../../pacman_bsp/ps7_cortexa9_0/lib -o "pacman.elf"  ./src/sources/entity.o ./src/sources/food.o ./src/sources/led_matrix.o ./src/sources/score.o ./src/sources/world.o  ./src/main.o ./src/platform.o   -Wl,--start-group,-lxil,-lgcc,-lc,--end-group
Finished building target: pacman.elf
 
Invoking: ARM v7 Print Size
arm-none-eabi-size pacman.elf  |tee "pacman.elf.size"
   text	   data	    bss	    dec	    hex	filename
  81160	   2964	  23728	 107852	  1a54c	pacman.elf
Finished building: pacman.elf.size
 
14:08:50 **** Incremental Build of configuration Debug for project pacman ****
make pre-build main-build 
a9-linaro-pre-build-step
 
make: Nothing to be done for 'main-build'.
14:09:14 **** Auto Build of configuration Debug for project pacman ****
make pre-build main-build 
a9-linaro-pre-build-step
 
Building file: ../src/sources/world.c
Invoking: ARM v7 gcc compiler
arm-none-eabi-gcc -Wall -O0 -g3 -c -fmessage-length=0 -MT"src/sources/world.o" -mcpu=cortex-a9 -mfpu=vfpv3 -mfloat-abi=hard -I../../pacman_bsp/ps7_cortexa9_0/include -MMD -MP -MF"src/sources/world.d" -MT"src/sources/world.o" -o "src/sources/world.o" "../src/sources/world.c"
Finished building: ../src/sources/world.c
 
Building target: pacman.elf
Invoking: ARM v7 gcc linker
arm-none-eabi-gcc -mcpu=cortex-a9 -mfpu=vfpv3 -mfloat-abi=hard -Wl,-build-id=none -specs=Xilinx.spec -Wl,-T -Wl,../src/lscript.ld -L../../pacman_bsp/ps7_cortexa9_0/lib -o "pacman.elf"  ./src/sources/entity.o ./src/sources/food.o ./src/sources/led_matrix.o ./src/sources/score.o ./src/sources/world.o  ./src/main.o ./src/platform.o   -Wl,--start-group,-lxil,-lgcc,-lc,--end-group
Finished building target: pacman.elf
 
Invoking: ARM v7 Print Size
arm-none-eabi-size pacman.elf  |tee "pacman.elf.size"
   text	   data	    bss	    dec	    hex	filename
  81160	   2964	  23728	 107852	  1a54c	pacman.elf
Finished building: pacman.elf.size
 
14:09:23 **** Incremental Build of configuration Debug for project pacman ****
make pre-build main-build 
a9-linaro-pre-build-step
 
make: Nothing to be done for 'main-build'.
14:10:31 **** Auto Build of configuration Debug for project pacman ****
make pre-build main-build 
a9-linaro-pre-build-step
 
Building file: ../src/sources/entity.c
Invoking: ARM v7 gcc compiler
arm-none-eabi-gcc -Wall -O0 -g3 -c -fmessage-length=0 -MT"src/sources/entity.o" -mcpu=cortex-a9 -mfpu=vfpv3 -mfloat-abi=hard -I../../pacman_bsp/ps7_cortexa9_0/include -MMD -MP -MF"src/sources/entity.d" -MT"src/sources/entity.o" -o "src/sources/entity.o" "../src/sources/entity.c"
In file included from ../src/sources/../headers/entity.h:18:0,
                 from ../src/sources/entity.c:9:
../src/sources/../headers/score.h:17:12: warning: 'highscore' defined but not used [-Wunused-variable]
 static u16 highscore = 0;
            ^~~~~~~~~
../src/sources/../headers/score.h:16:12: warning: 'score' defined but not used [-Wunused-variable]
 static u16 score = 0;
            ^~~~~
In file included from ../src/sources/../headers/entity.h:17:0,
                 from ../src/sources/entity.c:9:
../src/sources/../headers/world.h:86:11: warning: 'gameOver' defined but not used [-Wunused-variable]
 static u8 gameOver[WIDTH][HEIGHT] = {
           ^~~~~~~~
Finished building: ../src/sources/entity.c
 
Building target: pacman.elf
Invoking: ARM v7 gcc linker
arm-none-eabi-gcc -mcpu=cortex-a9 -mfpu=vfpv3 -mfloat-abi=hard -Wl,-build-id=none -specs=Xilinx.spec -Wl,-T -Wl,../src/lscript.ld -L../../pacman_bsp/ps7_cortexa9_0/lib -o "pacman.elf"  ./src/sources/entity.o ./src/sources/food.o ./src/sources/led_matrix.o ./src/sources/score.o ./src/sources/world.o  ./src/main.o ./src/platform.o   -Wl,--start-group,-lxil,-lgcc,-lc,--end-group
Finished building target: pacman.elf
 
Invoking: ARM v7 Print Size
arm-none-eabi-size pacman.elf  |tee "pacman.elf.size"
   text	   data	    bss	    dec	    hex	filename
  81232	   2964	  23728	 107924	  1a594	pacman.elf
Finished building: pacman.elf.size
 
14:10:34 **** Incremental Build of configuration Debug for project pacman ****
make pre-build main-build 
a9-linaro-pre-build-step
 
make: Nothing to be done for 'main-build'.
14:11:41 **** Auto Build of configuration Debug for project pacman ****
make pre-build main-build 
a9-linaro-pre-build-step
 
Building file: ../src/sources/entity.c
Invoking: ARM v7 gcc compiler
arm-none-eabi-gcc -Wall -O0 -g3 -c -fmessage-length=0 -MT"src/sources/entity.o" -mcpu=cortex-a9 -mfpu=vfpv3 -mfloat-abi=hard -I../../pacman_bsp/ps7_cortexa9_0/include -MMD -MP -MF"src/sources/entity.d" -MT"src/sources/entity.o" -o "src/sources/entity.o" "../src/sources/entity.c"
In file included from ../src/sources/../headers/entity.h:18:0,
                 from ../src/sources/entity.c:9:
../src/sources/../headers/score.h:17:12: warning: 'highscore' defined but not used [-Wunused-variable]
 static u16 highscore = 0;
            ^~~~~~~~~
../src/sources/../headers/score.h:16:12: warning: 'score' defined but not used [-Wunused-variable]
 static u16 score = 0;
            ^~~~~
In file included from ../src/sources/../headers/entity.h:17:0,
                 from ../src/sources/entity.c:9:
../src/sources/../headers/world.h:86:11: warning: 'gameOver' defined but not used [-Wunused-variable]
 static u8 gameOver[WIDTH][HEIGHT] = {
           ^~~~~~~~
Finished building: ../src/sources/entity.c
 
Building target: pacman.elf
Invoking: ARM v7 gcc linker
arm-none-eabi-gcc -mcpu=cortex-a9 -mfpu=vfpv3 -mfloat-abi=hard -Wl,-build-id=none -specs=Xilinx.spec -Wl,-T -Wl,../src/lscript.ld -L../../pacman_bsp/ps7_cortexa9_0/lib -o "pacman.elf"  ./src/sources/entity.o ./src/sources/food.o ./src/sources/led_matrix.o ./src/sources/score.o ./src/sources/world.o  ./src/main.o ./src/platform.o   -Wl,--start-group,-lxil,-lgcc,-lc,--end-group
Finished building target: pacman.elf
 
Invoking: ARM v7 Print Size
arm-none-eabi-size pacman.elf  |tee "pacman.elf.size"
   text	   data	    bss	    dec	    hex	filename
  81152	   2964	  23728	 107844	  1a544	pacman.elf
Finished building: pacman.elf.size
 
14:11:54 **** Auto Build of configuration Debug for project pacman ****
make pre-build main-build 
a9-linaro-pre-build-step
 
Building file: ../src/main.c
Invoking: ARM v7 gcc compiler
arm-none-eabi-gcc -Wall -O0 -g3 -c -fmessage-length=0 -MT"src/main.o" -mcpu=cortex-a9 -mfpu=vfpv3 -mfloat-abi=hard -I../../pacman_bsp/ps7_cortexa9_0/include -MMD -MP -MF"src/main.d" -MT"src/main.o" -o "src/main.o" "../src/main.c"
In file included from ../src/headers/entity.h:16:0,
                 from ../src/main.c:14:
../src/headers/types.h:25:0: warning: "FALSE" redefined
 #define FALSE 0
 
In file included from ../../pacman_bsp/ps7_cortexa9_0/include/xil_printf.h:11:0,
                 from ../src/main.c:6:
../../pacman_bsp/ps7_cortexa9_0/include/xil_types.h:69:0: note: this is the location of the previous definition
 #  define FALSE  0U
 
In file included from ../src/headers/entity.h:16:0,
                 from ../src/main.c:14:
../src/headers/types.h:26:0: warning: "TRUE" redefined
 #define TRUE 1
 
In file included from ../../pacman_bsp/ps7_cortexa9_0/include/xil_printf.h:11:0,
                 from ../src/main.c:6:
../../pacman_bsp/ps7_cortexa9_0/include/xil_types.h:65:0: note: this is the location of the previous definition
 #  define TRUE  1U
 
../src/main.c: In function 'pacman':
../src/main.c:151:4: warning: implicit declaration of function 'usleep'; did you mean 'fseek'? [-Wimplicit-function-declaration]
    usleep(SLEEP_500ms);
    ^~~~~~
    fseek
../src/main.c:155:3: warning: implicit declaration of function 'printGameoverScreen' [-Wimplicit-function-declaration]
   printGameoverScreen();            // Print game over screen
   ^~~~~~~~~~~~~~~~~~~
In file included from ../src/main.c:19:0:
At top level:
../src/headers/led_matrix.h:22:11: warning: 'matrix' defined but not used [-Wunused-variable]
 static u8 matrix[WIDTH][HEIGHT][COLOR_COUNT];
           ^~~~~~
In file included from ../src/headers/entity.h:18:0,
                 from ../src/main.c:14:
../src/headers/score.h:17:12: warning: 'highscore' defined but not used [-Wunused-variable]
 static u16 highscore = 0;
            ^~~~~~~~~
../src/headers/score.h:16:12: warning: 'score' defined but not used [-Wunused-variable]
 static u16 score = 0;
            ^~~~~
In file included from ../src/headers/entity.h:17:0,
                 from ../src/main.c:14:
../src/headers/world.h:86:11: warning: 'gameOver' defined but not used [-Wunused-variable]
 static u8 gameOver[WIDTH][HEIGHT] = {
           ^~~~~~~~
Finished building: ../src/main.c
 
Building target: pacman.elf
Invoking: ARM v7 gcc linker
arm-none-eabi-gcc -mcpu=cortex-a9 -mfpu=vfpv3 -mfloat-abi=hard -Wl,-build-id=none -specs=Xilinx.spec -Wl,-T -Wl,../src/lscript.ld -L../../pacman_bsp/ps7_cortexa9_0/lib -o "pacman.elf"  ./src/sources/entity.o ./src/sources/food.o ./src/sources/led_matrix.o ./src/sources/score.o ./src/sources/world.o  ./src/main.o ./src/platform.o   -Wl,--start-group,-lxil,-lgcc,-lc,--end-group
Finished building target: pacman.elf
 
Invoking: ARM v7 Print Size
arm-none-eabi-size pacman.elf  |tee "pacman.elf.size"
   text	   data	    bss	    dec	    hex	filename
  81064	   2964	  23728	 107756	  1a4ec	pacman.elf
Finished building: pacman.elf.size
 
14:12:08 **** Auto Build of configuration Debug for project pacman ****
make pre-build main-build 
a9-linaro-pre-build-step
 
Building file: ../src/sources/led_matrix.c
Invoking: ARM v7 gcc compiler
arm-none-eabi-gcc -Wall -O0 -g3 -c -fmessage-length=0 -MT"src/sources/led_matrix.o" -mcpu=cortex-a9 -mfpu=vfpv3 -mfloat-abi=hard -I../../pacman_bsp/ps7_cortexa9_0/include -MMD -MP -MF"src/sources/led_matrix.d" -MT"src/sources/led_matrix.o" -o "src/sources/led_matrix.o" "../src/sources/led_matrix.c"
In file included from ../src/sources/../headers/led_matrix.h:15:0,
                 from ../src/sources/led_matrix.c:9:
../src/sources/../headers/types.h:25:0: warning: "FALSE" redefined
 #define FALSE 0
 
In file included from ../../pacman_bsp/ps7_cortexa9_0/include/xbram.h:136:0,
                 from ../src/sources/../headers/led_matrix.h:13,
                 from ../src/sources/led_matrix.c:9:
../../pacman_bsp/ps7_cortexa9_0/include/xil_types.h:69:0: note: this is the location of the previous definition
 #  define FALSE  0U
 
In file included from ../src/sources/../headers/led_matrix.h:15:0,
                 from ../src/sources/led_matrix.c:9:
../src/sources/../headers/types.h:26:0: warning: "TRUE" redefined
 #define TRUE 1
 
In file included from ../../pacman_bsp/ps7_cortexa9_0/include/xbram.h:136:0,
                 from ../src/sources/../headers/led_matrix.h:13,
                 from ../src/sources/led_matrix.c:9:
../../pacman_bsp/ps7_cortexa9_0/include/xil_types.h:65:0: note: this is the location of the previous definition
 #  define TRUE  1U
 
In file included from ../src/sources/../headers/entity.h:18:0,
                 from ../src/sources/../headers/led_matrix.h:16,
                 from ../src/sources/led_matrix.c:9:
../src/sources/../headers/score.h:17:12: warning: 'highscore' defined but not used [-Wunused-variable]
 static u16 highscore = 0;
            ^~~~~~~~~
../src/sources/../headers/score.h:16:12: warning: 'score' defined but not used [-Wunused-variable]
 static u16 score = 0;
            ^~~~~
In file included from ../src/sources/../headers/entity.h:17:0,
                 from ../src/sources/../headers/led_matrix.h:16,
                 from ../src/sources/led_matrix.c:9:
../src/sources/../headers/world.h:86:11: warning: 'gameOver' defined but not used [-Wunused-variable]
 static u8 gameOver[WIDTH][HEIGHT] = {
           ^~~~~~~~
Finished building: ../src/sources/led_matrix.c
 
Building target: pacman.elf
Invoking: ARM v7 gcc linker
arm-none-eabi-gcc -mcpu=cortex-a9 -mfpu=vfpv3 -mfloat-abi=hard -Wl,-build-id=none -specs=Xilinx.spec -Wl,-T -Wl,../src/lscript.ld -L../../pacman_bsp/ps7_cortexa9_0/lib -o "pacman.elf"  ./src/sources/entity.o ./src/sources/food.o ./src/sources/led_matrix.o ./src/sources/score.o ./src/sources/world.o  ./src/main.o ./src/platform.o   -Wl,--start-group,-lxil,-lgcc,-lc,--end-group
Finished building target: pacman.elf
 
Invoking: ARM v7 Print Size
arm-none-eabi-size pacman.elf  |tee "pacman.elf.size"
   text	   data	    bss	    dec	    hex	filename
  80968	   2964	  23728	 107660	  1a48c	pacman.elf
Finished building: pacman.elf.size
 
14:12:08 **** Incremental Build of configuration Debug for project pacman ****
make pre-build main-build 
a9-linaro-pre-build-step
 
make: Nothing to be done for 'main-build'.
14:12:53 **** Incremental Build of configuration Debug for project pacman ****
make pre-build main-build 
a9-linaro-pre-build-step
 
Building file: ../src/main.c
Invoking: ARM v7 gcc compiler
arm-none-eabi-gcc -Wall -O0 -g3 -c -fmessage-length=0 -MT"src/main.o" -mcpu=cortex-a9 -mfpu=vfpv3 -mfloat-abi=hard -I../../pacman_bsp/ps7_cortexa9_0/include -MMD -MP -MF"src/main.d" -MT"src/main.o" -o "src/main.o" "../src/main.c"
In file included from ../src/headers/entity.h:16:0,
                 from ../src/main.c:14:
../src/headers/types.h:25:0: warning: "FALSE" redefined
 #define FALSE 0
 
In file included from ../../pacman_bsp/ps7_cortexa9_0/include/xil_printf.h:11:0,
                 from ../src/main.c:6:
../../pacman_bsp/ps7_cortexa9_0/include/xil_types.h:69:0: note: this is the location of the previous definition
 #  define FALSE  0U
 
In file included from ../src/headers/entity.h:16:0,
                 from ../src/main.c:14:
../src/headers/types.h:26:0: warning: "TRUE" redefined
 #define TRUE 1
 
In file included from ../../pacman_bsp/ps7_cortexa9_0/include/xil_printf.h:11:0,
                 from ../src/main.c:6:
../../pacman_bsp/ps7_cortexa9_0/include/xil_types.h:65:0: note: this is the location of the previous definition
 #  define TRUE  1U
 
../src/main.c: In function 'pacman':
../src/main.c:151:4: warning: implicit declaration of function 'usleep'; did you mean 'fseek'? [-Wimplicit-function-declaration]
    usleep(SLEEP_500ms);
    ^~~~~~
    fseek
../src/main.c:155:3: warning: implicit declaration of function 'printGameoverScreen' [-Wimplicit-function-declaration]
   printGameoverScreen();            // Print game over screen
   ^~~~~~~~~~~~~~~~~~~
In file included from ../src/main.c:19:0:
At top level:
../src/headers/led_matrix.h:22:11: warning: 'matrix' defined but not used [-Wunused-variable]
 static u8 matrix[WIDTH][HEIGHT][COLOR_COUNT];
           ^~~~~~
In file included from ../src/headers/entity.h:18:0,
                 from ../src/main.c:14:
../src/headers/score.h:17:12: warning: 'highscore' defined but not used [-Wunused-variable]
 static u16 highscore = 0;
            ^~~~~~~~~
../src/headers/score.h:16:12: warning: 'score' defined but not used [-Wunused-variable]
 static u16 score = 0;
            ^~~~~
In file included from ../src/headers/entity.h:17:0,
                 from ../src/main.c:14:
../src/headers/world.h:86:11: warning: 'gameOver' defined but not used [-Wunused-variable]
 static u8 gameOver[WIDTH][HEIGHT] = {
           ^~~~~~~~
Finished building: ../src/main.c
 
Building target: pacman.elf
Invoking: ARM v7 gcc linker
arm-none-eabi-gcc -mcpu=cortex-a9 -mfpu=vfpv3 -mfloat-abi=hard -Wl,-build-id=none -specs=Xilinx.spec -Wl,-T -Wl,../src/lscript.ld -L../../pacman_bsp/ps7_cortexa9_0/lib -o "pacman.elf"  ./src/sources/entity.o ./src/sources/food.o ./src/sources/led_matrix.o ./src/sources/score.o ./src/sources/world.o  ./src/main.o ./src/platform.o   -Wl,--start-group,-lxil,-lgcc,-lc,--end-group
Finished building target: pacman.elf
 
Invoking: ARM v7 Print Size
arm-none-eabi-size pacman.elf  |tee "pacman.elf.size"
   text	   data	    bss	    dec	    hex	filename
  80968	   2964	  23728	 107660	  1a48c	pacman.elf
Finished building: pacman.elf.size
 
14:13:04 **** Auto Build of configuration Debug for project pacman ****
make pre-build main-build 
a9-linaro-pre-build-step
 
Building file: ../src/main.c
Invoking: ARM v7 gcc compiler
arm-none-eabi-gcc -Wall -O0 -g3 -c -fmessage-length=0 -MT"src/main.o" -mcpu=cortex-a9 -mfpu=vfpv3 -mfloat-abi=hard -I../../pacman_bsp/ps7_cortexa9_0/include -MMD -MP -MF"src/main.d" -MT"src/main.o" -o "src/main.o" "../src/main.c"
In file included from ../src/headers/entity.h:16:0,
                 from ../src/main.c:14:
../src/headers/types.h:25:0: warning: "FALSE" redefined
 #define FALSE 0
 
In file included from ../../pacman_bsp/ps7_cortexa9_0/include/xil_printf.h:11:0,
                 from ../src/main.c:6:
../../pacman_bsp/ps7_cortexa9_0/include/xil_types.h:69:0: note: this is the location of the previous definition
 #  define FALSE  0U
 
In file included from ../src/headers/entity.h:16:0,
                 from ../src/main.c:14:
../src/headers/types.h:26:0: warning: "TRUE" redefined
 #define TRUE 1
 
In file included from ../../pacman_bsp/ps7_cortexa9_0/include/xil_printf.h:11:0,
                 from ../src/main.c:6:
../../pacman_bsp/ps7_cortexa9_0/include/xil_types.h:65:0: note: this is the location of the previous definition
 #  define TRUE  1U
 
../src/main.c: In function 'pacman':
../src/main.c:151:4: warning: implicit declaration of function 'usleep'; did you mean 'fseek'? [-Wimplicit-function-declaration]
    usleep(SLEEP_500ms);
    ^~~~~~
    fseek
../src/main.c:155:3: warning: implicit declaration of function 'printGameoverScreen' [-Wimplicit-function-declaration]
   printGameoverScreen();            // Print game over screen
   ^~~~~~~~~~~~~~~~~~~
In file included from ../src/main.c:19:0:
At top level:
../src/headers/led_matrix.h:22:11: warning: 'matrix' defined but not used [-Wunused-variable]
 static u8 matrix[WIDTH][HEIGHT][COLOR_COUNT];
           ^~~~~~
In file included from ../src/headers/entity.h:18:0,
                 from ../src/main.c:14:
../src/headers/score.h:17:12: warning: 'highscore' defined but not used [-Wunused-variable]
 static u16 highscore = 0;
            ^~~~~~~~~
../src/headers/score.h:16:12: warning: 'score' defined but not used [-Wunused-variable]
 static u16 score = 0;
            ^~~~~
In file included from ../src/headers/entity.h:17:0,
                 from ../src/main.c:14:
../src/headers/world.h:86:11: warning: 'gameOver' defined but not used [-Wunused-variable]
 static u8 gameOver[WIDTH][HEIGHT] = {
           ^~~~~~~~
Finished building: ../src/main.c
 
Building target: pacman.elf
Invoking: ARM v7 gcc linker
arm-none-eabi-gcc -mcpu=cortex-a9 -mfpu=vfpv3 -mfloat-abi=hard -Wl,-build-id=none -specs=Xilinx.spec -Wl,-T -Wl,../src/lscript.ld -L../../pacman_bsp/ps7_cortexa9_0/lib -o "pacman.elf"  ./src/sources/entity.o ./src/sources/food.o ./src/sources/led_matrix.o ./src/sources/score.o ./src/sources/world.o  ./src/main.o ./src/platform.o   -Wl,--start-group,-lxil,-lgcc,-lc,--end-group
Finished building target: pacman.elf
 
Invoking: ARM v7 Print Size
arm-none-eabi-size pacman.elf  |tee "pacman.elf.size"
   text	   data	    bss	    dec	    hex	filename
  80968	   2964	  23728	 107660	  1a48c	pacman.elf
Finished building: pacman.elf.size
 
14:13:04 **** Incremental Build of configuration Debug for project pacman ****
make pre-build main-build 
a9-linaro-pre-build-step
 
make: Nothing to be done for 'main-build'.
14:13:25 **** Incremental Build of configuration Debug for project pacman ****
make pre-build main-build 
a9-linaro-pre-build-step
 
Building file: ../src/main.c
Invoking: ARM v7 gcc compiler
arm-none-eabi-gcc -Wall -O0 -g3 -c -fmessage-length=0 -MT"src/main.o" -mcpu=cortex-a9 -mfpu=vfpv3 -mfloat-abi=hard -I../../pacman_bsp/ps7_cortexa9_0/include -MMD -MP -MF"src/main.d" -MT"src/main.o" -o "src/main.o" "../src/main.c"
In file included from ../src/headers/entity.h:16:0,
                 from ../src/main.c:14:
../src/headers/types.h:25:0: warning: "FALSE" redefined
 #define FALSE 0
 
In file included from ../../pacman_bsp/ps7_cortexa9_0/include/xil_printf.h:11:0,
                 from ../src/main.c:6:
../../pacman_bsp/ps7_cortexa9_0/include/xil_types.h:69:0: note: this is the location of the previous definition
 #  define FALSE  0U
 
In file included from ../src/headers/entity.h:16:0,
                 from ../src/main.c:14:
../src/headers/types.h:26:0: warning: "TRUE" redefined
 #define TRUE 1
 
In file included from ../../pacman_bsp/ps7_cortexa9_0/include/xil_printf.h:11:0,
                 from ../src/main.c:6:
../../pacman_bsp/ps7_cortexa9_0/include/xil_types.h:65:0: note: this is the location of the previous definition
 #  define TRUE  1U
 
../src/main.c: In function 'pacman':
../src/main.c:151:4: warning: implicit declaration of function 'usleep'; did you mean 'fseek'? [-Wimplicit-function-declaration]
    usleep(SLEEP_500ms);
    ^~~~~~
    fseek
../src/main.c:155:3: warning: implicit declaration of function 'printGameoverScreen' [-Wimplicit-function-declaration]
   printGameoverScreen();            // Print game over screen
   ^~~~~~~~~~~~~~~~~~~
In file included from ../src/main.c:19:0:
At top level:
../src/headers/led_matrix.h:22:11: warning: 'matrix' defined but not used [-Wunused-variable]
 static u8 matrix[WIDTH][HEIGHT][COLOR_COUNT];
           ^~~~~~
In file included from ../src/headers/entity.h:18:0,
                 from ../src/main.c:14:
../src/headers/score.h:17:12: warning: 'highscore' defined but not used [-Wunused-variable]
 static u16 highscore = 0;
            ^~~~~~~~~
../src/headers/score.h:16:12: warning: 'score' defined but not used [-Wunused-variable]
 static u16 score = 0;
            ^~~~~
In file included from ../src/headers/entity.h:17:0,
                 from ../src/main.c:14:
../src/headers/world.h:86:11: warning: 'gameOver' defined but not used [-Wunused-variable]
 static u8 gameOver[WIDTH][HEIGHT] = {
           ^~~~~~~~
Finished building: ../src/main.c
 
Building target: pacman.elf
Invoking: ARM v7 gcc linker
arm-none-eabi-gcc -mcpu=cortex-a9 -mfpu=vfpv3 -mfloat-abi=hard -Wl,-build-id=none -specs=Xilinx.spec -Wl,-T -Wl,../src/lscript.ld -L../../pacman_bsp/ps7_cortexa9_0/lib -o "pacman.elf"  ./src/sources/entity.o ./src/sources/food.o ./src/sources/led_matrix.o ./src/sources/score.o ./src/sources/world.o  ./src/main.o ./src/platform.o   -Wl,--start-group,-lxil,-lgcc,-lc,--end-group
Finished building target: pacman.elf
 
Invoking: ARM v7 Print Size
arm-none-eabi-size pacman.elf  |tee "pacman.elf.size"
   text	   data	    bss	    dec	    hex	filename
  80968	   2964	  23728	 107660	  1a48c	pacman.elf
Finished building: pacman.elf.size
 
14:22:21 **** Auto Build of configuration Debug for project pacman ****
make pre-build main-build 
a9-linaro-pre-build-step
 
Building file: ../src/sources/led_matrix.c
Invoking: ARM v7 gcc compiler
arm-none-eabi-gcc -Wall -O0 -g3 -c -fmessage-length=0 -MT"src/sources/led_matrix.o" -mcpu=cortex-a9 -mfpu=vfpv3 -mfloat-abi=hard -I../../pacman_bsp/ps7_cortexa9_0/include -MMD -MP -MF"src/sources/led_matrix.d" -MT"src/sources/led_matrix.o" -o "src/sources/led_matrix.o" "../src/sources/led_matrix.c"
In file included from ../src/sources/../headers/led_matrix.h:15:0,
                 from ../src/sources/led_matrix.c:9:
../src/sources/../headers/types.h:25:0: warning: "FALSE" redefined
 #define FALSE 0
 
In file included from ../../pacman_bsp/ps7_cortexa9_0/include/xbram.h:136:0,
                 from ../src/sources/../headers/led_matrix.h:13,
                 from ../src/sources/led_matrix.c:9:
../../pacman_bsp/ps7_cortexa9_0/include/xil_types.h:69:0: note: this is the location of the previous definition
 #  define FALSE  0U
 
In file included from ../src/sources/../headers/led_matrix.h:15:0,
                 from ../src/sources/led_matrix.c:9:
../src/sources/../headers/types.h:26:0: warning: "TRUE" redefined
 #define TRUE 1
 
In file included from ../../pacman_bsp/ps7_cortexa9_0/include/xbram.h:136:0,
                 from ../src/sources/../headers/led_matrix.h:13,
                 from ../src/sources/led_matrix.c:9:
../../pacman_bsp/ps7_cortexa9_0/include/xil_types.h:65:0: note: this is the location of the previous definition
 #  define TRUE  1U
 
In file included from ../src/sources/../headers/entity.h:18:0,
                 from ../src/sources/../headers/led_matrix.h:16,
                 from ../src/sources/led_matrix.c:9:
../src/sources/../headers/score.h:17:12: warning: 'highscore' defined but not used [-Wunused-variable]
 static u16 highscore = 0;
            ^~~~~~~~~
../src/sources/../headers/score.h:16:12: warning: 'score' defined but not used [-Wunused-variable]
 static u16 score = 0;
            ^~~~~
In file included from ../src/sources/../headers/entity.h:17:0,
                 from ../src/sources/../headers/led_matrix.h:16,
                 from ../src/sources/led_matrix.c:9:
../src/sources/../headers/world.h:86:11: warning: 'gameOver' defined but not used [-Wunused-variable]
 static u8 gameOver[WIDTH][HEIGHT] = {
           ^~~~~~~~
Finished building: ../src/sources/led_matrix.c
 
Building file: ../src/main.c
Invoking: ARM v7 gcc compiler
arm-none-eabi-gcc -Wall -O0 -g3 -c -fmessage-length=0 -MT"src/main.o" -mcpu=cortex-a9 -mfpu=vfpv3 -mfloat-abi=hard -I../../pacman_bsp/ps7_cortexa9_0/include -MMD -MP -MF"src/main.d" -MT"src/main.o" -o "src/main.o" "../src/main.c"
In file included from ../src/headers/entity.h:16:0,
                 from ../src/main.c:14:
../src/headers/types.h:25:0: warning: "FALSE" redefined
 #define FALSE 0
 
In file included from ../../pacman_bsp/ps7_cortexa9_0/include/xil_printf.h:11:0,
                 from ../src/main.c:6:
../../pacman_bsp/ps7_cortexa9_0/include/xil_types.h:69:0: note: this is the location of the previous definition
 #  define FALSE  0U
 
In file included from ../src/headers/entity.h:16:0,
                 from ../src/main.c:14:
../src/headers/types.h:26:0: warning: "TRUE" redefined
 #define TRUE 1
 
In file included from ../../pacman_bsp/ps7_cortexa9_0/include/xil_printf.h:11:0,
                 from ../src/main.c:6:
../../pacman_bsp/ps7_cortexa9_0/include/xil_types.h:65:0: note: this is the location of the previous definition
 #  define TRUE  1U
 
../src/main.c: In function 'pacman':
../src/main.c:151:4: warning: implicit declaration of function 'usleep'; did you mean 'fseek'? [-Wimplicit-function-declaration]
    usleep(SLEEP_500ms);
    ^~~~~~
    fseek
../src/main.c:155:3: warning: implicit declaration of function 'printGameoverScreen' [-Wimplicit-function-declaration]
   printGameoverScreen();            // Print game over screen
   ^~~~~~~~~~~~~~~~~~~
In file included from ../src/main.c:19:0:
At top level:
../src/headers/led_matrix.h:22:11: warning: 'matrix' defined but not used [-Wunused-variable]
 static u8 matrix[WIDTH][HEIGHT][COLOR_COUNT];
           ^~~~~~
In file included from ../src/headers/entity.h:18:0,
                 from ../src/main.c:14:
../src/headers/score.h:17:12: warning: 'highscore' defined but not used [-Wunused-variable]
 static u16 highscore = 0;
            ^~~~~~~~~
../src/headers/score.h:16:12: warning: 'score' defined but not used [-Wunused-variable]
 static u16 score = 0;
            ^~~~~
In file included from ../src/headers/entity.h:17:0,
                 from ../src/main.c:14:
../src/headers/world.h:86:11: warning: 'gameOver' defined but not used [-Wunused-variable]
 static u8 gameOver[WIDTH][HEIGHT] = {
           ^~~~~~~~
Finished building: ../src/main.c
 
Building target: pacman.elf
Invoking: ARM v7 gcc linker
arm-none-eabi-gcc -mcpu=cortex-a9 -mfpu=vfpv3 -mfloat-abi=hard -Wl,-build-id=none -specs=Xilinx.spec -Wl,-T -Wl,../src/lscript.ld -L../../pacman_bsp/ps7_cortexa9_0/lib -o "pacman.elf"  ./src/sources/entity.o ./src/sources/food.o ./src/sources/led_matrix.o ./src/sources/score.o ./src/sources/world.o  ./src/main.o ./src/platform.o   -Wl,--start-group,-lxil,-lgcc,-lc,--end-group
Finished building target: pacman.elf
 
Invoking: ARM v7 Print Size
arm-none-eabi-size pacman.elf  |tee "pacman.elf.size"
   text	   data	    bss	    dec	    hex	filename
  80968	   2964	  23728	 107660	  1a48c	pacman.elf
Finished building: pacman.elf.size
 
14:22:24 **** Auto Build of configuration Debug for project pacman ****
make pre-build main-build 
a9-linaro-pre-build-step
 
Building file: ../src/sources/led_matrix.c
Invoking: ARM v7 gcc compiler
arm-none-eabi-gcc -Wall -O0 -g3 -c -fmessage-length=0 -MT"src/sources/led_matrix.o" -mcpu=cortex-a9 -mfpu=vfpv3 -mfloat-abi=hard -I../../pacman_bsp/ps7_cortexa9_0/include -MMD -MP -MF"src/sources/led_matrix.d" -MT"src/sources/led_matrix.o" -o "src/sources/led_matrix.o" "../src/sources/led_matrix.c"
In file included from ../src/sources/../headers/led_matrix.h:15:0,
                 from ../src/sources/led_matrix.c:9:
../src/sources/../headers/types.h:25:0: warning: "FALSE" redefined
 #define FALSE 0
 
In file included from ../../pacman_bsp/ps7_cortexa9_0/include/xbram.h:136:0,
                 from ../src/sources/../headers/led_matrix.h:13,
                 from ../src/sources/led_matrix.c:9:
../../pacman_bsp/ps7_cortexa9_0/include/xil_types.h:69:0: note: this is the location of the previous definition
 #  define FALSE  0U
 
In file included from ../src/sources/../headers/led_matrix.h:15:0,
                 from ../src/sources/led_matrix.c:9:
../src/sources/../headers/types.h:26:0: warning: "TRUE" redefined
 #define TRUE 1
 
In file included from ../../pacman_bsp/ps7_cortexa9_0/include/xbram.h:136:0,
                 from ../src/sources/../headers/led_matrix.h:13,
                 from ../src/sources/led_matrix.c:9:
../../pacman_bsp/ps7_cortexa9_0/include/xil_types.h:65:0: note: this is the location of the previous definition
 #  define TRUE  1U
 
In file included from ../src/sources/../headers/entity.h:18:0,
                 from ../src/sources/../headers/led_matrix.h:16,
                 from ../src/sources/led_matrix.c:9:
../src/sources/../headers/score.h:17:12: warning: 'highscore' defined but not used [-Wunused-variable]
 static u16 highscore = 0;
            ^~~~~~~~~
../src/sources/../headers/score.h:16:12: warning: 'score' defined but not used [-Wunused-variable]
 static u16 score = 0;
            ^~~~~
In file included from ../src/sources/../headers/entity.h:17:0,
                 from ../src/sources/../headers/led_matrix.h:16,
                 from ../src/sources/led_matrix.c:9:
../src/sources/../headers/world.h:86:11: warning: 'gameOver' defined but not used [-Wunused-variable]
 static u8 gameOver[WIDTH][HEIGHT] = {
           ^~~~~~~~
Finished building: ../src/sources/led_matrix.c
 
Building target: pacman.elf
Invoking: ARM v7 gcc linker
arm-none-eabi-gcc -mcpu=cortex-a9 -mfpu=vfpv3 -mfloat-abi=hard -Wl,-build-id=none -specs=Xilinx.spec -Wl,-T -Wl,../src/lscript.ld -L../../pacman_bsp/ps7_cortexa9_0/lib -o "pacman.elf"  ./src/sources/entity.o ./src/sources/food.o ./src/sources/led_matrix.o ./src/sources/score.o ./src/sources/world.o  ./src/main.o ./src/platform.o   -Wl,--start-group,-lxil,-lgcc,-lc,--end-group
Finished building target: pacman.elf
 
Invoking: ARM v7 Print Size
arm-none-eabi-size pacman.elf  |tee "pacman.elf.size"
   text	   data	    bss	    dec	    hex	filename
  80968	   2964	  23728	 107660	  1a48c	pacman.elf
Finished building: pacman.elf.size
 
14:22:31 **** Auto Build of configuration Debug for project pacman ****
make pre-build main-build 
a9-linaro-pre-build-step
 
Building file: ../src/sources/led_matrix.c
Invoking: ARM v7 gcc compiler
arm-none-eabi-gcc -Wall -O0 -g3 -c -fmessage-length=0 -MT"src/sources/led_matrix.o" -mcpu=cortex-a9 -mfpu=vfpv3 -mfloat-abi=hard -I../../pacman_bsp/ps7_cortexa9_0/include -MMD -MP -MF"src/sources/led_matrix.d" -MT"src/sources/led_matrix.o" -o "src/sources/led_matrix.o" "../src/sources/led_matrix.c"
In file included from ../src/sources/../headers/led_matrix.h:15:0,
                 from ../src/sources/led_matrix.c:9:
../src/sources/../headers/types.h:25:0: warning: "FALSE" redefined
 #define FALSE 0
 
In file included from ../../pacman_bsp/ps7_cortexa9_0/include/xbram.h:136:0,
                 from ../src/sources/../headers/led_matrix.h:13,
                 from ../src/sources/led_matrix.c:9:
../../pacman_bsp/ps7_cortexa9_0/include/xil_types.h:69:0: note: this is the location of the previous definition
 #  define FALSE  0U
 
In file included from ../src/sources/../headers/led_matrix.h:15:0,
                 from ../src/sources/led_matrix.c:9:
../src/sources/../headers/types.h:26:0: warning: "TRUE" redefined
 #define TRUE 1
 
In file included from ../../pacman_bsp/ps7_cortexa9_0/include/xbram.h:136:0,
                 from ../src/sources/../headers/led_matrix.h:13,
                 from ../src/sources/led_matrix.c:9:
../../pacman_bsp/ps7_cortexa9_0/include/xil_types.h:65:0: note: this is the location of the previous definition
 #  define TRUE  1U
 
In file included from ../src/sources/../headers/entity.h:18:0,
                 from ../src/sources/../headers/led_matrix.h:16,
                 from ../src/sources/led_matrix.c:9:
../src/sources/../headers/score.h:17:12: warning: 'highscore' defined but not used [-Wunused-variable]
 static u16 highscore = 0;
            ^~~~~~~~~
../src/sources/../headers/score.h:16:12: warning: 'score' defined but not used [-Wunused-variable]
 static u16 score = 0;
            ^~~~~
In file included from ../src/sources/../headers/entity.h:17:0,
                 from ../src/sources/../headers/led_matrix.h:16,
                 from ../src/sources/led_matrix.c:9:
../src/sources/../headers/world.h:86:11: warning: 'gameOver' defined but not used [-Wunused-variable]
 static u8 gameOver[WIDTH][HEIGHT] = {
           ^~~~~~~~
Finished building: ../src/sources/led_matrix.c
 
Building target: pacman.elf
Invoking: ARM v7 gcc linker
arm-none-eabi-gcc -mcpu=cortex-a9 -mfpu=vfpv3 -mfloat-abi=hard -Wl,-build-id=none -specs=Xilinx.spec -Wl,-T -Wl,../src/lscript.ld -L../../pacman_bsp/ps7_cortexa9_0/lib -o "pacman.elf"  ./src/sources/entity.o ./src/sources/food.o ./src/sources/led_matrix.o ./src/sources/score.o ./src/sources/world.o  ./src/main.o ./src/platform.o   -Wl,--start-group,-lxil,-lgcc,-lc,--end-group
Finished building target: pacman.elf
 
Invoking: ARM v7 Print Size
arm-none-eabi-size pacman.elf  |tee "pacman.elf.size"
   text	   data	    bss	    dec	    hex	filename
  80968	   2964	  23728	 107660	  1a48c	pacman.elf
Finished building: pacman.elf.size
 
14:22:42 **** Auto Build of configuration Debug for project pacman ****
make pre-build main-build 
a9-linaro-pre-build-step
 
Building file: ../src/sources/led_matrix.c
Invoking: ARM v7 gcc compiler
arm-none-eabi-gcc -Wall -O0 -g3 -c -fmessage-length=0 -MT"src/sources/led_matrix.o" -mcpu=cortex-a9 -mfpu=vfpv3 -mfloat-abi=hard -I../../pacman_bsp/ps7_cortexa9_0/include -MMD -MP -MF"src/sources/led_matrix.d" -MT"src/sources/led_matrix.o" -o "src/sources/led_matrix.o" "../src/sources/led_matrix.c"
In file included from ../src/sources/../headers/led_matrix.h:15:0,
                 from ../src/sources/led_matrix.c:9:
../src/sources/../headers/types.h:25:0: warning: "FALSE" redefined
 #define FALSE 0
 
In file included from ../../pacman_bsp/ps7_cortexa9_0/include/xbram.h:136:0,
                 from ../src/sources/../headers/led_matrix.h:13,
                 from ../src/sources/led_matrix.c:9:
../../pacman_bsp/ps7_cortexa9_0/include/xil_types.h:69:0: note: this is the location of the previous definition
 #  define FALSE  0U
 
In file included from ../src/sources/../headers/led_matrix.h:15:0,
                 from ../src/sources/led_matrix.c:9:
../src/sources/../headers/types.h:26:0: warning: "TRUE" redefined
 #define TRUE 1
 
In file included from ../../pacman_bsp/ps7_cortexa9_0/include/xbram.h:136:0,
                 from ../src/sources/../headers/led_matrix.h:13,
                 from ../src/sources/led_matrix.c:9:
../../pacman_bsp/ps7_cortexa9_0/include/xil_types.h:65:0: note: this is the location of the previous definition
 #  define TRUE  1U
 
In file included from ../src/sources/../headers/entity.h:18:0,
                 from ../src/sources/../headers/led_matrix.h:16,
                 from ../src/sources/led_matrix.c:9:
../src/sources/../headers/score.h:17:12: warning: 'highscore' defined but not used [-Wunused-variable]
 static u16 highscore = 0;
            ^~~~~~~~~
../src/sources/../headers/score.h:16:12: warning: 'score' defined but not used [-Wunused-variable]
 static u16 score = 0;
            ^~~~~
In file included from ../src/sources/../headers/entity.h:17:0,
                 from ../src/sources/../headers/led_matrix.h:16,
                 from ../src/sources/led_matrix.c:9:
../src/sources/../headers/world.h:86:11: warning: 'gameOver' defined but not used [-Wunused-variable]
 static u8 gameOver[WIDTH][HEIGHT] = {
           ^~~~~~~~
Finished building: ../src/sources/led_matrix.c
 
Building target: pacman.elf
Invoking: ARM v7 gcc linker
arm-none-eabi-gcc -mcpu=cortex-a9 -mfpu=vfpv3 -mfloat-abi=hard -Wl,-build-id=none -specs=Xilinx.spec -Wl,-T -Wl,../src/lscript.ld -L../../pacman_bsp/ps7_cortexa9_0/lib -o "pacman.elf"  ./src/sources/entity.o ./src/sources/food.o ./src/sources/led_matrix.o ./src/sources/score.o ./src/sources/world.o  ./src/main.o ./src/platform.o   -Wl,--start-group,-lxil,-lgcc,-lc,--end-group
Finished building target: pacman.elf
 
Invoking: ARM v7 Print Size
arm-none-eabi-size pacman.elf  |tee "pacman.elf.size"
   text	   data	    bss	    dec	    hex	filename
  80968	   2964	  23728	 107660	  1a48c	pacman.elf
Finished building: pacman.elf.size
 
14:23:00 **** Auto Build of configuration Debug for project pacman ****
make pre-build main-build 
a9-linaro-pre-build-step
 
Building file: ../src/sources/world.c
Invoking: ARM v7 gcc compiler
arm-none-eabi-gcc -Wall -O0 -g3 -c -fmessage-length=0 -MT"src/sources/world.o" -mcpu=cortex-a9 -mfpu=vfpv3 -mfloat-abi=hard -I../../pacman_bsp/ps7_cortexa9_0/include -MMD -MP -MF"src/sources/world.d" -MT"src/sources/world.o" -o "src/sources/world.o" "../src/sources/world.c"
Finished building: ../src/sources/world.c
 
Building target: pacman.elf
Invoking: ARM v7 gcc linker
arm-none-eabi-gcc -mcpu=cortex-a9 -mfpu=vfpv3 -mfloat-abi=hard -Wl,-build-id=none -specs=Xilinx.spec -Wl,-T -Wl,../src/lscript.ld -L../../pacman_bsp/ps7_cortexa9_0/lib -o "pacman.elf"  ./src/sources/entity.o ./src/sources/food.o ./src/sources/led_matrix.o ./src/sources/score.o ./src/sources/world.o  ./src/main.o ./src/platform.o   -Wl,--start-group,-lxil,-lgcc,-lc,--end-group
Finished building target: pacman.elf
 
Invoking: ARM v7 Print Size
arm-none-eabi-size pacman.elf  |tee "pacman.elf.size"
   text	   data	    bss	    dec	    hex	filename
  80968	   2964	  23728	 107660	  1a48c	pacman.elf
Finished building: pacman.elf.size
 
14:24:17 **** Auto Build of configuration Debug for project pacman ****
make pre-build main-build 
a9-linaro-pre-build-step
 
Building file: ../src/main.c
Invoking: ARM v7 gcc compiler
arm-none-eabi-gcc -Wall -O0 -g3 -c -fmessage-length=0 -MT"src/main.o" -mcpu=cortex-a9 -mfpu=vfpv3 -mfloat-abi=hard -I../../pacman_bsp/ps7_cortexa9_0/include -MMD -MP -MF"src/main.d" -MT"src/main.o" -o "src/main.o" "../src/main.c"
In file included from ../src/headers/entity.h:16:0,
                 from ../src/main.c:14:
../src/headers/types.h:25:0: warning: "FALSE" redefined
 #define FALSE 0
 
In file included from ../../pacman_bsp/ps7_cortexa9_0/include/xil_printf.h:11:0,
                 from ../src/main.c:6:
../../pacman_bsp/ps7_cortexa9_0/include/xil_types.h:69:0: note: this is the location of the previous definition
 #  define FALSE  0U
 
In file included from ../src/headers/entity.h:16:0,
                 from ../src/main.c:14:
../src/headers/types.h:26:0: warning: "TRUE" redefined
 #define TRUE 1
 
In file included from ../../pacman_bsp/ps7_cortexa9_0/include/xil_printf.h:11:0,
                 from ../src/main.c:6:
../../pacman_bsp/ps7_cortexa9_0/include/xil_types.h:65:0: note: this is the location of the previous definition
 #  define TRUE  1U
 
../src/main.c: In function 'pacman':
../src/main.c:151:4: warning: implicit declaration of function 'usleep'; did you mean 'fseek'? [-Wimplicit-function-declaration]
    usleep(SLEEP_500ms);
    ^~~~~~
    fseek
../src/main.c:155:3: warning: implicit declaration of function 'printGameoverScreen' [-Wimplicit-function-declaration]
   printGameoverScreen();            // Print game over screen
   ^~~~~~~~~~~~~~~~~~~
In file included from ../src/main.c:19:0:
At top level:
../src/headers/led_matrix.h:22:11: warning: 'matrix' defined but not used [-Wunused-variable]
 static u8 matrix[WIDTH][HEIGHT][COLOR_COUNT];
           ^~~~~~
In file included from ../src/headers/entity.h:18:0,
                 from ../src/main.c:14:
../src/headers/score.h:17:12: warning: 'highscore' defined but not used [-Wunused-variable]
 static u16 highscore = 0;
            ^~~~~~~~~
../src/headers/score.h:16:12: warning: 'score' defined but not used [-Wunused-variable]
 static u16 score = 0;
            ^~~~~
In file included from ../src/headers/entity.h:17:0,
                 from ../src/main.c:14:
../src/headers/world.h:86:11: warning: 'gameOver' defined but not used [-Wunused-variable]
 static u8 gameOver[WIDTH][HEIGHT] = {
           ^~~~~~~~
Finished building: ../src/main.c
 
Building target: pacman.elf
Invoking: ARM v7 gcc linker
arm-none-eabi-gcc -mcpu=cortex-a9 -mfpu=vfpv3 -mfloat-abi=hard -Wl,-build-id=none -specs=Xilinx.spec -Wl,-T -Wl,../src/lscript.ld -L../../pacman_bsp/ps7_cortexa9_0/lib -o "pacman.elf"  ./src/sources/entity.o ./src/sources/food.o ./src/sources/led_matrix.o ./src/sources/score.o ./src/sources/world.o  ./src/main.o ./src/platform.o   -Wl,--start-group,-lxil,-lgcc,-lc,--end-group
Finished building target: pacman.elf
 
Invoking: ARM v7 Print Size
arm-none-eabi-size pacman.elf  |tee "pacman.elf.size"
   text	   data	    bss	    dec	    hex	filename
  80904	   2964	  23728	 107596	  1a44c	pacman.elf
Finished building: pacman.elf.size
 
14:25:51 **** Auto Build of configuration Debug for project pacman ****
make pre-build main-build 
a9-linaro-pre-build-step
 
Building file: ../src/main.c
Invoking: ARM v7 gcc compiler
arm-none-eabi-gcc -Wall -O0 -g3 -c -fmessage-length=0 -MT"src/main.o" -mcpu=cortex-a9 -mfpu=vfpv3 -mfloat-abi=hard -I../../pacman_bsp/ps7_cortexa9_0/include -MMD -MP -MF"src/main.d" -MT"src/main.o" -o "src/main.o" "../src/main.c"
In file included from ../src/headers/entity.h:16:0,
                 from ../src/main.c:14:
../src/headers/types.h:25:0: warning: "FALSE" redefined
 #define FALSE 0
 
In file included from ../../pacman_bsp/ps7_cortexa9_0/include/xil_printf.h:11:0,
                 from ../src/main.c:6:
../../pacman_bsp/ps7_cortexa9_0/include/xil_types.h:69:0: note: this is the location of the previous definition
 #  define FALSE  0U
 
In file included from ../src/headers/entity.h:16:0,
                 from ../src/main.c:14:
../src/headers/types.h:26:0: warning: "TRUE" redefined
 #define TRUE 1
 
In file included from ../../pacman_bsp/ps7_cortexa9_0/include/xil_printf.h:11:0,
                 from ../src/main.c:6:
../../pacman_bsp/ps7_cortexa9_0/include/xil_types.h:65:0: note: this is the location of the previous definition
 #  define TRUE  1U
 
../src/main.c: In function 'pacman':
../src/main.c:152:4: warning: implicit declaration of function 'usleep'; did you mean 'fseek'? [-Wimplicit-function-declaration]
    usleep(SLEEP_500ms);
    ^~~~~~
    fseek
../src/main.c:156:3: warning: implicit declaration of function 'printGameoverScreen' [-Wimplicit-function-declaration]
   printGameoverScreen();            // Print game over screen
   ^~~~~~~~~~~~~~~~~~~
In file included from ../src/main.c:19:0:
At top level:
../src/headers/led_matrix.h:22:11: warning: 'matrix' defined but not used [-Wunused-variable]
 static u8 matrix[WIDTH][HEIGHT][COLOR_COUNT];
           ^~~~~~
In file included from ../src/headers/entity.h:18:0,
                 from ../src/main.c:14:
../src/headers/score.h:17:12: warning: 'highscore' defined but not used [-Wunused-variable]
 static u16 highscore = 0;
            ^~~~~~~~~
../src/headers/score.h:16:12: warning: 'score' defined but not used [-Wunused-variable]
 static u16 score = 0;
            ^~~~~
In file included from ../src/headers/entity.h:17:0,
                 from ../src/main.c:14:
../src/headers/world.h:86:11: warning: 'gameOver' defined but not used [-Wunused-variable]
 static u8 gameOver[WIDTH][HEIGHT] = {
           ^~~~~~~~
Finished building: ../src/main.c
 
Building target: pacman.elf
Invoking: ARM v7 gcc linker
arm-none-eabi-gcc -mcpu=cortex-a9 -mfpu=vfpv3 -mfloat-abi=hard -Wl,-build-id=none -specs=Xilinx.spec -Wl,-T -Wl,../src/lscript.ld -L../../pacman_bsp/ps7_cortexa9_0/lib -o "pacman.elf"  ./src/sources/entity.o ./src/sources/food.o ./src/sources/led_matrix.o ./src/sources/score.o ./src/sources/world.o  ./src/main.o ./src/platform.o   -Wl,--start-group,-lxil,-lgcc,-lc,--end-group
Finished building target: pacman.elf
 
Invoking: ARM v7 Print Size
arm-none-eabi-size pacman.elf  |tee "pacman.elf.size"
   text	   data	    bss	    dec	    hex	filename
  80968	   2964	  23728	 107660	  1a48c	pacman.elf
Finished building: pacman.elf.size
 
14:25:58 **** Auto Build of configuration Debug for project pacman ****
make pre-build main-build 
a9-linaro-pre-build-step
 
Building file: ../src/main.c
Invoking: ARM v7 gcc compiler
arm-none-eabi-gcc -Wall -O0 -g3 -c -fmessage-length=0 -MT"src/main.o" -mcpu=cortex-a9 -mfpu=vfpv3 -mfloat-abi=hard -I../../pacman_bsp/ps7_cortexa9_0/include -MMD -MP -MF"src/main.d" -MT"src/main.o" -o "src/main.o" "../src/main.c"
In file included from ../src/headers/entity.h:16:0,
                 from ../src/main.c:14:
../src/headers/types.h:25:0: warning: "FALSE" redefined
 #define FALSE 0
 
In file included from ../../pacman_bsp/ps7_cortexa9_0/include/xil_printf.h:11:0,
                 from ../src/main.c:6:
../../pacman_bsp/ps7_cortexa9_0/include/xil_types.h:69:0: note: this is the location of the previous definition
 #  define FALSE  0U
 
In file included from ../src/headers/entity.h:16:0,
                 from ../src/main.c:14:
../src/headers/types.h:26:0: warning: "TRUE" redefined
 #define TRUE 1
 
In file included from ../../pacman_bsp/ps7_cortexa9_0/include/xil_printf.h:11:0,
                 from ../src/main.c:6:
../../pacman_bsp/ps7_cortexa9_0/include/xil_types.h:65:0: note: this is the location of the previous definition
 #  define TRUE  1U
 
../src/main.c: In function 'pacman':
../src/main.c:152:4: warning: implicit declaration of function 'usleep'; did you mean 'fseek'? [-Wimplicit-function-declaration]
    usleep(SLEEP_500ms);
    ^~~~~~
    fseek
../src/main.c:156:3: warning: implicit declaration of function 'printGameoverScreen' [-Wimplicit-function-declaration]
   printGameoverScreen();            // Print game over screen
   ^~~~~~~~~~~~~~~~~~~
In file included from ../src/main.c:19:0:
At top level:
../src/headers/led_matrix.h:22:11: warning: 'matrix' defined but not used [-Wunused-variable]
 static u8 matrix[WIDTH][HEIGHT][COLOR_COUNT];
           ^~~~~~
In file included from ../src/headers/entity.h:18:0,
                 from ../src/main.c:14:
../src/headers/score.h:17:12: warning: 'highscore' defined but not used [-Wunused-variable]
 static u16 highscore = 0;
            ^~~~~~~~~
../src/headers/score.h:16:12: warning: 'score' defined but not used [-Wunused-variable]
 static u16 score = 0;
            ^~~~~
In file included from ../src/headers/entity.h:17:0,
                 from ../src/main.c:14:
../src/headers/world.h:86:11: warning: 'gameOver' defined but not used [-Wunused-variable]
 static u8 gameOver[WIDTH][HEIGHT] = {
           ^~~~~~~~
Finished building: ../src/main.c
 
Building target: pacman.elf
Invoking: ARM v7 gcc linker
arm-none-eabi-gcc -mcpu=cortex-a9 -mfpu=vfpv3 -mfloat-abi=hard -Wl,-build-id=none -specs=Xilinx.spec -Wl,-T -Wl,../src/lscript.ld -L../../pacman_bsp/ps7_cortexa9_0/lib -o "pacman.elf"  ./src/sources/entity.o ./src/sources/food.o ./src/sources/led_matrix.o ./src/sources/score.o ./src/sources/world.o  ./src/main.o ./src/platform.o   -Wl,--start-group,-lxil,-lgcc,-lc,--end-group
Finished building target: pacman.elf
 
Invoking: ARM v7 Print Size
arm-none-eabi-size pacman.elf  |tee "pacman.elf.size"
   text	   data	    bss	    dec	    hex	filename
  80904	   2964	  23728	 107596	  1a44c	pacman.elf
Finished building: pacman.elf.size
 
14:26:00 **** Incremental Build of configuration Debug for project pacman ****
make pre-build main-build 
a9-linaro-pre-build-step
 
make: Nothing to be done for 'main-build'.
14:26:28 **** Incremental Build of configuration Debug for project pacman ****
make pre-build main-build 
a9-linaro-pre-build-step
 
Building file: ../src/main.c
Invoking: ARM v7 gcc compiler
arm-none-eabi-gcc -Wall -O0 -g3 -c -fmessage-length=0 -MT"src/main.o" -mcpu=cortex-a9 -mfpu=vfpv3 -mfloat-abi=hard -I../../pacman_bsp/ps7_cortexa9_0/include -MMD -MP -MF"src/main.d" -MT"src/main.o" -o "src/main.o" "../src/main.c"
In file included from ../src/headers/entity.h:16:0,
                 from ../src/main.c:14:
../src/headers/types.h:25:0: warning: "FALSE" redefined
 #define FALSE 0
 
In file included from ../../pacman_bsp/ps7_cortexa9_0/include/xil_printf.h:11:0,
                 from ../src/main.c:6:
../../pacman_bsp/ps7_cortexa9_0/include/xil_types.h:69:0: note: this is the location of the previous definition
 #  define FALSE  0U
 
In file included from ../src/headers/entity.h:16:0,
                 from ../src/main.c:14:
../src/headers/types.h:26:0: warning: "TRUE" redefined
 #define TRUE 1
 
In file included from ../../pacman_bsp/ps7_cortexa9_0/include/xil_printf.h:11:0,
                 from ../src/main.c:6:
../../pacman_bsp/ps7_cortexa9_0/include/xil_types.h:65:0: note: this is the location of the previous definition
 #  define TRUE  1U
 
../src/main.c: In function 'pacman':
../src/main.c:152:4: warning: implicit declaration of function 'usleep'; did you mean 'fseek'? [-Wimplicit-function-declaration]
    usleep(SLEEP_500ms);
    ^~~~~~
    fseek
../src/main.c:156:3: warning: implicit declaration of function 'printGameoverScreen' [-Wimplicit-function-declaration]
   printGameoverScreen();            // Print game over screen
   ^~~~~~~~~~~~~~~~~~~
In file included from ../src/main.c:19:0:
At top level:
../src/headers/led_matrix.h:22:11: warning: 'matrix' defined but not used [-Wunused-variable]
 static u8 matrix[WIDTH][HEIGHT][COLOR_COUNT];
           ^~~~~~
In file included from ../src/headers/entity.h:18:0,
                 from ../src/main.c:14:
../src/headers/score.h:17:12: warning: 'highscore' defined but not used [-Wunused-variable]
 static u16 highscore = 0;
            ^~~~~~~~~
../src/headers/score.h:16:12: warning: 'score' defined but not used [-Wunused-variable]
 static u16 score = 0;
            ^~~~~
In file included from ../src/headers/entity.h:17:0,
                 from ../src/main.c:14:
../src/headers/world.h:86:11: warning: 'gameOver' defined but not used [-Wunused-variable]
 static u8 gameOver[WIDTH][HEIGHT] = {
           ^~~~~~~~
Finished building: ../src/main.c
 
Building target: pacman.elf
Invoking: ARM v7 gcc linker
arm-none-eabi-gcc -mcpu=cortex-a9 -mfpu=vfpv3 -mfloat-abi=hard -Wl,-build-id=none -specs=Xilinx.spec -Wl,-T -Wl,../src/lscript.ld -L../../pacman_bsp/ps7_cortexa9_0/lib -o "pacman.elf"  ./src/sources/entity.o ./src/sources/food.o ./src/sources/led_matrix.o ./src/sources/score.o ./src/sources/world.o  ./src/main.o ./src/platform.o   -Wl,--start-group,-lxil,-lgcc,-lc,--end-group
Finished building target: pacman.elf
 
Invoking: ARM v7 Print Size
arm-none-eabi-size pacman.elf  |tee "pacman.elf.size"
   text	   data	    bss	    dec	    hex	filename
  80840	   2964	  23728	 107532	  1a40c	pacman.elf
Finished building: pacman.elf.size
 
14:27:23 **** Auto Build of configuration Debug for project pacman ****
make pre-build main-build 
a9-linaro-pre-build-step
 
Building file: ../src/main.c
Invoking: ARM v7 gcc compiler
arm-none-eabi-gcc -Wall -O0 -g3 -c -fmessage-length=0 -MT"src/main.o" -mcpu=cortex-a9 -mfpu=vfpv3 -mfloat-abi=hard -I../../pacman_bsp/ps7_cortexa9_0/include -MMD -MP -MF"src/main.d" -MT"src/main.o" -o "src/main.o" "../src/main.c"
In file included from ../src/headers/entity.h:16:0,
                 from ../src/main.c:14:
../src/headers/types.h:25:0: warning: "FALSE" redefined
 #define FALSE 0
 
In file included from ../../pacman_bsp/ps7_cortexa9_0/include/xil_printf.h:11:0,
                 from ../src/main.c:6:
../../pacman_bsp/ps7_cortexa9_0/include/xil_types.h:69:0: note: this is the location of the previous definition
 #  define FALSE  0U
 
In file included from ../src/headers/entity.h:16:0,
                 from ../src/main.c:14:
../src/headers/types.h:26:0: warning: "TRUE" redefined
 #define TRUE 1
 
In file included from ../../pacman_bsp/ps7_cortexa9_0/include/xil_printf.h:11:0,
                 from ../src/main.c:6:
../../pacman_bsp/ps7_cortexa9_0/include/xil_types.h:65:0: note: this is the location of the previous definition
 #  define TRUE  1U
 
../src/main.c: In function 'pacman':
../src/main.c:160:4: warning: implicit declaration of function 'usleep'; did you mean 'fseek'? [-Wimplicit-function-declaration]
    usleep(SLEEP_500ms);
    ^~~~~~
    fseek
../src/main.c:164:3: warning: implicit declaration of function 'printGameoverScreen' [-Wimplicit-function-declaration]
   printGameoverScreen();            // Print game over screen
   ^~~~~~~~~~~~~~~~~~~
In file included from ../src/main.c:19:0:
At top level:
../src/headers/led_matrix.h:22:11: warning: 'matrix' defined but not used [-Wunused-variable]
 static u8 matrix[WIDTH][HEIGHT][COLOR_COUNT];
           ^~~~~~
In file included from ../src/headers/entity.h:18:0,
                 from ../src/main.c:14:
../src/headers/score.h:17:12: warning: 'highscore' defined but not used [-Wunused-variable]
 static u16 highscore = 0;
            ^~~~~~~~~
../src/headers/score.h:16:12: warning: 'score' defined but not used [-Wunused-variable]
 static u16 score = 0;
            ^~~~~
In file included from ../src/headers/entity.h:17:0,
                 from ../src/main.c:14:
../src/headers/world.h:86:11: warning: 'gameOver' defined but not used [-Wunused-variable]
 static u8 gameOver[WIDTH][HEIGHT] = {
           ^~~~~~~~
Finished building: ../src/main.c
 
Building target: pacman.elf
Invoking: ARM v7 gcc linker
arm-none-eabi-gcc -mcpu=cortex-a9 -mfpu=vfpv3 -mfloat-abi=hard -Wl,-build-id=none -specs=Xilinx.spec -Wl,-T -Wl,../src/lscript.ld -L../../pacman_bsp/ps7_cortexa9_0/lib -o "pacman.elf"  ./src/sources/entity.o ./src/sources/food.o ./src/sources/led_matrix.o ./src/sources/score.o ./src/sources/world.o  ./src/main.o ./src/platform.o   -Wl,--start-group,-lxil,-lgcc,-lc,--end-group
Finished building target: pacman.elf
 
Invoking: ARM v7 Print Size
arm-none-eabi-size pacman.elf  |tee "pacman.elf.size"
   text	   data	    bss	    dec	    hex	filename
  80840	   2964	  23728	 107532	  1a40c	pacman.elf
Finished building: pacman.elf.size
 
