14:25:21 **** Auto Build of configuration Debug for project pacman ****
make pre-build main-build 
a9-linaro-pre-build-step
 
Building file: ../src/sources/movement.c
Invoking: ARM v7 gcc compiler
arm-none-eabi-gcc -Wall -O0 -g3 -c -fmessage-length=0 -MT"src/sources/movement.o" -mcpu=cortex-a9 -mfpu=vfpv3 -mfloat-abi=hard -I../../pacman_bsp/ps7_cortexa9_0/include -MMD -MP -MF"src/sources/movement.d" -MT"src/sources/movement.o" -o "src/sources/movement.o" "../src/sources/movement.c"
../src/sources/movement.c: In function 'getMovement':
../src/sources/movement.c:22:27: warning: implicit declaration of function 'abs' [-Wimplicit-function-declaration]
  if(y < -MIN_VALUE && y < abs(x)){
                           ^~~
In file included from ../src/sources/../headers/movement.h:14:0,
                 from ../src/sources/movement.c:9:
At top level:
../src/sources/../headers/io_devices.h:32:12: warning: 'offsetY' defined but not used [-Wunused-variable]
 static u16 offsetY;
            ^~~~~~~
../src/sources/../headers/io_devices.h:31:12: warning: 'offsetX' defined but not used [-Wunused-variable]
 static u16 offsetX;
            ^~~~~~~
Finished building: ../src/sources/movement.c
 
Building target: pacman.elf
Invoking: ARM v7 gcc linker
arm-none-eabi-gcc -mcpu=cortex-a9 -mfpu=vfpv3 -mfloat-abi=hard -Wl,-build-id=none -specs=Xilinx.spec -Wl,-T -Wl,../src/lscript.ld -L../../pacman_bsp/ps7_cortexa9_0/lib -o "pacman.elf"  ./src/sources/entity.o ./src/sources/food.o ./src/sources/game.o ./src/sources/io_devices.o ./src/sources/led_matrix.o ./src/sources/movement.o ./src/sources/pacman.o ./src/sources/score.o ./src/sources/world.o  ./src/main.o ./src/platform.o   -Wl,--start-group,-lxil,-lgcc,-lc,--end-group
Finished building target: pacman.elf
 
Invoking: ARM v7 Print Size
arm-none-eabi-size pacman.elf  |tee "pacman.elf.size"
   text	   data	    bss	    dec	    hex	filename
  89292	   2780	  24160	 116232	  1c608	pacman.elf
Finished building: pacman.elf.size
 

14:25:22 Build Finished (took 360ms)

